[0.167s] Invoking command in '/home/hazbiu/ros2_ws/build/isaac_tutorials': CMAKE_PREFIX_PATH=${CMAKE_PREFIX_PATH}:/opt/ros/jazzy DEBUGINFOD_URLS=https://debuginfod.ubuntu.com /usr/bin/cmake /home/hazbiu/ros2_ws/src/IsaacSim-ros_workspaces/jazzy_ws/src/isaac_tutorials -DCMAKE_INSTALL_PREFIX=/home/hazbiu/ros2_ws/install/isaac_tutorials
[0.213s] -- The C compiler identification is GNU 13.3.0
[0.256s] -- The CXX compiler identification is GNU 13.3.0
[0.271s] -- Detecting C compiler ABI info
[0.344s] -- Detecting C compiler ABI info - done
[0.353s] -- Check for working C compiler: /usr/bin/cc - skipped
[0.353s] -- Detecting C compile features
[0.353s] -- Detecting C compile features - done
[0.360s] -- Detecting CXX compiler ABI info
[0.445s] -- Detecting CXX compiler ABI info - done
[0.455s] -- Check for working CXX compiler: /usr/bin/c++ - skipped
[0.455s] -- Detecting CXX compile features
[0.455s] -- Detecting CXX compile features - done
[0.461s] -- Found ament_cmake: 2.5.5 (/opt/ros/jazzy/share/ament_cmake/cmake)
[0.595s] -- Found Python3: /usr/bin/python3 (found version "3.12.3") found components: Interpreter 
[0.703s] -- Found rclpy: 7.1.9 (/opt/ros/jazzy/share/rclpy/cmake)
[0.769s] -- Configuring done (0.6s)
[0.771s] -- Generating done (0.0s)
[0.775s] -- Build files have been written to: /home/hazbiu/ros2_ws/build/isaac_tutorials
[0.780s] Invoked command in '/home/hazbiu/ros2_ws/build/isaac_tutorials' returned '0': CMAKE_PREFIX_PATH=${CMAKE_PREFIX_PATH}:/opt/ros/jazzy DEBUGINFOD_URLS=https://debuginfod.ubuntu.com /usr/bin/cmake /home/hazbiu/ros2_ws/src/IsaacSim-ros_workspaces/jazzy_ws/src/isaac_tutorials -DCMAKE_INSTALL_PREFIX=/home/hazbiu/ros2_ws/install/isaac_tutorials
[0.781s] Invoking command in '/home/hazbiu/ros2_ws/build/isaac_tutorials': CMAKE_PREFIX_PATH=${CMAKE_PREFIX_PATH}:/opt/ros/jazzy DEBUGINFOD_URLS=https://debuginfod.ubuntu.com /usr/bin/cmake --build /home/hazbiu/ros2_ws/build/isaac_tutorials -- -j24 -l24
[0.813s] Invoked command in '/home/hazbiu/ros2_ws/build/isaac_tutorials' returned '0': CMAKE_PREFIX_PATH=${CMAKE_PREFIX_PATH}:/opt/ros/jazzy DEBUGINFOD_URLS=https://debuginfod.ubuntu.com /usr/bin/cmake --build /home/hazbiu/ros2_ws/build/isaac_tutorials -- -j24 -l24
[0.814s] Invoking command in '/home/hazbiu/ros2_ws/build/isaac_tutorials': CMAKE_PREFIX_PATH=${CMAKE_PREFIX_PATH}:/opt/ros/jazzy DEBUGINFOD_URLS=https://debuginfod.ubuntu.com /usr/bin/cmake --install /home/hazbiu/ros2_ws/build/isaac_tutorials
[0.821s] -- Install configuration: ""
[0.821s] -- Installing: /home/hazbiu/ros2_ws/install/isaac_tutorials/share/isaac_tutorials/rviz2
[0.821s] -- Installing: /home/hazbiu/ros2_ws/install/isaac_tutorials/share/isaac_tutorials/rviz2/turtle_stereo.rviz
[0.821s] -- Installing: /home/hazbiu/ros2_ws/install/isaac_tutorials/share/isaac_tutorials/rviz2/camera_manual.rviz
[0.822s] -- Installing: /home/hazbiu/ros2_ws/install/isaac_tutorials/share/isaac_tutorials/rviz2/rtx_lidar.rviz
[0.822s] -- Installing: /home/hazbiu/ros2_ws/install/isaac_tutorials/share/isaac_tutorials/rviz2/carter_stereo.rviz
[0.822s] -- Installing: /home/hazbiu/ros2_ws/install/isaac_tutorials/share/isaac_tutorials/rviz2/camera_lidar.rviz
[0.822s] -- Installing: /home/hazbiu/ros2_ws/install/isaac_tutorials/share/isaac_tutorials/scripts
[0.822s] -- Installing: /home/hazbiu/ros2_ws/install/isaac_tutorials/share/isaac_tutorials/scripts/ros2_publisher_multi_mode.py
[0.823s] -- Installing: /home/hazbiu/ros2_ws/install/isaac_tutorials/share/isaac_tutorials/scripts/ros2_publisher.py
[0.823s] -- Installing: /home/hazbiu/ros2_ws/install/isaac_tutorials/share/isaac_tutorials/scripts/ros2_object_id_subscriber.py
[0.823s] -- Installing: /home/hazbiu/ros2_ws/install/isaac_tutorials/share/isaac_tutorials/scripts/ros2_publisher_test.py
[0.823s] -- Installing: /home/hazbiu/ros2_ws/install/isaac_tutorials/share/isaac_tutorials/scripts/ros2_ackermann_publisher.py
[0.823s] -- Installing: /home/hazbiu/ros2_ws/install/isaac_tutorials/lib/isaac_tutorials/ros2_publisher.py
[0.823s] -- Installing: /home/hazbiu/ros2_ws/install/isaac_tutorials/lib/isaac_tutorials/ros2_ackermann_publisher.py
[0.823s] -- Installing: /home/hazbiu/ros2_ws/install/isaac_tutorials/lib/isaac_tutorials/ros2_object_id_subscriber.py
[0.824s] -- Installing: /home/hazbiu/ros2_ws/install/isaac_tutorials/share/ament_index/resource_index/package_run_dependencies/isaac_tutorials
[0.824s] -- Installing: /home/hazbiu/ros2_ws/install/isaac_tutorials/share/ament_index/resource_index/parent_prefix_path/isaac_tutorials
[0.824s] -- Installing: /home/hazbiu/ros2_ws/install/isaac_tutorials/share/isaac_tutorials/environment/ament_prefix_path.sh
[0.824s] -- Installing: /home/hazbiu/ros2_ws/install/isaac_tutorials/share/isaac_tutorials/environment/ament_prefix_path.dsv
[0.824s] -- Installing: /home/hazbiu/ros2_ws/install/isaac_tutorials/share/isaac_tutorials/environment/path.sh
[0.824s] -- Installing: /home/hazbiu/ros2_ws/install/isaac_tutorials/share/isaac_tutorials/environment/path.dsv
[0.824s] -- Installing: /home/hazbiu/ros2_ws/install/isaac_tutorials/share/isaac_tutorials/local_setup.bash
[0.824s] -- Installing: /home/hazbiu/ros2_ws/install/isaac_tutorials/share/isaac_tutorials/local_setup.sh
[0.824s] -- Installing: /home/hazbiu/ros2_ws/install/isaac_tutorials/share/isaac_tutorials/local_setup.zsh
[0.824s] -- Installing: /home/hazbiu/ros2_ws/install/isaac_tutorials/share/isaac_tutorials/local_setup.dsv
[0.824s] -- Installing: /home/hazbiu/ros2_ws/install/isaac_tutorials/share/isaac_tutorials/package.dsv
[0.824s] -- Installing: /home/hazbiu/ros2_ws/install/isaac_tutorials/share/ament_index/resource_index/packages/isaac_tutorials
[0.824s] -- Installing: /home/hazbiu/ros2_ws/install/isaac_tutorials/share/isaac_tutorials/cmake/isaac_tutorialsConfig.cmake
[0.824s] -- Installing: /home/hazbiu/ros2_ws/install/isaac_tutorials/share/isaac_tutorials/cmake/isaac_tutorialsConfig-version.cmake
[0.825s] -- Installing: /home/hazbiu/ros2_ws/install/isaac_tutorials/share/isaac_tutorials/package.xml
[0.840s] Invoked command in '/home/hazbiu/ros2_ws/build/isaac_tutorials' returned '0': CMAKE_PREFIX_PATH=${CMAKE_PREFIX_PATH}:/opt/ros/jazzy DEBUGINFOD_URLS=https://debuginfod.ubuntu.com /usr/bin/cmake --install /home/hazbiu/ros2_ws/build/isaac_tutorials
