[0.028s] Invoking command in '/home/hazbiu/ros2_ws/build/custom_message': CMAKE_PREFIX_PATH=${CMAKE_PREFIX_PATH}:/opt/ros/jazzy DEBUGINFOD_URLS=https://debuginfod.ubuntu.com /usr/bin/cmake /home/hazbiu/ros2_ws/src/IsaacSim-ros_workspaces/jazzy_ws/src/custom_message -DCMAKE_INSTALL_PREFIX=/home/hazbiu/ros2_ws/install/custom_message
[0.186s] -- The C compiler identification is GNU 13.3.0
[0.186s] -- The CXX compiler identification is GNU 13.3.0
[0.186s] -- Detecting C compiler ABI info
[0.194s] -- Detecting C compiler ABI info - done
[0.203s] -- Check for working C compiler: /usr/bin/cc - skipped
[0.203s] -- Detecting C compile features
[0.204s] -- Detecting C compile features - done
[0.211s] -- Detecting CXX compiler ABI info
[0.302s] -- Detecting CXX compiler ABI info - done
[0.307s] -- Check for working CXX compiler: /usr/bin/c++ - skipped
[0.307s] -- Detecting CXX compile features
[0.308s] -- Detecting CXX compile features - done
[0.311s] -- Found ament_cmake: 2.5.5 (/opt/ros/jazzy/share/ament_cmake/cmake)
[0.438s] -- Found Python3: /usr/bin/python3 (found version "3.12.3") found components: Interpreter 
[0.555s] -- Found std_msgs: 5.3.6 (/opt/ros/jazzy/share/std_msgs/cmake)
[0.606s] -- Found rosidl_generator_c: 4.6.7 (/opt/ros/jazzy/share/rosidl_generator_c/cmake)
[0.622s] -- Found rosidl_generator_cpp: 4.6.7 (/opt/ros/jazzy/share/rosidl_generator_cpp/cmake)
[0.638s] -- Using all available rosidl_typesupport_c: rosidl_typesupport_fastrtps_c;rosidl_typesupport_introspection_c
[0.658s] -- Using all available rosidl_typesupport_cpp: rosidl_typesupport_fastrtps_cpp;rosidl_typesupport_introspection_cpp
[0.697s] -- Found rosidl_default_generators: 1.6.0 (/opt/ros/jazzy/share/rosidl_default_generators/cmake)
[0.713s] -- Found rosidl_adapter: 4.6.7 (/opt/ros/jazzy/share/rosidl_adapter/cmake)
[1.133s] -- Found ament_cmake_ros: 0.12.0 (/opt/ros/jazzy/share/ament_cmake_ros/cmake)
[1.656s] -- Using all available rosidl_typesupport_c: rosidl_typesupport_fastrtps_c;rosidl_typesupport_introspection_c
[1.861s] -- Using all available rosidl_typesupport_cpp: rosidl_typesupport_fastrtps_cpp;rosidl_typesupport_introspection_cpp
[1.864s] -- Found python_cmake_module: 0.11.1 (/opt/ros/jazzy/share/python_cmake_module/cmake)
[1.961s] -- Found PythonExtra: /usr/bin/python3  
[2.245s] -- Found Python3: /usr/bin/python3 (found version "3.12.3") found components: Interpreter Development NumPy Development.Module Development.Embed 
[2.278s] -- Found ament_lint_auto: 0.17.4 (/opt/ros/jazzy/share/ament_lint_auto/cmake)
[2.308s] -- Added test 'copyright' to check source files copyright and LICENSE
[2.309s] -- Added test 'lint_cmake' to check CMake code style
[2.310s] -- Added test 'xmllint' to check XML markup files
[2.312s] -- Configuring done (2.3s)
[2.333s] -- Generating done (0.0s)
[2.340s] -- Build files have been written to: /home/hazbiu/ros2_ws/build/custom_message
[2.347s] Invoked command in '/home/hazbiu/ros2_ws/build/custom_message' returned '0': CMAKE_PREFIX_PATH=${CMAKE_PREFIX_PATH}:/opt/ros/jazzy DEBUGINFOD_URLS=https://debuginfod.ubuntu.com /usr/bin/cmake /home/hazbiu/ros2_ws/src/IsaacSim-ros_workspaces/jazzy_ws/src/custom_message -DCMAKE_INSTALL_PREFIX=/home/hazbiu/ros2_ws/install/custom_message
[2.348s] Invoking command in '/home/hazbiu/ros2_ws/build/custom_message': CMAKE_PREFIX_PATH=${CMAKE_PREFIX_PATH}:/opt/ros/jazzy DEBUGINFOD_URLS=https://debuginfod.ubuntu.com /usr/bin/cmake --build /home/hazbiu/ros2_ws/build/custom_message -- -j24 -l24
[2.390s] [  2%] [34m[1mGenerating type hashes for ROS interfaces[0m
[2.398s] [  2%] Built target ament_cmake_python_copy_custom_message
[2.498s] [  2%] Built target custom_message__rosidl_generator_type_description
[2.508s] [  5%] [34m[1mGenerating C code for ROS interfaces[0m
[2.516s] [  8%] [34m[1mGenerating C++ code for ROS interfaces[0m
[2.525s] running egg_info
[2.526s] creating custom_message.egg-info
[2.537s] writing custom_message.egg-info/PKG-INFO
[2.537s] writing dependency_links to custom_message.egg-info/dependency_links.txt
[2.537s] writing top-level names to custom_message.egg-info/top_level.txt
[2.538s] writing manifest file 'custom_message.egg-info/SOURCES.txt'
[2.571s] reading manifest file 'custom_message.egg-info/SOURCES.txt'
[2.571s] writing manifest file 'custom_message.egg-info/SOURCES.txt'
[2.591s] [  8%] Built target ament_cmake_python_build_custom_message_egg
[2.662s] [  8%] Built target custom_message__cpp
[2.669s] [ 11%] [32mBuilding C object CMakeFiles/custom_message__rosidl_generator_c.dir/rosidl_generator_c/custom_message/msg/detail/sample_msg__description.c.o[0m
[2.669s] [ 14%] [32mBuilding C object CMakeFiles/custom_message__rosidl_generator_c.dir/rosidl_generator_c/custom_message/msg/detail/sample_msg__functions.c.o[0m
[2.669s] [ 17%] [32mBuilding C object CMakeFiles/custom_message__rosidl_generator_c.dir/rosidl_generator_c/custom_message/msg/detail/sample_msg__type_support.c.o[0m
[2.705s] [ 20%] [32m[1mLinking C shared library libcustom_message__rosidl_generator_c.so[0m
[2.736s] [ 20%] Built target custom_message__rosidl_generator_c
[2.744s] [ 32%] [34m[1mGenerating C type support for eProsima Fast-RTPS[0m
[2.744s] [ 32%] [34m[1mGenerating C introspection for ROS interfaces[0m
[2.744s] [ 32%] [34m[1mGenerating C++ type support dispatch for ROS interfaces[0m
[2.744s] [ 32%] [34m[1mGenerating C++ type support for eProsima Fast-RTPS[0m
[2.744s] [ 35%] [34m[1mGenerating C type support dispatch for ROS interfaces[0m
[2.745s] [ 38%] [34m[1mGenerating C++ introspection for ROS interfaces[0m
[2.887s] [ 41%] [32mBuilding CXX object CMakeFiles/custom_message__rosidl_typesupport_c.dir/rosidl_typesupport_c/custom_message/msg/sample_msg__type_support.cpp.o[0m
[2.888s] [ 44%] [32mBuilding CXX object CMakeFiles/custom_message__rosidl_typesupport_cpp.dir/rosidl_typesupport_cpp/custom_message/msg/sample_msg__type_support.cpp.o[0m
[2.895s] [ 47%] [32mBuilding C object CMakeFiles/custom_message__rosidl_typesupport_introspection_c.dir/rosidl_typesupport_introspection_c/custom_message/msg/detail/sample_msg__type_support.c.o[0m
[2.896s] [ 50%] [32mBuilding CXX object CMakeFiles/custom_message__rosidl_typesupport_introspection_cpp.dir/rosidl_typesupport_introspection_cpp/custom_message/msg/detail/sample_msg__type_support.cpp.o[0m
[2.909s] [ 52%] [32mBuilding CXX object CMakeFiles/custom_message__rosidl_typesupport_fastrtps_cpp.dir/rosidl_typesupport_fastrtps_cpp/custom_message/msg/detail/dds_fastrtps/sample_msg__type_support.cpp.o[0m
[2.911s] [ 55%] [32mBuilding CXX object CMakeFiles/custom_message__rosidl_typesupport_fastrtps_c.dir/rosidl_typesupport_fastrtps_c/custom_message/msg/detail/sample_msg__type_support_c.cpp.o[0m
[2.920s] [ 58%] [32m[1mLinking CXX shared library libcustom_message__rosidl_typesupport_c.so[0m
[2.923s] [ 61%] [32m[1mLinking C shared library libcustom_message__rosidl_typesupport_introspection_c.so[0m
[2.952s] [ 61%] Built target custom_message__rosidl_typesupport_introspection_c
[2.952s] [ 61%] Built target custom_message__rosidl_typesupport_c
[3.074s] [ 64%] [32m[1mLinking CXX shared library libcustom_message__rosidl_typesupport_cpp.so[0m
[3.083s] [ 67%] [32m[1mLinking CXX shared library libcustom_message__rosidl_typesupport_introspection_cpp.so[0m
[3.109s] [ 67%] Built target custom_message__rosidl_typesupport_cpp
[3.129s] [ 67%] Built target custom_message__rosidl_typesupport_introspection_cpp
[3.174s] [ 70%] [32m[1mLinking CXX shared library libcustom_message__rosidl_typesupport_fastrtps_cpp.so[0m
[3.174s] [ 73%] [32m[1mLinking CXX shared library libcustom_message__rosidl_typesupport_fastrtps_c.so[0m
[3.210s] [ 73%] Built target custom_message__rosidl_typesupport_fastrtps_cpp
[3.210s] [ 73%] Built target custom_message__rosidl_typesupport_fastrtps_c
[3.228s] [ 73%] Built target custom_message
[3.245s] [ 76%] [34m[1mGenerating Python code for ROS interfaces[0m
[3.412s] [ 76%] Built target custom_message__py
[3.436s] [ 79%] [32mBuilding C object CMakeFiles/custom_message__rosidl_generator_py.dir/rosidl_generator_py/custom_message/msg/_sample_msg_s.c.o[0m
[3.516s] [ 82%] [32m[1mLinking C shared library libcustom_message__rosidl_generator_py.so[0m
[3.551s] [ 82%] Built target custom_message__rosidl_generator_py
[3.569s] [ 88%] [32mBuilding C object CMakeFiles/custom_message_s__rosidl_typesupport_fastrtps_c.dir/rosidl_generator_py/custom_message/_custom_message_s.ep.rosidl_typesupport_fastrtps_c.c.o[0m
[3.569s] [ 88%] [32mBuilding C object CMakeFiles/custom_message_s__rosidl_typesupport_introspection_c.dir/rosidl_generator_py/custom_message/_custom_message_s.ep.rosidl_typesupport_introspection_c.c.o[0m
[3.569s] [ 91%] [32mBuilding C object CMakeFiles/custom_message_s__rosidl_typesupport_c.dir/rosidl_generator_py/custom_message/_custom_message_s.ep.rosidl_typesupport_c.c.o[0m
[3.643s] [ 97%] [32m[1mLinking C shared module rosidl_generator_py/custom_message/custom_message_s__rosidl_typesupport_c.so[0m
[3.643s] [ 97%] [32m[1mLinking C shared module rosidl_generator_py/custom_message/custom_message_s__rosidl_typesupport_introspection_c.so[0m
[3.644s] [100%] [32m[1mLinking C shared module rosidl_generator_py/custom_message/custom_message_s__rosidl_typesupport_fastrtps_c.so[0m
[3.669s] [100%] Built target custom_message_s__rosidl_typesupport_fastrtps_c
[3.671s] [100%] Built target custom_message_s__rosidl_typesupport_introspection_c
[3.671s] [100%] Built target custom_message_s__rosidl_typesupport_c
[3.682s] Invoked command in '/home/hazbiu/ros2_ws/build/custom_message' returned '0': CMAKE_PREFIX_PATH=${CMAKE_PREFIX_PATH}:/opt/ros/jazzy DEBUGINFOD_URLS=https://debuginfod.ubuntu.com /usr/bin/cmake --build /home/hazbiu/ros2_ws/build/custom_message -- -j24 -l24
[3.683s] Invoking command in '/home/hazbiu/ros2_ws/build/custom_message': CMAKE_PREFIX_PATH=${CMAKE_PREFIX_PATH}:/opt/ros/jazzy DEBUGINFOD_URLS=https://debuginfod.ubuntu.com /usr/bin/cmake --install /home/hazbiu/ros2_ws/build/custom_message
[3.690s] -- Install configuration: ""
[3.690s] -- Installing: /home/hazbiu/ros2_ws/install/custom_message/share/ament_index/resource_index/rosidl_interfaces/custom_message
[3.690s] -- Installing: /home/hazbiu/ros2_ws/install/custom_message/share/custom_message/msg/SampleMsg.json
[3.690s] -- Installing: /home/hazbiu/ros2_ws/install/custom_message/include/custom_message/custom_message
[3.690s] -- Installing: /home/hazbiu/ros2_ws/install/custom_message/include/custom_message/custom_message/msg
[3.690s] -- Installing: /home/hazbiu/ros2_ws/install/custom_message/include/custom_message/custom_message/msg/rosidl_generator_c__visibility_control.h
[3.690s] -- Installing: /home/hazbiu/ros2_ws/install/custom_message/include/custom_message/custom_message/msg/detail
[3.690s] -- Installing: /home/hazbiu/ros2_ws/install/custom_message/include/custom_message/custom_message/msg/detail/sample_msg__functions.h
[3.690s] -- Installing: /home/hazbiu/ros2_ws/install/custom_message/include/custom_message/custom_message/msg/detail/sample_msg__description.c
[3.691s] -- Installing: /home/hazbiu/ros2_ws/install/custom_message/include/custom_message/custom_message/msg/detail/sample_msg__struct.h
[3.691s] -- Installing: /home/hazbiu/ros2_ws/install/custom_message/include/custom_message/custom_message/msg/detail/sample_msg__type_support.c
[3.691s] -- Installing: /home/hazbiu/ros2_ws/install/custom_message/include/custom_message/custom_message/msg/detail/sample_msg__functions.c
[3.691s] -- Installing: /home/hazbiu/ros2_ws/install/custom_message/include/custom_message/custom_message/msg/detail/sample_msg__type_support.h
[3.691s] -- Installing: /home/hazbiu/ros2_ws/install/custom_message/include/custom_message/custom_message/msg/sample_msg.h
[3.691s] -- Installing: /home/hazbiu/ros2_ws/install/custom_message/share/custom_message/environment/library_path.sh
[3.691s] -- Installing: /home/hazbiu/ros2_ws/install/custom_message/share/custom_message/environment/library_path.dsv
[3.691s] -- Installing: /home/hazbiu/ros2_ws/install/custom_message/lib/libcustom_message__rosidl_generator_c.so
[3.692s] -- Set non-toolchain portion of runtime path of "/home/hazbiu/ros2_ws/install/custom_message/lib/libcustom_message__rosidl_generator_c.so" to ""
[3.692s] -- Up-to-date: /home/hazbiu/ros2_ws/install/custom_message/include/custom_message/custom_message
[3.692s] -- Up-to-date: /home/hazbiu/ros2_ws/install/custom_message/include/custom_message/custom_message/msg
[3.692s] -- Up-to-date: /home/hazbiu/ros2_ws/install/custom_message/include/custom_message/custom_message/msg/detail
[3.692s] -- Installing: /home/hazbiu/ros2_ws/install/custom_message/include/custom_message/custom_message/msg/detail/sample_msg__rosidl_typesupport_fastrtps_c.h
[3.692s] -- Installing: /home/hazbiu/ros2_ws/install/custom_message/include/custom_message/custom_message/msg/rosidl_typesupport_fastrtps_c__visibility_control.h
[3.692s] -- Installing: /home/hazbiu/ros2_ws/install/custom_message/lib/libcustom_message__rosidl_typesupport_fastrtps_c.so
[3.692s] -- Set non-toolchain portion of runtime path of "/home/hazbiu/ros2_ws/install/custom_message/lib/libcustom_message__rosidl_typesupport_fastrtps_c.so" to ""
[3.692s] -- Up-to-date: /home/hazbiu/ros2_ws/install/custom_message/include/custom_message/custom_message
[3.692s] -- Up-to-date: /home/hazbiu/ros2_ws/install/custom_message/include/custom_message/custom_message/msg
[3.692s] -- Up-to-date: /home/hazbiu/ros2_ws/install/custom_message/include/custom_message/custom_message/msg/detail
[3.692s] -- Installing: /home/hazbiu/ros2_ws/install/custom_message/include/custom_message/custom_message/msg/detail/sample_msg__traits.hpp
[3.692s] -- Installing: /home/hazbiu/ros2_ws/install/custom_message/include/custom_message/custom_message/msg/detail/sample_msg__type_support.hpp
[3.693s] -- Installing: /home/hazbiu/ros2_ws/install/custom_message/include/custom_message/custom_message/msg/detail/sample_msg__struct.hpp
[3.693s] -- Installing: /home/hazbiu/ros2_ws/install/custom_message/include/custom_message/custom_message/msg/detail/sample_msg__builder.hpp
[3.693s] -- Installing: /home/hazbiu/ros2_ws/install/custom_message/include/custom_message/custom_message/msg/sample_msg.hpp
[3.693s] -- Installing: /home/hazbiu/ros2_ws/install/custom_message/include/custom_message/custom_message/msg/rosidl_generator_cpp__visibility_control.hpp
[3.693s] -- Up-to-date: /home/hazbiu/ros2_ws/install/custom_message/include/custom_message/custom_message
[3.693s] -- Up-to-date: /home/hazbiu/ros2_ws/install/custom_message/include/custom_message/custom_message/msg
[3.693s] -- Up-to-date: /home/hazbiu/ros2_ws/install/custom_message/include/custom_message/custom_message/msg/detail
[3.693s] -- Installing: /home/hazbiu/ros2_ws/install/custom_message/include/custom_message/custom_message/msg/detail/sample_msg__rosidl_typesupport_fastrtps_cpp.hpp
[3.693s] -- Installing: /home/hazbiu/ros2_ws/install/custom_message/include/custom_message/custom_message/msg/detail/dds_fastrtps
[3.693s] -- Installing: /home/hazbiu/ros2_ws/install/custom_message/include/custom_message/custom_message/msg/rosidl_typesupport_fastrtps_cpp__visibility_control.h
[3.693s] -- Installing: /home/hazbiu/ros2_ws/install/custom_message/lib/libcustom_message__rosidl_typesupport_fastrtps_cpp.so
[3.694s] -- Set non-toolchain portion of runtime path of "/home/hazbiu/ros2_ws/install/custom_message/lib/libcustom_message__rosidl_typesupport_fastrtps_cpp.so" to ""
[3.694s] -- Up-to-date: /home/hazbiu/ros2_ws/install/custom_message/include/custom_message/custom_message
[3.694s] -- Up-to-date: /home/hazbiu/ros2_ws/install/custom_message/include/custom_message/custom_message/msg
[3.695s] -- Up-to-date: /home/hazbiu/ros2_ws/install/custom_message/include/custom_message/custom_message/msg/detail
[3.695s] -- Installing: /home/hazbiu/ros2_ws/install/custom_message/include/custom_message/custom_message/msg/detail/sample_msg__type_support.c
[3.695s] -- Installing: /home/hazbiu/ros2_ws/install/custom_message/include/custom_message/custom_message/msg/detail/sample_msg__rosidl_typesupport_introspection_c.h
[3.695s] -- Installing: /home/hazbiu/ros2_ws/install/custom_message/include/custom_message/custom_message/msg/rosidl_typesupport_introspection_c__visibility_control.h
[3.695s] -- Installing: /home/hazbiu/ros2_ws/install/custom_message/lib/libcustom_message__rosidl_typesupport_introspection_c.so
[3.695s] -- Set non-toolchain portion of runtime path of "/home/hazbiu/ros2_ws/install/custom_message/lib/libcustom_message__rosidl_typesupport_introspection_c.so" to ""
[3.695s] -- Installing: /home/hazbiu/ros2_ws/install/custom_message/lib/libcustom_message__rosidl_typesupport_c.so
[3.695s] -- Set non-toolchain portion of runtime path of "/home/hazbiu/ros2_ws/install/custom_message/lib/libcustom_message__rosidl_typesupport_c.so" to ""
[3.695s] -- Up-to-date: /home/hazbiu/ros2_ws/install/custom_message/include/custom_message/custom_message
[3.696s] -- Up-to-date: /home/hazbiu/ros2_ws/install/custom_message/include/custom_message/custom_message/msg
[3.696s] -- Up-to-date: /home/hazbiu/ros2_ws/install/custom_message/include/custom_message/custom_message/msg/detail
[3.696s] -- Installing: /home/hazbiu/ros2_ws/install/custom_message/include/custom_message/custom_message/msg/detail/sample_msg__type_support.cpp
[3.696s] -- Installing: /home/hazbiu/ros2_ws/install/custom_message/include/custom_message/custom_message/msg/detail/sample_msg__rosidl_typesupport_introspection_cpp.hpp
[3.696s] -- Installing: /home/hazbiu/ros2_ws/install/custom_message/lib/libcustom_message__rosidl_typesupport_introspection_cpp.so
[3.696s] -- Set non-toolchain portion of runtime path of "/home/hazbiu/ros2_ws/install/custom_message/lib/libcustom_message__rosidl_typesupport_introspection_cpp.so" to ""
[3.696s] -- Installing: /home/hazbiu/ros2_ws/install/custom_message/lib/libcustom_message__rosidl_typesupport_cpp.so
[3.696s] -- Set non-toolchain portion of runtime path of "/home/hazbiu/ros2_ws/install/custom_message/lib/libcustom_message__rosidl_typesupport_cpp.so" to ""
[3.696s] -- Installing: /home/hazbiu/ros2_ws/install/custom_message/share/custom_message/environment/pythonpath.sh
[3.696s] -- Installing: /home/hazbiu/ros2_ws/install/custom_message/share/custom_message/environment/pythonpath.dsv
[3.696s] -- Installing: /home/hazbiu/ros2_ws/install/custom_message/lib/python3.12/site-packages/custom_message-0.0.0-py3.12.egg-info
[3.696s] -- Installing: /home/hazbiu/ros2_ws/install/custom_message/lib/python3.12/site-packages/custom_message-0.0.0-py3.12.egg-info/SOURCES.txt
[3.696s] -- Installing: /home/hazbiu/ros2_ws/install/custom_message/lib/python3.12/site-packages/custom_message-0.0.0-py3.12.egg-info/PKG-INFO
[3.696s] -- Installing: /home/hazbiu/ros2_ws/install/custom_message/lib/python3.12/site-packages/custom_message-0.0.0-py3.12.egg-info/dependency_links.txt
[3.696s] -- Installing: /home/hazbiu/ros2_ws/install/custom_message/lib/python3.12/site-packages/custom_message-0.0.0-py3.12.egg-info/top_level.txt
[3.696s] -- Installing: /home/hazbiu/ros2_ws/install/custom_message/lib/python3.12/site-packages/custom_message
[3.697s] -- Installing: /home/hazbiu/ros2_ws/install/custom_message/lib/python3.12/site-packages/custom_message/custom_message_s__rosidl_typesupport_introspection_c.so
[3.697s] -- Installing: /home/hazbiu/ros2_ws/install/custom_message/lib/python3.12/site-packages/custom_message/custom_message_s__rosidl_typesupport_fastrtps_c.so
[3.697s] -- Installing: /home/hazbiu/ros2_ws/install/custom_message/lib/python3.12/site-packages/custom_message/_custom_message_s.ep.rosidl_typesupport_fastrtps_c.c
[3.697s] -- Installing: /home/hazbiu/ros2_ws/install/custom_message/lib/python3.12/site-packages/custom_message/custom_message_s__rosidl_typesupport_c.so
[3.697s] -- Installing: /home/hazbiu/ros2_ws/install/custom_message/lib/python3.12/site-packages/custom_message/__init__.py
[3.697s] -- Installing: /home/hazbiu/ros2_ws/install/custom_message/lib/python3.12/site-packages/custom_message/_custom_message_s.ep.rosidl_typesupport_introspection_c.c
[3.697s] -- Installing: /home/hazbiu/ros2_ws/install/custom_message/lib/python3.12/site-packages/custom_message/msg
[3.697s] -- Installing: /home/hazbiu/ros2_ws/install/custom_message/lib/python3.12/site-packages/custom_message/msg/_sample_msg_s.c
[3.697s] -- Installing: /home/hazbiu/ros2_ws/install/custom_message/lib/python3.12/site-packages/custom_message/msg/_sample_msg.py
[3.698s] -- Installing: /home/hazbiu/ros2_ws/install/custom_message/lib/python3.12/site-packages/custom_message/msg/__init__.py
[3.698s] -- Installing: /home/hazbiu/ros2_ws/install/custom_message/lib/python3.12/site-packages/custom_message/_custom_message_s.ep.rosidl_typesupport_c.c
[3.725s] Listing '/home/hazbiu/ros2_ws/install/custom_message/lib/python3.12/site-packages/custom_message'...
[3.725s] Compiling '/home/hazbiu/ros2_ws/install/custom_message/lib/python3.12/site-packages/custom_message/__init__.py'...
[3.725s] Listing '/home/hazbiu/ros2_ws/install/custom_message/lib/python3.12/site-packages/custom_message/msg'...
[3.725s] Compiling '/home/hazbiu/ros2_ws/install/custom_message/lib/python3.12/site-packages/custom_message/msg/__init__.py'...
[3.725s] Compiling '/home/hazbiu/ros2_ws/install/custom_message/lib/python3.12/site-packages/custom_message/msg/_sample_msg.py'...
[3.729s] -- Installing: /home/hazbiu/ros2_ws/install/custom_message/lib/python3.12/site-packages/custom_message/custom_message_s__rosidl_typesupport_fastrtps_c.so
[3.729s] -- Set non-toolchain portion of runtime path of "/home/hazbiu/ros2_ws/install/custom_message/lib/python3.12/site-packages/custom_message/custom_message_s__rosidl_typesupport_fastrtps_c.so" to ""
[3.729s] -- Installing: /home/hazbiu/ros2_ws/install/custom_message/lib/python3.12/site-packages/custom_message/custom_message_s__rosidl_typesupport_introspection_c.so
[3.729s] -- Set non-toolchain portion of runtime path of "/home/hazbiu/ros2_ws/install/custom_message/lib/python3.12/site-packages/custom_message/custom_message_s__rosidl_typesupport_introspection_c.so" to ""
[3.729s] -- Installing: /home/hazbiu/ros2_ws/install/custom_message/lib/python3.12/site-packages/custom_message/custom_message_s__rosidl_typesupport_c.so
[3.730s] -- Set non-toolchain portion of runtime path of "/home/hazbiu/ros2_ws/install/custom_message/lib/python3.12/site-packages/custom_message/custom_message_s__rosidl_typesupport_c.so" to ""
[3.730s] -- Installing: /home/hazbiu/ros2_ws/install/custom_message/lib/libcustom_message__rosidl_generator_py.so
[3.730s] -- Set non-toolchain portion of runtime path of "/home/hazbiu/ros2_ws/install/custom_message/lib/libcustom_message__rosidl_generator_py.so" to ""
[3.730s] -- Installing: /home/hazbiu/ros2_ws/install/custom_message/share/custom_message/msg/SampleMsg.idl
[3.730s] -- Installing: /home/hazbiu/ros2_ws/install/custom_message/share/custom_message/msg/SampleMsg.msg
[3.730s] -- Installing: /home/hazbiu/ros2_ws/install/custom_message/share/ament_index/resource_index/package_run_dependencies/custom_message
[3.730s] -- Installing: /home/hazbiu/ros2_ws/install/custom_message/share/ament_index/resource_index/parent_prefix_path/custom_message
[3.731s] -- Installing: /home/hazbiu/ros2_ws/install/custom_message/share/custom_message/environment/ament_prefix_path.sh
[3.731s] -- Installing: /home/hazbiu/ros2_ws/install/custom_message/share/custom_message/environment/ament_prefix_path.dsv
[3.731s] -- Installing: /home/hazbiu/ros2_ws/install/custom_message/share/custom_message/environment/path.sh
[3.731s] -- Installing: /home/hazbiu/ros2_ws/install/custom_message/share/custom_message/environment/path.dsv
[3.731s] -- Installing: /home/hazbiu/ros2_ws/install/custom_message/share/custom_message/local_setup.bash
[3.731s] -- Installing: /home/hazbiu/ros2_ws/install/custom_message/share/custom_message/local_setup.sh
[3.731s] -- Installing: /home/hazbiu/ros2_ws/install/custom_message/share/custom_message/local_setup.zsh
[3.732s] -- Installing: /home/hazbiu/ros2_ws/install/custom_message/share/custom_message/local_setup.dsv
[3.732s] -- Installing: /home/hazbiu/ros2_ws/install/custom_message/share/custom_message/package.dsv
[3.732s] -- Installing: /home/hazbiu/ros2_ws/install/custom_message/share/ament_index/resource_index/packages/custom_message
[3.732s] -- Installing: /home/hazbiu/ros2_ws/install/custom_message/share/custom_message/cmake/export_custom_message__rosidl_generator_cExport.cmake
[3.732s] -- Installing: /home/hazbiu/ros2_ws/install/custom_message/share/custom_message/cmake/export_custom_message__rosidl_generator_cExport-noconfig.cmake
[3.732s] -- Installing: /home/hazbiu/ros2_ws/install/custom_message/share/custom_message/cmake/export_custom_message__rosidl_typesupport_fastrtps_cExport.cmake
[3.733s] -- Installing: /home/hazbiu/ros2_ws/install/custom_message/share/custom_message/cmake/export_custom_message__rosidl_typesupport_fastrtps_cExport-noconfig.cmake
[3.733s] -- Installing: /home/hazbiu/ros2_ws/install/custom_message/share/custom_message/cmake/export_custom_message__rosidl_generator_cppExport.cmake
[3.733s] -- Installing: /home/hazbiu/ros2_ws/install/custom_message/share/custom_message/cmake/export_custom_message__rosidl_typesupport_fastrtps_cppExport.cmake
[3.733s] -- Installing: /home/hazbiu/ros2_ws/install/custom_message/share/custom_message/cmake/export_custom_message__rosidl_typesupport_fastrtps_cppExport-noconfig.cmake
[3.733s] -- Installing: /home/hazbiu/ros2_ws/install/custom_message/share/custom_message/cmake/custom_message__rosidl_typesupport_introspection_cExport.cmake
[3.733s] -- Installing: /home/hazbiu/ros2_ws/install/custom_message/share/custom_message/cmake/custom_message__rosidl_typesupport_introspection_cExport-noconfig.cmake
[3.735s] -- Installing: /home/hazbiu/ros2_ws/install/custom_message/share/custom_message/cmake/custom_message__rosidl_typesupport_cExport.cmake
[3.735s] -- Installing: /home/hazbiu/ros2_ws/install/custom_message/share/custom_message/cmake/custom_message__rosidl_typesupport_cExport-noconfig.cmake
[3.735s] -- Installing: /home/hazbiu/ros2_ws/install/custom_message/share/custom_message/cmake/custom_message__rosidl_typesupport_introspection_cppExport.cmake
[3.735s] -- Installing: /home/hazbiu/ros2_ws/install/custom_message/share/custom_message/cmake/custom_message__rosidl_typesupport_introspection_cppExport-noconfig.cmake
[3.735s] -- Installing: /home/hazbiu/ros2_ws/install/custom_message/share/custom_message/cmake/custom_message__rosidl_typesupport_cppExport.cmake
[3.735s] -- Installing: /home/hazbiu/ros2_ws/install/custom_message/share/custom_message/cmake/custom_message__rosidl_typesupport_cppExport-noconfig.cmake
[3.735s] -- Installing: /home/hazbiu/ros2_ws/install/custom_message/share/custom_message/cmake/export_custom_message__rosidl_generator_pyExport.cmake
[3.735s] -- Installing: /home/hazbiu/ros2_ws/install/custom_message/share/custom_message/cmake/export_custom_message__rosidl_generator_pyExport-noconfig.cmake
[3.735s] -- Installing: /home/hazbiu/ros2_ws/install/custom_message/share/custom_message/cmake/rosidl_cmake-extras.cmake
[3.735s] -- Installing: /home/hazbiu/ros2_ws/install/custom_message/share/custom_message/cmake/ament_cmake_export_dependencies-extras.cmake
[3.735s] -- Installing: /home/hazbiu/ros2_ws/install/custom_message/share/custom_message/cmake/ament_cmake_export_include_directories-extras.cmake
[3.735s] -- Installing: /home/hazbiu/ros2_ws/install/custom_message/share/custom_message/cmake/ament_cmake_export_libraries-extras.cmake
[3.735s] -- Installing: /home/hazbiu/ros2_ws/install/custom_message/share/custom_message/cmake/ament_cmake_export_targets-extras.cmake
[3.735s] -- Installing: /home/hazbiu/ros2_ws/install/custom_message/share/custom_message/cmake/rosidl_cmake_export_typesupport_targets-extras.cmake
[3.735s] -- Installing: /home/hazbiu/ros2_ws/install/custom_message/share/custom_message/cmake/rosidl_cmake_export_typesupport_libraries-extras.cmake
[3.735s] -- Installing: /home/hazbiu/ros2_ws/install/custom_message/share/custom_message/cmake/custom_messageConfig.cmake
[3.735s] -- Installing: /home/hazbiu/ros2_ws/install/custom_message/share/custom_message/cmake/custom_messageConfig-version.cmake
[3.735s] -- Installing: /home/hazbiu/ros2_ws/install/custom_message/share/custom_message/package.xml
[3.737s] Invoked command in '/home/hazbiu/ros2_ws/build/custom_message' returned '0': CMAKE_PREFIX_PATH=${CMAKE_PREFIX_PATH}:/opt/ros/jazzy DEBUGINFOD_URLS=https://debuginfod.ubuntu.com /usr/bin/cmake --install /home/hazbiu/ros2_ws/build/custom_message
