[0.030s] Invoking command in '/home/hazbiu/ros2_ws/build/carter_v1_navigation': CMAKE_PREFIX_PATH=${CMAKE_PREFIX_PATH}:/opt/ros/jazzy DEBUGINFOD_URLS=https://debuginfod.ubuntu.com /usr/bin/cmake /home/hazbiu/ros2_ws/src/IsaacSim-ros_workspaces/jazzy_ws/src/navigation/carter_v1_navigation -DCMAKE_INSTALL_PREFIX=/home/hazbiu/ros2_ws/install/carter_v1_navigation
[0.189s] -- The C compiler identification is GNU 13.3.0
[0.190s] -- The CXX compiler identification is GNU 13.3.0
[0.190s] -- Detecting C compiler ABI info
[0.200s] -- Detecting C compiler ABI info - done
[0.207s] -- Check for working C compiler: /usr/bin/cc - skipped
[0.207s] -- Detecting C compile features
[0.208s] -- Detecting C compile features - done
[0.217s] -- Detecting CXX compiler ABI info
[0.302s] -- Detecting CXX compiler ABI info - done
[0.309s] -- Check for working CXX compiler: /usr/bin/c++ - skipped
[0.309s] -- Detecting CXX compile features
[0.310s] -- Detecting CXX compile features - done
[0.314s] -- Found ament_cmake: 2.5.5 (/opt/ros/jazzy/share/ament_cmake/cmake)
[0.444s] -- Found Python3: /usr/bin/python3 (found version "3.12.3") found components: Interpreter 
[0.631s] -- Configuring done (0.6s)
[0.633s] -- Generating done (0.0s)
[0.634s] -- Build files have been written to: /home/hazbiu/ros2_ws/build/carter_v1_navigation
[0.639s] Invoked command in '/home/hazbiu/ros2_ws/build/carter_v1_navigation' returned '0': CMAKE_PREFIX_PATH=${CMAKE_PREFIX_PATH}:/opt/ros/jazzy DEBUGINFOD_URLS=https://debuginfod.ubuntu.com /usr/bin/cmake /home/hazbiu/ros2_ws/src/IsaacSim-ros_workspaces/jazzy_ws/src/navigation/carter_v1_navigation -DCMAKE_INSTALL_PREFIX=/home/hazbiu/ros2_ws/install/carter_v1_navigation
[0.640s] Invoking command in '/home/hazbiu/ros2_ws/build/carter_v1_navigation': CMAKE_PREFIX_PATH=${CMAKE_PREFIX_PATH}:/opt/ros/jazzy DEBUGINFOD_URLS=https://debuginfod.ubuntu.com /usr/bin/cmake --build /home/hazbiu/ros2_ws/build/carter_v1_navigation -- -j24 -l24
[0.681s] Invoked command in '/home/hazbiu/ros2_ws/build/carter_v1_navigation' returned '0': CMAKE_PREFIX_PATH=${CMAKE_PREFIX_PATH}:/opt/ros/jazzy DEBUGINFOD_URLS=https://debuginfod.ubuntu.com /usr/bin/cmake --build /home/hazbiu/ros2_ws/build/carter_v1_navigation -- -j24 -l24
[0.682s] Invoking command in '/home/hazbiu/ros2_ws/build/carter_v1_navigation': CMAKE_PREFIX_PATH=${CMAKE_PREFIX_PATH}:/opt/ros/jazzy DEBUGINFOD_URLS=https://debuginfod.ubuntu.com /usr/bin/cmake --install /home/hazbiu/ros2_ws/build/carter_v1_navigation
[0.690s] -- Install configuration: ""
[0.690s] -- Installing: /home/hazbiu/ros2_ws/install/carter_v1_navigation/share/carter_v1_navigation/launch
[0.690s] -- Installing: /home/hazbiu/ros2_ws/install/carter_v1_navigation/share/carter_v1_navigation/launch/carter_v1_navigation.launch.py
[0.690s] -- Installing: /home/hazbiu/ros2_ws/install/carter_v1_navigation/share/carter_v1_navigation/params
[0.690s] -- Installing: /home/hazbiu/ros2_ws/install/carter_v1_navigation/share/carter_v1_navigation/params/carter_v1_nav2_params.yaml
[0.690s] -- Installing: /home/hazbiu/ros2_ws/install/carter_v1_navigation/share/carter_v1_navigation/maps
[0.691s] -- Installing: /home/hazbiu/ros2_ws/install/carter_v1_navigation/share/carter_v1_navigation/maps/Carter_ROS2_Sensors.yaml
[0.691s] -- Installing: /home/hazbiu/ros2_ws/install/carter_v1_navigation/share/carter_v1_navigation/maps/Carter_ROS2_Sensors.png
[0.691s] -- Installing: /home/hazbiu/ros2_ws/install/carter_v1_navigation/share/carter_v1_navigation/rviz2
[0.691s] -- Installing: /home/hazbiu/ros2_ws/install/carter_v1_navigation/share/carter_v1_navigation/rviz2/carter_v1_navigation.rviz
[0.691s] -- Installing: /home/hazbiu/ros2_ws/install/carter_v1_navigation/share/ament_index/resource_index/package_run_dependencies/carter_v1_navigation
[0.691s] -- Installing: /home/hazbiu/ros2_ws/install/carter_v1_navigation/share/ament_index/resource_index/parent_prefix_path/carter_v1_navigation
[0.691s] -- Installing: /home/hazbiu/ros2_ws/install/carter_v1_navigation/share/carter_v1_navigation/environment/ament_prefix_path.sh
[0.691s] -- Installing: /home/hazbiu/ros2_ws/install/carter_v1_navigation/share/carter_v1_navigation/environment/ament_prefix_path.dsv
[0.691s] -- Installing: /home/hazbiu/ros2_ws/install/carter_v1_navigation/share/carter_v1_navigation/environment/path.sh
[0.691s] -- Installing: /home/hazbiu/ros2_ws/install/carter_v1_navigation/share/carter_v1_navigation/environment/path.dsv
[0.691s] -- Installing: /home/hazbiu/ros2_ws/install/carter_v1_navigation/share/carter_v1_navigation/local_setup.bash
[0.692s] -- Installing: /home/hazbiu/ros2_ws/install/carter_v1_navigation/share/carter_v1_navigation/local_setup.sh
[0.692s] -- Installing: /home/hazbiu/ros2_ws/install/carter_v1_navigation/share/carter_v1_navigation/local_setup.zsh
[0.692s] -- Installing: /home/hazbiu/ros2_ws/install/carter_v1_navigation/share/carter_v1_navigation/local_setup.dsv
[0.692s] -- Installing: /home/hazbiu/ros2_ws/install/carter_v1_navigation/share/carter_v1_navigation/package.dsv
[0.692s] -- Installing: /home/hazbiu/ros2_ws/install/carter_v1_navigation/share/ament_index/resource_index/packages/carter_v1_navigation
[0.692s] -- Installing: /home/hazbiu/ros2_ws/install/carter_v1_navigation/share/carter_v1_navigation/cmake/carter_v1_navigationConfig.cmake
[0.692s] -- Installing: /home/hazbiu/ros2_ws/install/carter_v1_navigation/share/carter_v1_navigation/cmake/carter_v1_navigationConfig-version.cmake
[0.692s] -- Installing: /home/hazbiu/ros2_ws/install/carter_v1_navigation/share/carter_v1_navigation/package.xml
[0.712s] Invoked command in '/home/hazbiu/ros2_ws/build/carter_v1_navigation' returned '0': CMAKE_PREFIX_PATH=${CMAKE_PREFIX_PATH}:/opt/ros/jazzy DEBUGINFOD_URLS=https://debuginfod.ubuntu.com /usr/bin/cmake --install /home/hazbiu/ros2_ws/build/carter_v1_navigation
