NAV2 / TF / COSTMAP DEBUG LOG
Created: Mon May 11 07:19:52 PM CEST 2026
PWD: /home/hazbiu/ros2_ws/src/IsaacSim-ros_workspaces/jazzy_ws/src/kaya_navigation
ROS_DOMAIN_ID: not_set
RMW_IMPLEMENTATION: not_set

============================================================
CMD: ros2 node list
============================================================
/amcl
/behavior_server
/bt_navigator
/bt_navigator_navigate_through_poses_rclcpp_node
/bt_navigator_navigate_to_pose_rclcpp_node
/collision_monitor
/controller_server
/docking_server
/global_costmap/global_costmap
/launch_ros_67100
/lifecycle_manager_localization
/lifecycle_manager_navigation
/local_costmap/local_costmap
/map_server
/nav2_container
/planner_server
/route_server
/rviz
/rviz_navigation_dialog_action_client
/smoother_server
/transform_listener_impl_60a0e989b2d0
/transform_listener_impl_60a0eb0c9980
/transform_listener_impl_715410002080
/transform_listener_impl_7154540020e0
/velocity_smoother
/waypoint_follower

============================================================
CMD: ros2 topic list
============================================================
/amcl/transition_event
/amcl_pose
/behavior_server/transition_event
/behavior_tree_log
/bond
/bt_navigator/transition_event
/clicked_point
/clock
/cmd_vel
/cmd_vel_nav
/cmd_vel_smoothed
/collision_monitor/collision_points_marker
/collision_monitor/transition_event
/collision_monitor_state
/controller_selector
/controller_server/transition_event
/curvature_lookahead_point
/detected_dock_pose
/diagnostics
/dock_pose
/docking_server/transition_event
/docking_trajectory
/downsampled_costmap
/downsampled_costmap_updates
/filtered_dock_pose
/front_3d_lidar/lidar_points
/global_costmap/costmap
/global_costmap/costmap_raw
/global_costmap/costmap_raw_updates
/global_costmap/costmap_updates
/global_costmap/footprint
/global_costmap/global_costmap/transition_event
/global_costmap/obstacle_layer
/global_costmap/obstacle_layer_raw
/global_costmap/obstacle_layer_raw_updates
/global_costmap/obstacle_layer_updates
/global_costmap/published_footprint
/global_costmap/static_layer
/global_costmap/static_layer_raw
/global_costmap/static_layer_raw_updates
/global_costmap/static_layer_updates
/global_costmap/voxel_marked_cloud
/goal_pose
/imu
/initialpose
/is_rotating_to_heading
/kaya/odom
/local_costmap/costmap
/local_costmap/costmap_raw
/local_costmap/costmap_raw_updates
/local_costmap/costmap_updates
/local_costmap/footprint
/local_costmap/lidar_layer
/local_costmap/lidar_layer_raw
/local_costmap/lidar_layer_raw_updates
/local_costmap/lidar_layer_updates
/local_costmap/local_costmap/transition_event
/local_costmap/published_footprint
/local_costmap/voxel_marked_cloud
/local_plan
/lookahead_collision_arc
/lookahead_point
/map
/map_server/transition_event
/map_updates
/mobile_base/sensors/bumper_pointcloud
/odom
/parameter_events
/particle_cloud
/particlecloud
/plan
/plan_smoothed
/planner_selector
/planner_server/transition_event
/received_global_plan
/robot_description
/rosout
/route_graph
/route_server/transition_event
/scan
/smoother_server/transition_event
/speed_limit
/staging_pose
/tf
/tf_static
/velocity_smoother/transition_event
/waypoint_follower/transition_event
/waypoints

============================================================
CMD: ros2 topic info /map --verbose
============================================================
Type: nav_msgs/msg/OccupancyGrid

Publisher count: 1

Node name: map_server
Node namespace: /
Topic type: nav_msgs/msg/OccupancyGrid
Topic type hash: RIHS01_8d348150c12913a31ee0ec170fbf25089e4745d17035792a1ba94d6f0bc0cfc7
Endpoint type: PUBLISHER
GID: 01.0f.15.2a.31.06.2a.01.00.00.00.00.00.00.d1.03
QoS profile:
  Reliability: RELIABLE
  History (Depth): UNKNOWN
  Durability: TRANSIENT_LOCAL
  Lifespan: Infinite
  Deadline: Infinite
  Liveliness: AUTOMATIC
  Liveliness lease duration: Infinite

Subscription count: 3

Node name: rviz
Node namespace: /
Topic type: nav_msgs/msg/OccupancyGrid
Topic type hash: RIHS01_8d348150c12913a31ee0ec170fbf25089e4745d17035792a1ba94d6f0bc0cfc7
Endpoint type: SUBSCRIPTION
GID: 01.0f.15.2a.30.06.c4.ac.00.00.00.00.00.00.5e.04
QoS profile:
  Reliability: RELIABLE
  History (Depth): UNKNOWN
  Durability: TRANSIENT_LOCAL
  Lifespan: Infinite
  Deadline: Infinite
  Liveliness: AUTOMATIC
  Liveliness lease duration: Infinite

Node name: amcl
Node namespace: /
Topic type: nav_msgs/msg/OccupancyGrid
Topic type hash: RIHS01_8d348150c12913a31ee0ec170fbf25089e4745d17035792a1ba94d6f0bc0cfc7
Endpoint type: SUBSCRIPTION
GID: 01.0f.15.2a.31.06.2a.01.00.00.00.00.00.00.eb.04
QoS profile:
  Reliability: RELIABLE
  History (Depth): UNKNOWN
  Durability: TRANSIENT_LOCAL
  Lifespan: Infinite
  Deadline: Infinite
  Liveliness: AUTOMATIC
  Liveliness lease duration: Infinite

Node name: global_costmap
Node namespace: /global_costmap
Topic type: nav_msgs/msg/OccupancyGrid
Topic type hash: RIHS01_8d348150c12913a31ee0ec170fbf25089e4745d17035792a1ba94d6f0bc0cfc7
Endpoint type: SUBSCRIPTION
GID: 01.0f.15.2a.31.06.2a.01.00.00.00.00.00.02.5f.04
QoS profile:
  Reliability: RELIABLE
  History (Depth): UNKNOWN
  Durability: TRANSIENT_LOCAL
  Lifespan: Infinite
  Deadline: Infinite
  Liveliness: AUTOMATIC
  Liveliness lease duration: Infinite


============================================================
CMD: ros2 topic info /scan --verbose
============================================================
Type: sensor_msgs/msg/LaserScan

Publisher count: 1

Node name: _Render_PostProcess_SDGPipeline_Replicator_63_NodeWriterWriter
Node namespace: /
Topic type: sensor_msgs/msg/LaserScan
Topic type hash: RIHS01_64c191398013af96509d518dac71d5164f9382553fce5c1f8cca5be7924bd828
Endpoint type: PUBLISHER
GID: 01.0f.15.2a.1d.4f.71.60.03.00.07.00.00.00.03.03
QoS profile:
  Reliability: RELIABLE
  History (Depth): UNKNOWN
  Durability: VOLATILE
  Lifespan: Infinite
  Deadline: Infinite
  Liveliness: AUTOMATIC
  Liveliness lease duration: Infinite

Subscription count: 5

Node name: rviz
Node namespace: /
Topic type: sensor_msgs/msg/LaserScan
Topic type hash: RIHS01_64c191398013af96509d518dac71d5164f9382553fce5c1f8cca5be7924bd828
Endpoint type: SUBSCRIPTION
GID: 01.0f.15.2a.30.06.c4.ac.00.00.00.00.00.00.57.04
QoS profile:
  Reliability: BEST_EFFORT
  History (Depth): UNKNOWN
  Durability: VOLATILE
  Lifespan: Infinite
  Deadline: Infinite
  Liveliness: AUTOMATIC
  Liveliness lease duration: Infinite

Node name: amcl
Node namespace: /
Topic type: sensor_msgs/msg/LaserScan
Topic type hash: RIHS01_64c191398013af96509d518dac71d5164f9382553fce5c1f8cca5be7924bd828
Endpoint type: SUBSCRIPTION
GID: 01.0f.15.2a.31.06.2a.01.00.00.00.00.00.00.e2.04
QoS profile:
  Reliability: BEST_EFFORT
  History (Depth): UNKNOWN
  Durability: VOLATILE
  Lifespan: Infinite
  Deadline: Infinite
  Liveliness: AUTOMATIC
  Liveliness lease duration: Infinite

Node name: collision_monitor
Node namespace: /
Topic type: sensor_msgs/msg/LaserScan
Topic type hash: RIHS01_64c191398013af96509d518dac71d5164f9382553fce5c1f8cca5be7924bd828
Endpoint type: SUBSCRIPTION
GID: 01.0f.15.2a.31.06.2a.01.00.00.00.00.00.02.da.04
QoS profile:
  Reliability: BEST_EFFORT
  History (Depth): UNKNOWN
  Durability: VOLATILE
  Lifespan: Infinite
  Deadline: Infinite
  Liveliness: AUTOMATIC
  Liveliness lease duration: Infinite

Node name: local_costmap
Node namespace: /local_costmap
Topic type: sensor_msgs/msg/LaserScan
Topic type hash: RIHS01_64c191398013af96509d518dac71d5164f9382553fce5c1f8cca5be7924bd828
Endpoint type: SUBSCRIPTION
GID: 01.0f.15.2a.31.06.2a.01.00.00.00.00.00.03.57.04
QoS profile:
  Reliability: BEST_EFFORT
  History (Depth): UNKNOWN
  Durability: VOLATILE
  Lifespan: Infinite
  Deadline: Infinite
  Liveliness: AUTOMATIC
  Liveliness lease duration: Infinite

Node name: global_costmap
Node namespace: /global_costmap
Topic type: sensor_msgs/msg/LaserScan
Topic type hash: RIHS01_64c191398013af96509d518dac71d5164f9382553fce5c1f8cca5be7924bd828
Endpoint type: SUBSCRIPTION
GID: 01.0f.15.2a.31.06.2a.01.00.00.00.00.00.03.60.04
QoS profile:
  Reliability: BEST_EFFORT
  History (Depth): UNKNOWN
  Durability: VOLATILE
  Lifespan: Infinite
  Deadline: Infinite
  Liveliness: AUTOMATIC
  Liveliness lease duration: Infinite


============================================================
CMD: ros2 topic info /global_costmap/costmap --verbose
============================================================
Type: nav_msgs/msg/OccupancyGrid

Publisher count: 1

Node name: global_costmap
Node namespace: /global_costmap
Topic type: nav_msgs/msg/OccupancyGrid
Topic type hash: RIHS01_8d348150c12913a31ee0ec170fbf25089e4745d17035792a1ba94d6f0bc0cfc7
Endpoint type: PUBLISHER
GID: 01.0f.15.2a.31.06.2a.01.00.00.00.00.00.02.63.03
QoS profile:
  Reliability: RELIABLE
  History (Depth): UNKNOWN
  Durability: TRANSIENT_LOCAL
  Lifespan: Infinite
  Deadline: Infinite
  Liveliness: AUTOMATIC
  Liveliness lease duration: Infinite

Subscription count: 1

Node name: rviz
Node namespace: /
Topic type: nav_msgs/msg/OccupancyGrid
Topic type hash: RIHS01_8d348150c12913a31ee0ec170fbf25089e4745d17035792a1ba94d6f0bc0cfc7
Endpoint type: SUBSCRIPTION
GID: 01.0f.15.2a.30.06.c4.ac.00.00.00.00.00.00.5c.04
QoS profile:
  Reliability: RELIABLE
  History (Depth): UNKNOWN
  Durability: TRANSIENT_LOCAL
  Lifespan: Infinite
  Deadline: Infinite
  Liveliness: AUTOMATIC
  Liveliness lease duration: Infinite


============================================================
CMD: ros2 topic info /global_costmap/static_layer --verbose
============================================================
Type: nav_msgs/msg/OccupancyGrid

Publisher count: 1

Node name: global_costmap
Node namespace: /global_costmap
Topic type: nav_msgs/msg/OccupancyGrid
Topic type hash: RIHS01_8d348150c12913a31ee0ec170fbf25089e4745d17035792a1ba94d6f0bc0cfc7
Endpoint type: PUBLISHER
GID: 01.0f.15.2a.31.06.2a.01.00.00.00.00.00.02.69.03
QoS profile:
  Reliability: RELIABLE
  History (Depth): UNKNOWN
  Durability: TRANSIENT_LOCAL
  Lifespan: Infinite
  Deadline: Infinite
  Liveliness: AUTOMATIC
  Liveliness lease duration: Infinite

Subscription count: 0


============================================================
CMD: ros2 topic info /global_costmap/obstacle_layer --verbose
============================================================
Type: nav_msgs/msg/OccupancyGrid

Publisher count: 1

Node name: global_costmap
Node namespace: /global_costmap
Topic type: nav_msgs/msg/OccupancyGrid
Topic type hash: RIHS01_8d348150c12913a31ee0ec170fbf25089e4745d17035792a1ba94d6f0bc0cfc7
Endpoint type: PUBLISHER
GID: 01.0f.15.2a.31.06.2a.01.00.00.00.00.00.02.6f.03
QoS profile:
  Reliability: RELIABLE
  History (Depth): UNKNOWN
  Durability: TRANSIENT_LOCAL
  Lifespan: Infinite
  Deadline: Infinite
  Liveliness: AUTOMATIC
  Liveliness lease duration: Infinite

Subscription count: 0


============================================================
CMD: ros2 topic info /local_costmap/costmap --verbose
============================================================
Type: nav_msgs/msg/OccupancyGrid

Publisher count: 1

Node name: local_costmap
Node namespace: /local_costmap
Topic type: nav_msgs/msg/OccupancyGrid
Topic type hash: RIHS01_8d348150c12913a31ee0ec170fbf25089e4745d17035792a1ba94d6f0bc0cfc7
Endpoint type: PUBLISHER
GID: 01.0f.15.2a.31.06.2a.01.00.00.00.00.00.02.25.03
QoS profile:
  Reliability: RELIABLE
  History (Depth): UNKNOWN
  Durability: TRANSIENT_LOCAL
  Lifespan: Infinite
  Deadline: Infinite
  Liveliness: AUTOMATIC
  Liveliness lease duration: Infinite

Subscription count: 1

Node name: rviz
Node namespace: /
Topic type: nav_msgs/msg/OccupancyGrid
Topic type hash: RIHS01_8d348150c12913a31ee0ec170fbf25089e4745d17035792a1ba94d6f0bc0cfc7
Endpoint type: SUBSCRIPTION
GID: 01.0f.15.2a.30.06.c4.ac.00.00.00.00.00.00.61.04
QoS profile:
  Reliability: RELIABLE
  History (Depth): UNKNOWN
  Durability: TRANSIENT_LOCAL
  Lifespan: Infinite
  Deadline: Infinite
  Liveliness: AUTOMATIC
  Liveliness lease duration: Infinite


============================================================
CMD: ros2 topic info /local_costmap/lidar_layer --verbose
============================================================
Type: nav_msgs/msg/OccupancyGrid

Publisher count: 1

Node name: local_costmap
Node namespace: /local_costmap
Topic type: nav_msgs/msg/OccupancyGrid
Topic type hash: RIHS01_8d348150c12913a31ee0ec170fbf25089e4745d17035792a1ba94d6f0bc0cfc7
Endpoint type: PUBLISHER
GID: 01.0f.15.2a.31.06.2a.01.00.00.00.00.00.02.2b.03
QoS profile:
  Reliability: RELIABLE
  History (Depth): UNKNOWN
  Durability: TRANSIENT_LOCAL
  Lifespan: Infinite
  Deadline: Infinite
  Liveliness: AUTOMATIC
  Liveliness lease duration: Infinite

Subscription count: 0


============================================================
CMD: ros2 topic info /downsampled_costmap --verbose
============================================================
Type: nav_msgs/msg/OccupancyGrid

Publisher count: 0

Subscription count: 1

Node name: rviz
Node namespace: /
Topic type: nav_msgs/msg/OccupancyGrid
Topic type hash: RIHS01_8d348150c12913a31ee0ec170fbf25089e4745d17035792a1ba94d6f0bc0cfc7
Endpoint type: SUBSCRIPTION
GID: 01.0f.15.2a.30.06.c4.ac.00.00.00.00.00.00.58.04
QoS profile:
  Reliability: RELIABLE
  History (Depth): UNKNOWN
  Durability: TRANSIENT_LOCAL
  Lifespan: Infinite
  Deadline: Infinite
  Liveliness: AUTOMATIC
  Liveliness lease duration: Infinite


============================================================
CMD: ros2 topic echo /map --once --qos-durability transient_local
============================================================

============================================================
CMD: ros2 topic echo /scan --once
============================================================
header:
  stamp:
    sec: 8830
    nanosec: 283793868
  frame_id: RPLidar_S2E
angle_min: -3.1415927410125732
angle_max: 3.1396291255950928
angle_increment: 0.0019634952768683434
time_increment: 3.125000148429535e-05
scan_time: 0.10000000149011612
range_min: 0.05000000074505806
range_max: 30.0
ranges:
- -1.0
- 4.2025980949401855
- 4.23504638671875
- -1.0
- -1.0
- -1.0
- 4.344028472900391
- 4.371602535247803
- -1.0
- 4.435016632080078
- -1.0
- 4.507185459136963
- 4.553267002105713
- -1.0
- 4.625080585479736
- 4.652356147766113
- -1.0
- -1.0
- 4.745718002319336
- -1.0
- 4.835819244384766
- 4.882601737976074
- 4.916728973388672
- 4.948909282684326
- 4.974888324737549
- 5.013559341430664
- 4.9999098777771
- 5.065711975097656
- 5.063211441040039
- 5.111380100250244
- 5.126637935638428
- 5.1175312995910645
- -1.0
- 5.1509552001953125
- 5.177760601043701
- 5.181670188903809
- 5.214460372924805
- 5.235958576202393
- 5.22666597366333
- 5.23847770690918
- 5.228264331817627
- 5.276905059814453
- 5.245816707611084
- 5.262995719909668
- 5.285274505615234
- 5.309327602386475
- 5.263788223266602
- 5.304859161376953
- 5.295889854431152
- 5.3250579833984375
- 5.327167510986328
- 5.3540940284729
- 5.32829475402832
- 5.336056232452393
- 5.328643798828125
- 5.35296630859375
- 5.3288493156433105
- 5.353309631347656
- 5.366212844848633
- 5.3575968742370605
- 5.362010478973389
- 5.399181365966797
- 5.382565975189209
- 5.373234272003174
- 5.412103176116943
- 5.400386333465576
- 5.384119033813477
- 5.401485443115234
- 5.41297721862793
- -1.0
- 5.438180446624756
- 5.414719581604004
- 5.426390647888184
- 5.430847644805908
- -1.0
- 5.432187080383301
- 5.405324935913086
- 5.425690650939941
- 5.445208549499512
- -1.0
- 5.418703556060791
- 5.437772750854492
- 5.426263809204102
- 5.4246721267700195
- -1.0
- 5.422828197479248
- 5.418483257293701
- 5.434338092803955
- 5.404901027679443
- -1.0
- 5.407055377960205
- 5.435033798217773
- 5.398420333862305
- 5.435425281524658
- -1.0
- 5.41185188293457
- 5.4145426750183105
- 5.4054155349731445
- 5.440886974334717
- -1.0
- 5.436162948608398
- 5.441811561584473
- 5.393081188201904
- 5.421496868133545
- -1.0
- 5.424506187438965
- 5.408905506134033
- 5.415318965911865
- 5.4120965003967285
- -1.0
- 5.40015983581543
- 5.371146202087402
- 5.38073205947876
- 5.413259029388428
- -1.0
- 5.411860942840576
- 5.411471843719482
- 5.413834571838379
- 5.389564514160156
- -1.0
- 5.417984962463379
- 5.38521146774292
- 5.406906604766846
- 5.3938398361206055
- -1.0
- 5.418942928314209
- 5.396061897277832
- 5.393942356109619
- '...'
intensities:
- 0.0
- 2.0
- 0.0
- 0.0
- 0.0
- 0.0
- 0.0
- 6.0
- 0.0
- 12.0
- 0.0
- 3.0
- 2.0
- 0.0
- 7.0
- 6.0
- 0.0
- 0.0
- 1.0
- 0.0
- 13.0
- 3.0
- 6.0
- 4.0
- 14.0
- 12.0
- 15.0
- 6.0
- 12.0
- 14.0
- 10.0
- 2.0
- 0.0
- 6.0
- 6.0
- 7.0
- 11.0
- 13.0
- 15.0
- 8.0
- 12.0
- 9.0
- 11.0
- 13.0
- 16.0
- 9.0
- 13.0
- 16.0
- 8.0
- 18.0
- 18.0
- 15.0
- 10.0
- 16.0
- 13.0
- 14.0
- 10.0
- 18.0
- 18.0
- 18.0
- 11.0
- 14.0
- 16.0
- 16.0
- 16.0
- 17.0
- 14.0
- 17.0
- 13.0
- 0.0
- 15.0
- 15.0
- 16.0
- 15.0
- 0.0
- 18.0
- 18.0
- 14.0
- 17.0
- 0.0
- 14.0
- 15.0
- 19.0
- 18.0
- 0.0
- 16.0
- 18.0
- 18.0
- 16.0
- 0.0
- 15.0
- 15.0
- 16.0
- 16.0
- 0.0
- 18.0
- 19.0
- 17.0
- 6.0
- 0.0
- 17.0
- 15.0
- 15.0
- 15.0
- 0.0
- 17.0
- 16.0
- 15.0
- 18.0
- 0.0
- 17.0
- 15.0
- 18.0
- 15.0
- 0.0
- 15.0
- 17.0
- 19.0
- 14.0
- 0.0
- 18.0
- 17.0
- 14.0
- 17.0
- 0.0
- 16.0
- 16.0
- 17.0
- '...'
---

============================================================
CMD: ros2 topic echo /global_costmap/costmap --once --qos-durability transient_local
============================================================
header:
  stamp:
    sec: 8832
    nanosec: 933794006
  frame_id: map
info:
  map_load_time:
    sec: 0
    nanosec: 0
  resolution: 0.05000000074505806
  width: 400
  height: 400
  origin:
    position:
      x: -9.975
      y: -10.025000190734863
      z: 0.0
    orientation:
      x: 0.0
      y: 0.0
      z: 0.0
      w: 1.0
data:
- 0
- 0
- 0
- 0
- 0
- 0
- 0
- 0
- 0
- 0
- 0
- 0
- 0
- 0
- 0
- 0
- 0
- 0
- 0
- 0
- 0
- 0
- 0
- 0
- 0
- 0
- 0
- 0
- 0
- 0
- 0
- 0
- 0
- 0
- 0
- 0
- 0
- 0
- 0
- 0
- 0
- 0
- 0
- 0
- 0
- 0
- 0
- 0
- 0
- 0
- 0
- 0
- 0
- 0
- 0
- 0
- 0
- 0
- 0
- 0
- 0
- 0
- 0
- 0
- 0
- 0
- 0
- 0
- 0
- 0
- 0
- 0
- 0
- 0
- 0
- 0
- 0
- 0
- 0
- 0
- 0
- 0
- 0
- 0
- 0
- 0
- 0
- 0
- 0
- 0
- 0
- 0
- 0
- 0
- 0
- 0
- 0
- 0
- 0
- 0
- 0
- 0
- 0
- 0
- 0
- 0
- 0
- 0
- 0
- 0
- 0
- 0
- 0
- 0
- 0
- 0
- 0
- 0
- 0
- 0
- 0
- 0
- 0
- 0
- 0
- 0
- 0
- 0
- '...'
---

============================================================
CMD: ros2 topic echo /global_costmap/static_layer --once --qos-durability transient_local
============================================================
header:
  stamp:
    sec: 8834
    nanosec: 300460744
  frame_id: map
info:
  map_load_time:
    sec: 0
    nanosec: 0
  resolution: 0.05000000074505806
  width: 400
  height: 400
  origin:
    position:
      x: -9.975
      y: -10.025000190734863
      z: 0.0
    orientation:
      x: 0.0
      y: 0.0
      z: 0.0
      w: 1.0
data:
- 0
- 0
- 0
- 0
- 0
- 0
- 0
- 0
- 0
- 0
- 0
- 0
- 0
- 0
- 0
- 0
- 0
- 0
- 0
- 0
- 0
- 0
- 0
- 0
- 0
- 0
- 0
- 0
- 0
- 0
- 0
- 0
- 0
- 0
- 0
- 0
- 0
- 0
- 0
- 0
- 0
- 0
- 0
- 0
- 0
- 0
- 0
- 0
- 0
- 0
- 0
- 0
- 0
- 0
- 0
- 0
- 0
- 0
- 0
- 0
- 0
- 0
- 0
- 0
- 0
- 0
- 0
- 0
- 0
- 0
- 0
- 0
- 0
- 0
- 0
- 0
- 0
- 0
- 0
- 0
- 0
- 0
- 0
- 0
- 0
- 0
- 0
- 0
- 0
- 0
- 0
- 0
- 0
- 0
- 0
- 0
- 0
- 0
- 0
- 0
- 0
- 0
- 0
- 0
- 0
- 0
- 0
- 0
- 0
- 0
- 0
- 0
- 0
- 0
- 0
- 0
- 0
- 0
- 0
- 0
- 0
- 0
- 0
- 0
- 0
- 0
- 0
- 0
- '...'
---

============================================================
CMD: ros2 topic echo /global_costmap/obstacle_layer --once --qos-durability transient_local
============================================================
header:
  stamp:
    sec: 8837
    nanosec: 83794223
  frame_id: map
info:
  map_load_time:
    sec: 0
    nanosec: 0
  resolution: 0.05000000074505806
  width: 400
  height: 400
  origin:
    position:
      x: -9.975
      y: -10.025000190734863
      z: 0.0
    orientation:
      x: 0.0
      y: 0.0
      z: 0.0
      w: 1.0
data:
- 0
- 0
- 0
- 0
- 0
- 0
- 0
- 0
- 0
- 0
- 0
- 0
- 0
- 0
- 0
- 0
- 0
- 0
- 0
- 0
- 0
- 0
- 0
- 0
- 0
- 0
- 0
- 0
- 0
- 0
- 0
- 0
- 0
- 0
- 0
- 0
- 0
- 0
- 0
- 0
- 0
- 0
- 0
- 0
- 0
- 0
- 0
- 0
- 0
- 0
- 0
- 0
- 0
- 0
- 0
- 0
- 0
- 0
- 0
- 0
- 0
- 0
- 0
- 0
- 0
- 0
- 0
- 0
- 0
- 0
- 0
- 0
- 0
- 0
- 0
- 0
- 0
- 0
- 0
- 0
- 0
- 0
- 0
- 0
- 0
- 0
- 0
- 0
- 0
- 0
- 0
- 0
- 0
- 0
- 0
- 0
- 0
- 0
- 0
- 0
- 0
- 0
- 0
- 0
- 0
- 0
- 0
- 0
- 0
- 0
- 0
- 0
- 0
- 0
- 0
- 0
- 0
- 0
- 0
- 0
- 0
- 0
- 0
- 0
- 0
- 0
- 0
- 0
- '...'
---

============================================================
CMD: ros2 topic echo /local_costmap/costmap --once --qos-durability transient_local
============================================================
header:
  stamp:
    sec: 8838
    nanosec: 200460948
  frame_id: odom
info:
  map_load_time:
    sec: 0
    nanosec: 0
  resolution: 0.05000000074505806
  width: 120
  height: 120
  origin:
    position:
      x: -8.100000000372512
      y: 0.2999999996274687
      z: 0.0
    orientation:
      x: 0.0
      y: 0.0
      z: 0.0
      w: 1.0
data:
- 0
- 0
- 0
- 0
- 0
- 0
- 0
- 0
- 0
- 0
- 0
- 0
- 0
- 0
- 0
- 0
- 0
- 0
- 0
- 0
- 0
- 0
- 0
- 0
- 0
- 0
- 0
- 0
- 0
- 0
- 0
- 0
- 0
- 0
- 0
- 0
- 0
- 0
- 0
- 0
- 0
- 0
- 0
- 0
- 0
- 0
- 0
- 0
- 0
- 0
- 0
- 0
- 0
- 0
- 0
- 0
- 0
- 0
- 0
- 0
- 0
- 0
- 0
- 0
- 0
- 0
- 0
- 0
- 0
- 0
- 0
- 0
- 0
- 0
- 0
- 0
- 0
- 0
- 0
- 0
- 0
- 0
- 0
- 0
- 0
- 0
- 0
- 0
- 0
- 0
- 0
- 0
- 0
- 0
- 0
- 0
- 0
- 0
- 0
- 0
- 0
- 0
- 0
- 0
- 0
- 0
- 0
- 0
- 0
- 0
- 0
- 0
- 0
- 0
- 0
- 0
- 0
- 0
- 0
- 0
- 0
- 0
- 0
- 0
- 0
- 0
- 0
- 0
- '...'
---

============================================================
CMD: ros2 topic echo /local_costmap/lidar_layer --once --qos-durability transient_local
============================================================
header:
  stamp:
    sec: 8840
    nanosec: 400461062
  frame_id: odom
info:
  map_load_time:
    sec: 0
    nanosec: 0
  resolution: 0.05000000074505806
  width: 120
  height: 120
  origin:
    position:
      x: -8.100000000372512
      y: 0.2999999996274687
      z: 0.0
    orientation:
      x: 0.0
      y: 0.0
      z: 0.0
      w: 1.0
data:
- 0
- 0
- 0
- 0
- 0
- 0
- 0
- 0
- 0
- 0
- 0
- 0
- 0
- 0
- 0
- 0
- 0
- 0
- 0
- 0
- 0
- 0
- 0
- 0
- 0
- 0
- 0
- 0
- 0
- 0
- 0
- 0
- 0
- 0
- 0
- 0
- 0
- 0
- 0
- 0
- 0
- 0
- 0
- 0
- 0
- 0
- 0
- 0
- 0
- 0
- 0
- 0
- 0
- 0
- 0
- 0
- 0
- 0
- 0
- 0
- 0
- 0
- 0
- 0
- 0
- 0
- 0
- 0
- 0
- 0
- 0
- 0
- 0
- 0
- 0
- 0
- 0
- 0
- 0
- 0
- 0
- 0
- 0
- 0
- 0
- 0
- 0
- 0
- 0
- 0
- 0
- 0
- 0
- 0
- 0
- 0
- 0
- 0
- 0
- 0
- 0
- 0
- 0
- 0
- 0
- 0
- 0
- 0
- 0
- 0
- 0
- 0
- 0
- 0
- 0
- 0
- 0
- 0
- 0
- 0
- 0
- 0
- 0
- 0
- 0
- 0
- 0
- 0
- '...'
---

============================================================
CMD: ros2 run tf2_ros tf2_echo map odom
============================================================
[INFO] [1778520019.845260974] [tf2_echo]: Waiting for transform map ->  odom: Invalid frame ID "map" passed to canTransform argument target_frame - frame does not exist
[INFO] [1778520021.832672843] [tf2_echo]: Waiting for transform map ->  odom: Invalid frame ID "map" passed to canTransform argument target_frame - frame does not exist
At time 8844.583794509
- Translation: [-1.596, 1.013, 0.073]
- Rotation: in Quaternion (xyzw) [-0.001, 0.001, 1.000, -0.007]
- Rotation: in RPY (radian) [0.002, 0.002, -3.127]
- Rotation: in RPY (degree) [0.104, 0.101, -179.156]
- Matrix:
 -1.000  0.015 -0.002 -1.596
 -0.015 -1.000  0.002  1.013
 -0.002  0.002  1.000  0.073
  0.000  0.000  0.000  1.000
At time 8845.283794546
- Translation: [-1.596, 1.013, 0.073]
- Rotation: in Quaternion (xyzw) [-0.001, 0.001, 1.000, -0.007]
- Rotation: in RPY (radian) [0.002, 0.002, -3.127]
- Rotation: in RPY (degree) [0.104, 0.101, -179.156]
- Matrix:
 -1.000  0.015 -0.002 -1.596
 -0.015 -1.000  0.002  1.013
 -0.002  0.002  1.000  0.073
  0.000  0.000  0.000  1.000
At time 8845.983794583
- Translation: [-1.596, 1.013, 0.073]
- Rotation: in Quaternion (xyzw) [-0.001, 0.001, 1.000, -0.007]
- Rotation: in RPY (radian) [0.002, 0.002, -3.127]
- Rotation: in RPY (degree) [0.104, 0.101, -179.156]
- Matrix:
 -1.000  0.015 -0.002 -1.596
 -0.015 -1.000  0.002  1.013
 -0.002  0.002  1.000  0.073
  0.000  0.000  0.000  1.000
At time 8846.683794619
- Translation: [-1.596, 1.013, 0.073]
- Rotation: in Quaternion (xyzw) [-0.001, 0.001, 1.000, -0.007]
- Rotation: in RPY (radian) [0.002, 0.002, -3.127]
- Rotation: in RPY (degree) [0.104, 0.101, -179.156]
- Matrix:
 -1.000  0.015 -0.002 -1.596
 -0.015 -1.000  0.002  1.013
 -0.002  0.002  1.000  0.073
  0.000  0.000  0.000  1.000
At time 8847.383794656
- Translation: [-1.596, 1.013, 0.073]
- Rotation: in Quaternion (xyzw) [-0.001, 0.001, 1.000, -0.007]
- Rotation: in RPY (radian) [0.002, 0.002, -3.127]
- Rotation: in RPY (degree) [0.104, 0.101, -179.156]
- Matrix:
 -1.000  0.015 -0.002 -1.596
 -0.015 -1.000  0.002  1.013
 -0.002  0.002  1.000  0.073
  0.000  0.000  0.000  1.000
[INFO] [1778520027.688143304] [rclcpp]: signal_handler(SIGINT/SIGTERM)

============================================================
CMD: ros2 run tf2_ros tf2_echo odom base_link
============================================================
[INFO] [1778520027.959686603] [tf2_echo]: Waiting for transform odom ->  base_link: Invalid frame ID "odom" passed to canTransform argument target_frame - frame does not exist
At time 8846.950461404
- Translation: [-5.076, 3.317, -0.089]
- Rotation: in Quaternion (xyzw) [0.000, -0.000, 0.603, 0.798]
- Rotation: in RPY (radian) [0.000, -0.000, 1.294]
- Rotation: in RPY (degree) [0.003, -0.005, 74.166]
- Matrix:
  0.273 -0.962  0.000 -5.076
  0.962  0.273 -0.000  3.317
  0.000  0.000  1.000 -0.089
  0.000  0.000  0.000  1.000
At time 8847.667128108
- Translation: [-5.076, 3.317, -0.089]
- Rotation: in Quaternion (xyzw) [0.000, -0.000, 0.603, 0.798]
- Rotation: in RPY (radian) [0.000, -0.000, 1.294]
- Rotation: in RPY (degree) [0.003, -0.005, 74.166]
- Matrix:
  0.273 -0.962  0.000 -5.076
  0.962  0.273 -0.000  3.317
  0.000  0.000  1.000 -0.089
  0.000  0.000  0.000  1.000
At time 8848.367128144
- Translation: [-5.076, 3.317, -0.089]
- Rotation: in Quaternion (xyzw) [0.000, -0.000, 0.603, 0.798]
- Rotation: in RPY (radian) [0.000, -0.000, 1.294]
- Rotation: in RPY (degree) [0.003, -0.005, 74.166]
- Matrix:
  0.273 -0.962  0.000 -5.076
  0.962  0.273 -0.000  3.317
  0.000  0.000  1.000 -0.089
  0.000  0.000  0.000  1.000
At time 8849.83794848
- Translation: [-5.076, 3.317, -0.089]
- Rotation: in Quaternion (xyzw) [0.000, -0.000, 0.603, 0.798]
- Rotation: in RPY (radian) [0.000, -0.000, 1.294]
- Rotation: in RPY (degree) [0.003, -0.005, 74.166]
- Matrix:
  0.273 -0.962  0.000 -5.076
  0.962  0.273 -0.000  3.317
  0.000  0.000  1.000 -0.089
  0.000  0.000  0.000  1.000
At time 8849.783794885
- Translation: [-5.076, 3.317, -0.089]
- Rotation: in Quaternion (xyzw) [0.000, -0.000, 0.603, 0.798]
- Rotation: in RPY (radian) [0.000, -0.000, 1.294]
- Rotation: in RPY (degree) [0.003, -0.005, 74.166]
- Matrix:
  0.273 -0.962  0.000 -5.076
  0.962  0.273 -0.000  3.317
  0.000  0.000  1.000 -0.089
  0.000  0.000  0.000  1.000
At time 8850.483794922
- Translation: [-5.076, 3.317, -0.089]
- Rotation: in Quaternion (xyzw) [0.000, -0.000, 0.603, 0.798]
- Rotation: in RPY (radian) [0.000, -0.000, 1.294]
- Rotation: in RPY (degree) [0.003, -0.005, 74.166]
- Matrix:
  0.273 -0.962  0.000 -5.076
  0.962  0.273 -0.000  3.317
  0.000  0.000  1.000 -0.089
  0.000  0.000  0.000  1.000
At time 8851.183794958
- Translation: [-5.076, 3.317, -0.089]
- Rotation: in Quaternion (xyzw) [0.000, -0.000, 0.603, 0.798]
- Rotation: in RPY (radian) [0.000, -0.000, 1.294]
- Rotation: in RPY (degree) [0.003, -0.005, 74.166]
- Matrix:
  0.273 -0.962  0.000 -5.076
  0.962  0.273 -0.000  3.317
  0.000  0.000  1.000 -0.089
  0.000  0.000  0.000  1.000
[INFO] [1778520035.802744000] [rclcpp]: signal_handler(SIGINT/SIGTERM)

============================================================
CMD: ros2 run tf2_ros tf2_echo map base_link
============================================================
[INFO] [1778520036.073914321] [tf2_echo]: Waiting for transform map ->  base_link: Invalid frame ID "map" passed to canTransform argument target_frame - frame does not exist
[INFO] [1778520038.062089880] [tf2_echo]: Waiting for transform map ->  base_link: Invalid frame ID "base_link" passed to canTransform argument source_frame - frame does not exist
[INFO] [1778520039.062091059] [tf2_echo]: Waiting for transform map ->  base_link: Invalid frame ID "base_link" passed to canTransform argument source_frame - frame does not exist
[INFO] [1778520040.062113228] [tf2_echo]: Waiting for transform map ->  base_link: Lookup would require extrapolation into the past.  Requested time 8854.400462 but the earliest data is at time 8854.483795, when looking up transform from frame [base_link] to frame [map]
At time 8855.100461829
- Translation: [3.528, -2.229, -0.001]
- Rotation: in Quaternion (xyzw) [0.000, -0.001, -0.793, 0.609]
- Rotation: in RPY (radian) [0.002, -0.001, -1.832]
- Rotation: in RPY (degree) [0.129, -0.078, -104.991]
- Matrix:
 -0.259  0.966 -0.002  3.528
 -0.966 -0.259  0.002 -2.229
  0.001  0.002  1.000 -0.001
  0.000  0.000  0.000  1.000
At time 8855.817128533
- Translation: [3.528, -2.229, -0.001]
- Rotation: in Quaternion (xyzw) [0.000, -0.001, -0.793, 0.609]
- Rotation: in RPY (radian) [0.002, -0.001, -1.832]
- Rotation: in RPY (degree) [0.129, -0.078, -104.991]
- Matrix:
 -0.259  0.966 -0.002  3.528
 -0.966 -0.259  0.002 -2.229
  0.001  0.002  1.000 -0.001
  0.000  0.000  0.000  1.000
At time 8856.517128570
- Translation: [3.528, -2.229, -0.001]
- Rotation: in Quaternion (xyzw) [0.000, -0.001, -0.793, 0.609]
- Rotation: in RPY (radian) [0.002, -0.001, -1.832]
- Rotation: in RPY (degree) [0.129, -0.078, -104.990]
- Matrix:
 -0.259  0.966 -0.002  3.528
 -0.966 -0.259  0.002 -2.229
  0.001  0.002  1.000 -0.001
  0.000  0.000  0.000  1.000
[INFO] [1778520043.917291445] [rclcpp]: signal_handler(SIGINT/SIGTERM)

Detected scan frame: RPLidar_S2E

============================================================
CMD: ros2 run tf2_ros tf2_echo base_link RPLidar_S2E
============================================================
[INFO] [1778520045.205711919] [tf2_echo]: Waiting for transform base_link ->  RPLidar_S2E: Invalid frame ID "base_link" passed to canTransform argument target_frame - frame does not exist
[INFO] [1778520047.194229103] [tf2_echo]: Waiting for transform base_link ->  RPLidar_S2E: Invalid frame ID "base_link" passed to canTransform argument target_frame - frame does not exist
At time 8860.567128781
- Translation: [0.000, 0.000, 0.200]
- Rotation: in Quaternion (xyzw) [0.000, 0.000, 0.000, 1.000]
- Rotation: in RPY (radian) [0.000, -0.000, 0.000]
- Rotation: in RPY (degree) [0.000, -0.000, 0.000]
- Matrix:
  1.000 -0.000  0.000  0.000
  0.000  1.000 -0.000  0.000
  0.000  0.000  1.000  0.200
  0.000  0.000  0.000  1.000
At time 8861.267128817
- Translation: [0.000, 0.000, 0.200]
- Rotation: in Quaternion (xyzw) [0.000, 0.000, 0.000, 1.000]
- Rotation: in RPY (radian) [0.000, -0.000, 0.000]
- Rotation: in RPY (degree) [0.000, -0.000, 0.000]
- Matrix:
  1.000  0.000  0.000  0.000
  0.000  1.000  0.000  0.000
  0.000  0.000  1.000  0.200
  0.000  0.000  0.000  1.000
At time 8861.983795521
- Translation: [0.000, -0.000, 0.200]
- Rotation: in Quaternion (xyzw) [0.000, 0.000, 0.000, 1.000]
- Rotation: in RPY (radian) [0.000, -0.000, 0.000]
- Rotation: in RPY (degree) [0.000, -0.000, 0.000]
- Matrix:
  1.000  0.000  0.000  0.000
  0.000  1.000  0.000 -0.000
  0.000  0.000  1.000  0.200
  0.000  0.000  0.000  1.000
At time 8862.667128890
- Translation: [0.000, 0.000, 0.200]
- Rotation: in Quaternion (xyzw) [0.000, 0.000, 0.000, 1.000]
- Rotation: in RPY (radian) [0.000, 0.000, 0.000]
- Rotation: in RPY (degree) [0.000, 0.000, 0.000]
- Matrix:
  1.000 -0.000  0.000  0.000
  0.000  1.000  0.000  0.000
 -0.000  0.000  1.000  0.200
  0.000  0.000  0.000  1.000
[INFO] [1778520053.046903269] [rclcpp]: signal_handler(SIGINT/SIGTERM)

============================================================
CMD: ros2 run tf2_ros tf2_echo map RPLidar_S2E
============================================================
[INFO] [1778520053.325165909] [tf2_echo]: Waiting for transform map ->  RPLidar_S2E: Invalid frame ID "map" passed to canTransform argument target_frame - frame does not exist
[INFO] [1778520055.312360037] [tf2_echo]: Waiting for transform map ->  RPLidar_S2E: Lookup would require extrapolation into the past.  Requested time 8864.633796 but the earliest data is at time 8866.383796, when looking up transform from frame [RPLidar_S2E] to frame [map]
[INFO] [1778520057.312316018] [tf2_echo]: Waiting for transform map ->  RPLidar_S2E: Lookup would require extrapolation into the past.  Requested time 8866.000462 but the earliest data is at time 8866.383796, when looking up transform from frame [RPLidar_S2E] to frame [map]
At time 8866.683795766
- Translation: [3.528, -2.229, 0.199]
- Rotation: in Quaternion (xyzw) [0.000, -0.001, -0.793, 0.609]
- Rotation: in RPY (radian) [0.002, -0.001, -1.832]
- Rotation: in RPY (degree) [0.129, -0.078, -104.990]
- Matrix:
 -0.259  0.966 -0.002  3.528
 -0.966 -0.259  0.002 -2.229
  0.001  0.002  1.000  0.199
  0.000  0.000  0.000  1.000
At time 8867.383795803
- Translation: [3.528, -2.229, 0.199]
- Rotation: in Quaternion (xyzw) [0.000, -0.001, -0.793, 0.609]
- Rotation: in RPY (radian) [0.002, -0.001, -1.832]
- Rotation: in RPY (degree) [0.129, -0.078, -104.991]
- Matrix:
 -0.259  0.966 -0.002  3.528
 -0.966 -0.259  0.002 -2.229
  0.001  0.002  1.000  0.199
  0.000  0.000  0.000  1.000
At time 8868.83795839
- Translation: [3.528, -2.229, 0.199]
- Rotation: in Quaternion (xyzw) [0.000, -0.001, -0.793, 0.609]
- Rotation: in RPY (radian) [0.002, -0.001, -1.832]
- Rotation: in RPY (degree) [0.129, -0.078, -104.990]
- Matrix:
 -0.259  0.966 -0.002  3.528
 -0.966 -0.259  0.002 -2.229
  0.001  0.002  1.000  0.199
  0.000  0.000  0.000  1.000
[INFO] [1778520061.161973988] [rclcpp]: signal_handler(SIGINT/SIGTERM)

============================================================
CMD: ros2 lifecycle get /map_server
============================================================
active [3]

============================================================
CMD: ros2 lifecycle get /amcl
============================================================
active [3]

============================================================
CMD: ros2 lifecycle get /global_costmap/global_costmap
============================================================
active [3]

============================================================
CMD: ros2 lifecycle get /local_costmap/local_costmap
============================================================
active [3]

============================================================
CMD: ros2 lifecycle get /planner_server
============================================================
active [3]

============================================================
CMD: ros2 lifecycle get /controller_server
============================================================
active [3]

============================================================
CMD: ros2 lifecycle get /bt_navigator
============================================================
active [3]

============================================================
CMD: ros2 param get /amcl use_sim_time
============================================================
Boolean value is: True

============================================================
CMD: ros2 param get /amcl global_frame_id
============================================================
String value is: map

============================================================
CMD: ros2 param get /amcl odom_frame_id
============================================================
String value is: odom

============================================================
CMD: ros2 param get /amcl base_frame_id
============================================================
String value is: base_link

============================================================
CMD: ros2 param get /amcl scan_topic
============================================================
String value is: /scan

============================================================
CMD: ros2 param get /global_costmap/global_costmap global_frame
============================================================
String value is: map

============================================================
CMD: ros2 param get /global_costmap/global_costmap robot_base_frame
============================================================
String value is: base_link

============================================================
CMD: ros2 param get /global_costmap/global_costmap rolling_window
============================================================
Boolean value is: False

============================================================
CMD: ros2 param get /global_costmap/global_costmap plugins
============================================================
String values are: ['static_layer', 'obstacle_layer', 'inflation_layer']

============================================================
CMD: ros2 param get /global_costmap/global_costmap static_layer.map_topic
============================================================
String value is: 

============================================================
CMD: ros2 param get /global_costmap/global_costmap static_layer.map_subscribe_transient_local
============================================================
Boolean value is: True

============================================================
CMD: ros2 param get /global_costmap/global_costmap obstacle_layer.observation_sources
============================================================
String value is: scan

============================================================
CMD: ros2 param get /global_costmap/global_costmap obstacle_layer.scan.topic
============================================================
String value is: /scan

============================================================
CMD: ros2 param get /local_costmap/local_costmap global_frame
============================================================
String value is: odom

============================================================
CMD: ros2 param get /local_costmap/local_costmap robot_base_frame
============================================================
String value is: base_link

============================================================
CMD: ros2 param get /local_costmap/local_costmap rolling_window
============================================================
Boolean value is: True

============================================================
CMD: ros2 param get /local_costmap/local_costmap plugins
============================================================
String values are: ['lidar_layer', 'inflation_layer']

============================================================
CMD: ros2 param get /local_costmap/local_costmap lidar_layer.observation_sources
============================================================
String value is: scan

============================================================
CMD: ros2 param get /local_costmap/local_costmap lidar_layer.scan.topic
============================================================
String value is: /scan

============================================================
CMD: ros2 run tf2_tools view_frames
============================================================
[INFO] [1778520133.476190754] [view_frames]: Listening to tf data for 5.0 seconds...
[INFO] [1778520138.496194053] [view_frames]: Generating graph...
[INFO] [1778520138.497976645] [view_frames]: Result:tf2_msgs.srv.FrameGraph_Response(frame_yaml="axle_0: \n  parent: 'base_link'\n  broadcaster: 'default_authority'\n  rate: 60.316\n  most_recent_transform: 8921.317132\n  oldest_transform: 8918.150465\n  buffer_length: 3.167\nbase_link: \n  parent: 'odom'\n  broadcaster: 'default_authority'\n  rate: 60.317\n  most_recent_transform: 8921.300465\n  oldest_transform: 8918.150465\n  buffer_length: 3.150\naxle_1: \n  parent: 'base_link'\n  broadcaster: 'default_authority'\n  rate: 60.316\n  most_recent_transform: 8921.317132\n  oldest_transform: 8918.150465\n  buffer_length: 3.167\naxle_2: \n  parent: 'base_link'\n  broadcaster: 'default_authority'\n  rate: 60.316\n  most_recent_transform: 8921.317132\n  oldest_transform: 8918.150465\n  buffer_length: 3.167\nRPLidar_S2E: \n  parent: 'base_link'\n  broadcaster: 'default_authority'\n  rate: 60.316\n  most_recent_transform: 8921.317132\n  oldest_transform: 8918.150465\n  buffer_length: 3.167\nImu_Sensor: \n  parent: 'base_link'\n  broadcaster: 'default_authority'\n  rate: 60.316\n  most_recent_transform: 8921.317132\n  oldest_transform: 8918.150465\n  buffer_length: 3.167\nodom: \n  parent: 'map'\n  broadcaster: 'default_authority'\n  rate: 10.588\n  most_recent_transform: 8923.200465\n  oldest_transform: 8921.500465\n  buffer_length: 1.700\n")
[INFO] [1778520138.500338655] [view_frames]: Exporting graph in frames_2026-05-11_19.22.18.pdf file...

============================================================
DONE
Log file created:
nav2_debug_20260511_191952.log
============================================================
