[0.600s] Invoking command in '/home/hazbiu/ros2_ws/src/IsaacSim-ros_workspaces/jazzy_ws/src/navigation/isaac_ros_navigation_goal': DEBUGINFOD_URLS=https://debuginfod.ubuntu.com PYTHONPATH=/home/hazbiu/ros2_ws/build/isaac_ros_navigation_goal/prefix_override:/usr/lib/python3/dist-packages/colcon_core/task/python/colcon_distutils_commands:/home/hazbiu/ros2_ws/install/isaac_ros_navigation_goal/lib/python3.12/site-packages:${PYTHONPATH} /usr/bin/python3 -W ignore:setup.py install is deprecated -W ignore:easy_install command is deprecated setup.py egg_info --egg-base ../../../../../../build/isaac_ros_navigation_goal build --build-base /home/hazbiu/ros2_ws/build/isaac_ros_navigation_goal/build install --record /home/hazbiu/ros2_ws/build/isaac_ros_navigation_goal/install.log --single-version-externally-managed install_data
[0.772s] running egg_info
[0.773s] creating ../../../../../../build/isaac_ros_navigation_goal/isaac_ros_navigation_goal.egg-info
[0.786s] writing ../../../../../../build/isaac_ros_navigation_goal/isaac_ros_navigation_goal.egg-info/PKG-INFO
[0.786s] writing dependency_links to ../../../../../../build/isaac_ros_navigation_goal/isaac_ros_navigation_goal.egg-info/dependency_links.txt
[0.786s] writing entry points to ../../../../../../build/isaac_ros_navigation_goal/isaac_ros_navigation_goal.egg-info/entry_points.txt
[0.786s] writing requirements to ../../../../../../build/isaac_ros_navigation_goal/isaac_ros_navigation_goal.egg-info/requires.txt
[0.786s] writing top-level names to ../../../../../../build/isaac_ros_navigation_goal/isaac_ros_navigation_goal.egg-info/top_level.txt
[0.787s] writing manifest file '../../../../../../build/isaac_ros_navigation_goal/isaac_ros_navigation_goal.egg-info/SOURCES.txt'
[0.812s] reading manifest file '../../../../../../build/isaac_ros_navigation_goal/isaac_ros_navigation_goal.egg-info/SOURCES.txt'
[0.813s] writing manifest file '../../../../../../build/isaac_ros_navigation_goal/isaac_ros_navigation_goal.egg-info/SOURCES.txt'
[0.813s] running build
[0.813s] running build_py
[0.813s] creating /home/hazbiu/ros2_ws/build/isaac_ros_navigation_goal/build
[0.813s] creating /home/hazbiu/ros2_ws/build/isaac_ros_navigation_goal/build/lib
[0.813s] creating /home/hazbiu/ros2_ws/build/isaac_ros_navigation_goal/build/lib/isaac_ros_navigation_goal
[0.813s] copying isaac_ros_navigation_goal/set_goal.py -> /home/hazbiu/ros2_ws/build/isaac_ros_navigation_goal/build/lib/isaac_ros_navigation_goal
[0.813s] copying isaac_ros_navigation_goal/obstacle_map.py -> /home/hazbiu/ros2_ws/build/isaac_ros_navigation_goal/build/lib/isaac_ros_navigation_goal
[0.813s] copying isaac_ros_navigation_goal/__init__.py -> /home/hazbiu/ros2_ws/build/isaac_ros_navigation_goal/build/lib/isaac_ros_navigation_goal
[0.813s] creating /home/hazbiu/ros2_ws/build/isaac_ros_navigation_goal/build/lib/isaac_ros_navigation_goal/goal_generators
[0.814s] copying isaac_ros_navigation_goal/goal_generators/random_goal_generator.py -> /home/hazbiu/ros2_ws/build/isaac_ros_navigation_goal/build/lib/isaac_ros_navigation_goal/goal_generators
[0.814s] copying isaac_ros_navigation_goal/goal_generators/goal_generator.py -> /home/hazbiu/ros2_ws/build/isaac_ros_navigation_goal/build/lib/isaac_ros_navigation_goal/goal_generators
[0.814s] copying isaac_ros_navigation_goal/goal_generators/goal_reader.py -> /home/hazbiu/ros2_ws/build/isaac_ros_navigation_goal/build/lib/isaac_ros_navigation_goal/goal_generators
[0.814s] copying isaac_ros_navigation_goal/goal_generators/__init__.py -> /home/hazbiu/ros2_ws/build/isaac_ros_navigation_goal/build/lib/isaac_ros_navigation_goal/goal_generators
[0.814s] running install
[0.818s] running install_lib
[0.832s] creating /home/hazbiu/ros2_ws/install/isaac_ros_navigation_goal/lib/python3.12/site-packages/isaac_ros_navigation_goal
[0.832s] copying /home/hazbiu/ros2_ws/build/isaac_ros_navigation_goal/build/lib/isaac_ros_navigation_goal/set_goal.py -> /home/hazbiu/ros2_ws/install/isaac_ros_navigation_goal/lib/python3.12/site-packages/isaac_ros_navigation_goal
[0.832s] creating /home/hazbiu/ros2_ws/install/isaac_ros_navigation_goal/lib/python3.12/site-packages/isaac_ros_navigation_goal/goal_generators
[0.832s] copying /home/hazbiu/ros2_ws/build/isaac_ros_navigation_goal/build/lib/isaac_ros_navigation_goal/goal_generators/random_goal_generator.py -> /home/hazbiu/ros2_ws/install/isaac_ros_navigation_goal/lib/python3.12/site-packages/isaac_ros_navigation_goal/goal_generators
[0.832s] copying /home/hazbiu/ros2_ws/build/isaac_ros_navigation_goal/build/lib/isaac_ros_navigation_goal/goal_generators/goal_generator.py -> /home/hazbiu/ros2_ws/install/isaac_ros_navigation_goal/lib/python3.12/site-packages/isaac_ros_navigation_goal/goal_generators
[0.833s] copying /home/hazbiu/ros2_ws/build/isaac_ros_navigation_goal/build/lib/isaac_ros_navigation_goal/goal_generators/goal_reader.py -> /home/hazbiu/ros2_ws/install/isaac_ros_navigation_goal/lib/python3.12/site-packages/isaac_ros_navigation_goal/goal_generators
[0.834s] copying /home/hazbiu/ros2_ws/build/isaac_ros_navigation_goal/build/lib/isaac_ros_navigation_goal/goal_generators/__init__.py -> /home/hazbiu/ros2_ws/install/isaac_ros_navigation_goal/lib/python3.12/site-packages/isaac_ros_navigation_goal/goal_generators
[0.834s] copying /home/hazbiu/ros2_ws/build/isaac_ros_navigation_goal/build/lib/isaac_ros_navigation_goal/obstacle_map.py -> /home/hazbiu/ros2_ws/install/isaac_ros_navigation_goal/lib/python3.12/site-packages/isaac_ros_navigation_goal
[0.835s] copying /home/hazbiu/ros2_ws/build/isaac_ros_navigation_goal/build/lib/isaac_ros_navigation_goal/__init__.py -> /home/hazbiu/ros2_ws/install/isaac_ros_navigation_goal/lib/python3.12/site-packages/isaac_ros_navigation_goal
[0.835s] byte-compiling /home/hazbiu/ros2_ws/install/isaac_ros_navigation_goal/lib/python3.12/site-packages/isaac_ros_navigation_goal/set_goal.py to set_goal.cpython-312.pyc
[0.835s] byte-compiling /home/hazbiu/ros2_ws/install/isaac_ros_navigation_goal/lib/python3.12/site-packages/isaac_ros_navigation_goal/goal_generators/random_goal_generator.py to random_goal_generator.cpython-312.pyc
[0.835s] byte-compiling /home/hazbiu/ros2_ws/install/isaac_ros_navigation_goal/lib/python3.12/site-packages/isaac_ros_navigation_goal/goal_generators/goal_generator.py to goal_generator.cpython-312.pyc
[0.835s] byte-compiling /home/hazbiu/ros2_ws/install/isaac_ros_navigation_goal/lib/python3.12/site-packages/isaac_ros_navigation_goal/goal_generators/goal_reader.py to goal_reader.cpython-312.pyc
[0.835s] byte-compiling /home/hazbiu/ros2_ws/install/isaac_ros_navigation_goal/lib/python3.12/site-packages/isaac_ros_navigation_goal/goal_generators/__init__.py to __init__.cpython-312.pyc
[0.835s] byte-compiling /home/hazbiu/ros2_ws/install/isaac_ros_navigation_goal/lib/python3.12/site-packages/isaac_ros_navigation_goal/obstacle_map.py to obstacle_map.cpython-312.pyc
[0.836s] byte-compiling /home/hazbiu/ros2_ws/install/isaac_ros_navigation_goal/lib/python3.12/site-packages/isaac_ros_navigation_goal/__init__.py to __init__.cpython-312.pyc
[0.836s] running install_data
[0.836s] creating /home/hazbiu/ros2_ws/install/isaac_ros_navigation_goal/share/ament_index
[0.837s] creating /home/hazbiu/ros2_ws/install/isaac_ros_navigation_goal/share/ament_index/resource_index
[0.837s] creating /home/hazbiu/ros2_ws/install/isaac_ros_navigation_goal/share/ament_index/resource_index/packages
[0.837s] copying resource/isaac_ros_navigation_goal -> /home/hazbiu/ros2_ws/install/isaac_ros_navigation_goal/share/ament_index/resource_index/packages
[0.837s] copying package.xml -> /home/hazbiu/ros2_ws/install/isaac_ros_navigation_goal/share/isaac_ros_navigation_goal
[0.837s] creating /home/hazbiu/ros2_ws/install/isaac_ros_navigation_goal/share/isaac_ros_navigation_goal/launch
[0.837s] copying launch/isaac_ros_navigation_goal.launch.py -> /home/hazbiu/ros2_ws/install/isaac_ros_navigation_goal/share/isaac_ros_navigation_goal/launch
[0.837s] creating /home/hazbiu/ros2_ws/install/isaac_ros_navigation_goal/share/isaac_ros_navigation_goal/assets
[0.837s] copying assets/carter_warehouse_navigation.yaml -> /home/hazbiu/ros2_ws/install/isaac_ros_navigation_goal/share/isaac_ros_navigation_goal/assets
[0.837s] copying assets/goals.txt -> /home/hazbiu/ros2_ws/install/isaac_ros_navigation_goal/share/isaac_ros_navigation_goal/assets
[0.837s] copying assets/carter_warehouse_navigation.png -> /home/hazbiu/ros2_ws/install/isaac_ros_navigation_goal/share/isaac_ros_navigation_goal/assets
[0.837s] running install_egg_info
[0.849s] Copying ../../../../../../build/isaac_ros_navigation_goal/isaac_ros_navigation_goal.egg-info to /home/hazbiu/ros2_ws/install/isaac_ros_navigation_goal/lib/python3.12/site-packages/isaac_ros_navigation_goal-0.0.1-py3.12.egg-info
[0.849s] running install_scripts
[0.926s] Installing SetNavigationGoal script to /home/hazbiu/ros2_ws/install/isaac_ros_navigation_goal/lib/isaac_ros_navigation_goal
[0.926s] writing list of installed files to '/home/hazbiu/ros2_ws/build/isaac_ros_navigation_goal/install.log'
[0.945s] Invoked command in '/home/hazbiu/ros2_ws/src/IsaacSim-ros_workspaces/jazzy_ws/src/navigation/isaac_ros_navigation_goal' returned '0': DEBUGINFOD_URLS=https://debuginfod.ubuntu.com PYTHONPATH=/home/hazbiu/ros2_ws/build/isaac_ros_navigation_goal/prefix_override:/usr/lib/python3/dist-packages/colcon_core/task/python/colcon_distutils_commands:/home/hazbiu/ros2_ws/install/isaac_ros_navigation_goal/lib/python3.12/site-packages:${PYTHONPATH} /usr/bin/python3 -W ignore:setup.py install is deprecated -W ignore:easy_install command is deprecated setup.py egg_info --egg-base ../../../../../../build/isaac_ros_navigation_goal build --build-base /home/hazbiu/ros2_ws/build/isaac_ros_navigation_goal/build install --record /home/hazbiu/ros2_ws/build/isaac_ros_navigation_goal/install.log --single-version-externally-managed install_data
