[0.023s] Invoking command in '/home/hazbiu/ros2_ws/build/isaac_ros2_messages': CMAKE_PREFIX_PATH=${CMAKE_PREFIX_PATH}:/opt/ros/jazzy DEBUGINFOD_URLS=https://debuginfod.ubuntu.com /usr/bin/cmake /home/hazbiu/ros2_ws/src/IsaacSim-ros_workspaces/jazzy_ws/src/isaac_ros2_messages -DCMAKE_INSTALL_PREFIX=/home/hazbiu/ros2_ws/install/isaac_ros2_messages
[0.179s] -- The C compiler identification is GNU 13.3.0
[0.180s] -- The CXX compiler identification is GNU 13.3.0
[0.180s] -- Detecting C compiler ABI info
[0.190s] -- Detecting C compiler ABI info - done
[0.197s] -- Check for working C compiler: /usr/bin/cc - skipped
[0.198s] -- Detecting C compile features
[0.198s] -- Detecting C compile features - done
[0.206s] -- Detecting CXX compiler ABI info
[0.299s] -- Detecting CXX compiler ABI info - done
[0.306s] -- Check for working CXX compiler: /usr/bin/c++ - skipped
[0.306s] -- Detecting CXX compile features
[0.307s] -- Detecting CXX compile features - done
[0.311s] -- Found ament_cmake: 2.5.5 (/opt/ros/jazzy/share/ament_cmake/cmake)
[0.438s] -- Found Python3: /usr/bin/python3 (found version "3.12.3") found components: Interpreter 
[0.549s] -- Found ament_lint_auto: 0.17.4 (/opt/ros/jazzy/share/ament_lint_auto/cmake)
[0.665s] -- Found builtin_interfaces: 2.0.3 (/opt/ros/jazzy/share/builtin_interfaces/cmake)
[0.708s] -- Found rosidl_generator_c: 4.6.7 (/opt/ros/jazzy/share/rosidl_generator_c/cmake)
[0.723s] -- Found rosidl_generator_cpp: 4.6.7 (/opt/ros/jazzy/share/rosidl_generator_cpp/cmake)
[0.740s] -- Using all available rosidl_typesupport_c: rosidl_typesupport_fastrtps_c;rosidl_typesupport_introspection_c
[0.758s] -- Using all available rosidl_typesupport_cpp: rosidl_typesupport_fastrtps_cpp;rosidl_typesupport_introspection_cpp
[0.776s] -- Found rosidl_default_generators: 1.6.0 (/opt/ros/jazzy/share/rosidl_default_generators/cmake)
[0.793s] -- Found rosidl_adapter: 4.6.7 (/opt/ros/jazzy/share/rosidl_adapter/cmake)
[0.860s] -- Found OpenSSL: /usr/lib/x86_64-linux-gnu/libcrypto.so (found version "3.0.13")  
[0.863s] -- Found std_msgs: 5.3.6 (/opt/ros/jazzy/share/std_msgs/cmake)
[0.879s] -- Found geometry_msgs: 5.3.6 (/opt/ros/jazzy/share/geometry_msgs/cmake)
[1.274s] -- Found ament_cmake_ros: 0.12.0 (/opt/ros/jazzy/share/ament_cmake_ros/cmake)
[1.846s] -- Using all available rosidl_typesupport_c: rosidl_typesupport_fastrtps_c;rosidl_typesupport_introspection_c
[2.070s] -- Using all available rosidl_typesupport_cpp: rosidl_typesupport_fastrtps_cpp;rosidl_typesupport_introspection_cpp
[2.074s] -- Found python_cmake_module: 0.11.1 (/opt/ros/jazzy/share/python_cmake_module/cmake)
[2.164s] -- Found PythonExtra: /usr/bin/python3  
[2.453s] -- Found Python3: /usr/bin/python3 (found version "3.12.3") found components: Interpreter Development NumPy Development.Module Development.Embed 
[2.492s] -- Added test 'copyright' to check source files copyright and LICENSE
[2.493s] -- Added test 'lint_cmake' to check CMake code style
[2.494s] -- Added test 'xmllint' to check XML markup files
[2.498s] -- Configuring done (2.5s)
[2.529s] -- Generating done (0.0s)
[2.537s] -- Build files have been written to: /home/hazbiu/ros2_ws/build/isaac_ros2_messages
[2.546s] Invoked command in '/home/hazbiu/ros2_ws/build/isaac_ros2_messages' returned '0': CMAKE_PREFIX_PATH=${CMAKE_PREFIX_PATH}:/opt/ros/jazzy DEBUGINFOD_URLS=https://debuginfod.ubuntu.com /usr/bin/cmake /home/hazbiu/ros2_ws/src/IsaacSim-ros_workspaces/jazzy_ws/src/isaac_ros2_messages -DCMAKE_INSTALL_PREFIX=/home/hazbiu/ros2_ws/install/isaac_ros2_messages
[2.547s] Invoking command in '/home/hazbiu/ros2_ws/build/isaac_ros2_messages': CMAKE_PREFIX_PATH=${CMAKE_PREFIX_PATH}:/opt/ros/jazzy DEBUGINFOD_URLS=https://debuginfod.ubuntu.com /usr/bin/cmake --build /home/hazbiu/ros2_ws/build/isaac_ros2_messages -- -j24 -l24
[2.592s] [  1%] [34m[1mGenerating type hashes for ROS interfaces[0m
[2.599s] [  1%] Built target ament_cmake_python_copy_isaac_ros2_messages
[2.735s] running egg_info
[2.735s] creating isaac_ros2_messages.egg-info
[2.747s] writing isaac_ros2_messages.egg-info/PKG-INFO
[2.747s] writing dependency_links to isaac_ros2_messages.egg-info/dependency_links.txt
[2.747s] writing top-level names to isaac_ros2_messages.egg-info/top_level.txt
[2.747s] writing manifest file 'isaac_ros2_messages.egg-info/SOURCES.txt'
[2.783s] reading manifest file 'isaac_ros2_messages.egg-info/SOURCES.txt'
[2.783s] writing manifest file 'isaac_ros2_messages.egg-info/SOURCES.txt'
[2.803s] [  1%] Built target ament_cmake_python_build_isaac_ros2_messages_egg
[2.860s] [  1%] Built target isaac_ros2_messages__rosidl_generator_type_description
[2.870s] [  2%] [34m[1mGenerating C code for ROS interfaces[0m
[2.879s] [  4%] [34m[1mGenerating C++ code for ROS interfaces[0m
[3.332s] [  4%] Built target isaac_ros2_messages__cpp
[3.394s] [  5%] [32mBuilding C object CMakeFiles/isaac_ros2_messages__rosidl_generator_c.dir/rosidl_generator_c/isaac_ros2_messages/srv/detail/isaac_pose__functions.c.o[0m
[3.395s] [  8%] [32mBuilding C object CMakeFiles/isaac_ros2_messages__rosidl_generator_c.dir/rosidl_generator_c/isaac_ros2_messages/srv/detail/get_prims__type_support.c.o[0m
[3.395s] [  8%] [32mBuilding C object CMakeFiles/isaac_ros2_messages__rosidl_generator_c.dir/rosidl_generator_c/isaac_ros2_messages/srv/detail/isaac_pose__description.c.o[0m
[3.395s] [  9%] [32mBuilding C object CMakeFiles/isaac_ros2_messages__rosidl_generator_c.dir/rosidl_generator_c/isaac_ros2_messages/srv/detail/get_prims__description.c.o[0m
[3.396s] [ 10%] [32mBuilding C object CMakeFiles/isaac_ros2_messages__rosidl_generator_c.dir/rosidl_generator_c/isaac_ros2_messages/srv/detail/get_prim_attribute__functions.c.o[0m
[3.396s] [ 12%] [32mBuilding C object CMakeFiles/isaac_ros2_messages__rosidl_generator_c.dir/rosidl_generator_c/isaac_ros2_messages/srv/detail/get_prim_attributes__functions.c.o[0m
[3.396s] [ 14%] [32mBuilding C object CMakeFiles/isaac_ros2_messages__rosidl_generator_c.dir/rosidl_generator_c/isaac_ros2_messages/srv/detail/set_prim_attribute__type_support.c.o[0m
[3.396s] [ 14%] [32mBuilding C object CMakeFiles/isaac_ros2_messages__rosidl_generator_c.dir/rosidl_generator_c/isaac_ros2_messages/srv/detail/get_prim_attributes__description.c.o[0m
[3.396s] [ 17%] [32mBuilding C object CMakeFiles/isaac_ros2_messages__rosidl_generator_c.dir/rosidl_generator_c/isaac_ros2_messages/srv/detail/get_prim_attribute__description.c.o[0m
[3.397s] [ 17%] [32mBuilding C object CMakeFiles/isaac_ros2_messages__rosidl_generator_c.dir/rosidl_generator_c/isaac_ros2_messages/srv/detail/get_prim_attributes__type_support.c.o[0m
[3.397s] [ 18%] [32mBuilding C object CMakeFiles/isaac_ros2_messages__rosidl_generator_c.dir/rosidl_generator_c/isaac_ros2_messages/srv/detail/get_prim_attribute__type_support.c.o[0m
[3.397s] [ 20%] [32mBuilding C object CMakeFiles/isaac_ros2_messages__rosidl_generator_c.dir/rosidl_generator_c/isaac_ros2_messages/srv/detail/isaac_pose__type_support.c.o[0m
[3.397s] [ 21%] [32mBuilding C object CMakeFiles/isaac_ros2_messages__rosidl_generator_c.dir/rosidl_generator_c/isaac_ros2_messages/srv/detail/set_prim_attribute__description.c.o[0m
[3.398s] [ 22%] [32mBuilding C object CMakeFiles/isaac_ros2_messages__rosidl_generator_c.dir/rosidl_generator_c/isaac_ros2_messages/srv/detail/set_prim_attribute__functions.c.o[0m
[3.400s] [ 24%] [32mBuilding C object CMakeFiles/isaac_ros2_messages__rosidl_generator_c.dir/rosidl_generator_c/isaac_ros2_messages/srv/detail/get_prims__functions.c.o[0m
[3.460s] [ 25%] [32m[1mLinking C shared library libisaac_ros2_messages__rosidl_generator_c.so[0m
[3.494s] [ 25%] Built target isaac_ros2_messages__rosidl_generator_c
[3.503s] [ 31%] [34m[1mGenerating C++ type support dispatch for ROS interfaces[0m
[3.503s] [ 31%] [34m[1mGenerating C type support dispatch for ROS interfaces[0m
[3.503s] [ 31%] [34m[1mGenerating C introspection for ROS interfaces[0m
[3.503s] [ 31%] [34m[1mGenerating C++ type support for eProsima Fast-RTPS[0m
[3.503s] [ 32%] [34m[1mGenerating C++ introspection for ROS interfaces[0m
[3.503s] [ 33%] [34m[1mGenerating C type support for eProsima Fast-RTPS[0m
[3.862s] [ 37%] [32mBuilding CXX object CMakeFiles/isaac_ros2_messages__rosidl_typesupport_cpp.dir/rosidl_typesupport_cpp/isaac_ros2_messages/srv/get_prim_attribute__type_support.cpp.o[0m
[3.862s] [ 37%] [32mBuilding CXX object CMakeFiles/isaac_ros2_messages__rosidl_typesupport_cpp.dir/rosidl_typesupport_cpp/isaac_ros2_messages/srv/isaac_pose__type_support.cpp.o[0m
[3.862s] [ 37%] [32mBuilding CXX object CMakeFiles/isaac_ros2_messages__rosidl_typesupport_cpp.dir/rosidl_typesupport_cpp/isaac_ros2_messages/srv/get_prims__type_support.cpp.o[0m
[3.862s] [ 39%] [32mBuilding CXX object CMakeFiles/isaac_ros2_messages__rosidl_typesupport_cpp.dir/rosidl_typesupport_cpp/isaac_ros2_messages/srv/get_prim_attributes__type_support.cpp.o[0m
[3.864s] [ 40%] [32mBuilding CXX object CMakeFiles/isaac_ros2_messages__rosidl_typesupport_cpp.dir/rosidl_typesupport_cpp/isaac_ros2_messages/srv/set_prim_attribute__type_support.cpp.o[0m
[3.865s] [ 41%] [32mBuilding CXX object CMakeFiles/isaac_ros2_messages__rosidl_typesupport_c.dir/rosidl_typesupport_c/isaac_ros2_messages/srv/isaac_pose__type_support.cpp.o[0m
[3.868s] [ 43%] [32mBuilding CXX object CMakeFiles/isaac_ros2_messages__rosidl_typesupport_c.dir/rosidl_typesupport_c/isaac_ros2_messages/srv/get_prims__type_support.cpp.o[0m
[3.869s] [ 47%] [32mBuilding CXX object CMakeFiles/isaac_ros2_messages__rosidl_typesupport_c.dir/rosidl_typesupport_c/isaac_ros2_messages/srv/get_prim_attribute__type_support.cpp.o[0m
[3.869s] [ 47%] [32mBuilding CXX object CMakeFiles/isaac_ros2_messages__rosidl_typesupport_c.dir/rosidl_typesupport_c/isaac_ros2_messages/srv/get_prim_attributes__type_support.cpp.o[0m
[3.869s] [ 47%] [32mBuilding CXX object CMakeFiles/isaac_ros2_messages__rosidl_typesupport_c.dir/rosidl_typesupport_c/isaac_ros2_messages/srv/set_prim_attribute__type_support.cpp.o[0m
[3.913s] [ 48%] [32m[1mLinking CXX shared library libisaac_ros2_messages__rosidl_typesupport_c.so[0m
[3.918s] [ 50%] [32mBuilding CXX object CMakeFiles/isaac_ros2_messages__rosidl_typesupport_introspection_cpp.dir/rosidl_typesupport_introspection_cpp/isaac_ros2_messages/srv/detail/set_prim_attribute__type_support.cpp.o[0m
[3.918s] [ 51%] [32mBuilding CXX object CMakeFiles/isaac_ros2_messages__rosidl_typesupport_introspection_cpp.dir/rosidl_typesupport_introspection_cpp/isaac_ros2_messages/srv/detail/isaac_pose__type_support.cpp.o[0m
[3.918s] [ 52%] [32mBuilding CXX object CMakeFiles/isaac_ros2_messages__rosidl_typesupport_introspection_cpp.dir/rosidl_typesupport_introspection_cpp/isaac_ros2_messages/srv/detail/get_prim_attributes__type_support.cpp.o[0m
[3.919s] [ 54%] [32mBuilding CXX object CMakeFiles/isaac_ros2_messages__rosidl_typesupport_introspection_cpp.dir/rosidl_typesupport_introspection_cpp/isaac_ros2_messages/srv/detail/get_prims__type_support.cpp.o[0m
[3.920s] [ 55%] [32mBuilding CXX object CMakeFiles/isaac_ros2_messages__rosidl_typesupport_introspection_cpp.dir/rosidl_typesupport_introspection_cpp/isaac_ros2_messages/srv/detail/get_prim_attribute__type_support.cpp.o[0m
[3.964s] [ 55%] Built target isaac_ros2_messages__rosidl_typesupport_c
[3.964s] [ 56%] [32mBuilding C object CMakeFiles/isaac_ros2_messages__rosidl_typesupport_introspection_c.dir/rosidl_typesupport_introspection_c/isaac_ros2_messages/srv/detail/isaac_pose__type_support.c.o[0m
[3.965s] [ 58%] [32mBuilding C object CMakeFiles/isaac_ros2_messages__rosidl_typesupport_introspection_c.dir/rosidl_typesupport_introspection_c/isaac_ros2_messages/srv/detail/get_prims__type_support.c.o[0m
[3.966s] [ 59%] [32mBuilding C object CMakeFiles/isaac_ros2_messages__rosidl_typesupport_introspection_c.dir/rosidl_typesupport_introspection_c/isaac_ros2_messages/srv/detail/get_prim_attribute__type_support.c.o[0m
[3.966s] [ 60%] [32mBuilding C object CMakeFiles/isaac_ros2_messages__rosidl_typesupport_introspection_c.dir/rosidl_typesupport_introspection_c/isaac_ros2_messages/srv/detail/get_prim_attributes__type_support.c.o[0m
[3.966s] [ 62%] [32mBuilding C object CMakeFiles/isaac_ros2_messages__rosidl_typesupport_introspection_c.dir/rosidl_typesupport_introspection_c/isaac_ros2_messages/srv/detail/set_prim_attribute__type_support.c.o[0m
[4.038s] [ 63%] [32m[1mLinking C shared library libisaac_ros2_messages__rosidl_typesupport_introspection_c.so[0m
[4.081s] [ 63%] Built target isaac_ros2_messages__rosidl_typesupport_introspection_c
[4.118s] [ 64%] [32mBuilding CXX object CMakeFiles/isaac_ros2_messages__rosidl_typesupport_fastrtps_c.dir/rosidl_typesupport_fastrtps_c/isaac_ros2_messages/srv/detail/set_prim_attribute__type_support_c.cpp.o[0m
[4.119s] [ 66%] [32mBuilding CXX object CMakeFiles/isaac_ros2_messages__rosidl_typesupport_fastrtps_c.dir/rosidl_typesupport_fastrtps_c/isaac_ros2_messages/srv/detail/get_prim_attributes__type_support_c.cpp.o[0m
[4.120s] [ 68%] [32mBuilding CXX object CMakeFiles/isaac_ros2_messages__rosidl_typesupport_fastrtps_c.dir/rosidl_typesupport_fastrtps_c/isaac_ros2_messages/srv/detail/get_prims__type_support_c.cpp.o[0m
[4.120s] [ 68%] [32mBuilding CXX object CMakeFiles/isaac_ros2_messages__rosidl_typesupport_fastrtps_c.dir/rosidl_typesupport_fastrtps_c/isaac_ros2_messages/srv/detail/isaac_pose__type_support_c.cpp.o[0m
[4.120s] [ 70%] [32mBuilding CXX object CMakeFiles/isaac_ros2_messages__rosidl_typesupport_fastrtps_c.dir/rosidl_typesupport_fastrtps_c/isaac_ros2_messages/srv/detail/get_prim_attribute__type_support_c.cpp.o[0m
[4.133s] [ 71%] [32mBuilding CXX object CMakeFiles/isaac_ros2_messages__rosidl_typesupport_fastrtps_cpp.dir/rosidl_typesupport_fastrtps_cpp/isaac_ros2_messages/srv/detail/dds_fastrtps/isaac_pose__type_support.cpp.o[0m
[4.133s] [ 72%] [32mBuilding CXX object CMakeFiles/isaac_ros2_messages__rosidl_typesupport_fastrtps_cpp.dir/rosidl_typesupport_fastrtps_cpp/isaac_ros2_messages/srv/detail/dds_fastrtps/get_prims__type_support.cpp.o[0m
[4.133s] [ 74%] [32mBuilding CXX object CMakeFiles/isaac_ros2_messages__rosidl_typesupport_fastrtps_cpp.dir/rosidl_typesupport_fastrtps_cpp/isaac_ros2_messages/srv/detail/dds_fastrtps/get_prim_attributes__type_support.cpp.o[0m
[4.134s] [ 75%] [32mBuilding CXX object CMakeFiles/isaac_ros2_messages__rosidl_typesupport_fastrtps_cpp.dir/rosidl_typesupport_fastrtps_cpp/isaac_ros2_messages/srv/detail/dds_fastrtps/get_prim_attribute__type_support.cpp.o[0m
[4.137s] [ 77%] [32mBuilding CXX object CMakeFiles/isaac_ros2_messages__rosidl_typesupport_fastrtps_cpp.dir/rosidl_typesupport_fastrtps_cpp/isaac_ros2_messages/srv/detail/dds_fastrtps/set_prim_attribute__type_support.cpp.o[0m
[4.241s] [ 78%] [32m[1mLinking CXX shared library libisaac_ros2_messages__rosidl_typesupport_cpp.so[0m
[4.313s] [ 78%] Built target isaac_ros2_messages__rosidl_typesupport_cpp
[4.475s] [ 79%] [32m[1mLinking CXX shared library libisaac_ros2_messages__rosidl_typesupport_introspection_cpp.so[0m
[4.533s] [ 81%] [32m[1mLinking CXX shared library libisaac_ros2_messages__rosidl_typesupport_fastrtps_c.so[0m
[4.538s] [ 81%] Built target isaac_ros2_messages__rosidl_typesupport_introspection_cpp
[4.590s] [ 81%] Built target isaac_ros2_messages__rosidl_typesupport_fastrtps_c
[4.681s] [ 82%] [32m[1mLinking CXX shared library libisaac_ros2_messages__rosidl_typesupport_fastrtps_cpp.so[0m
[4.739s] [ 82%] Built target isaac_ros2_messages__rosidl_typesupport_fastrtps_cpp
[4.755s] [ 82%] Built target isaac_ros2_messages
[4.772s] [ 83%] [34m[1mGenerating Python code for ROS interfaces[0m
[5.503s] [ 83%] Built target isaac_ros2_messages__py
[5.521s] [ 90%] [32mBuilding C object CMakeFiles/isaac_ros2_messages__rosidl_generator_py.dir/rosidl_generator_py/isaac_ros2_messages/srv/_get_prim_attribute_s.c.o[0m
[5.521s] [ 90%] [32mBuilding C object CMakeFiles/isaac_ros2_messages__rosidl_generator_py.dir/rosidl_generator_py/isaac_ros2_messages/srv/_isaac_pose_s.c.o[0m
[5.521s] [ 90%] [32mBuilding C object CMakeFiles/isaac_ros2_messages__rosidl_generator_py.dir/rosidl_generator_py/isaac_ros2_messages/srv/_get_prim_attributes_s.c.o[0m
[5.521s] [ 90%] [32mBuilding C object CMakeFiles/isaac_ros2_messages__rosidl_generator_py.dir/rosidl_generator_py/isaac_ros2_messages/srv/_get_prims_s.c.o[0m
[5.521s] [ 90%] [32mBuilding C object CMakeFiles/isaac_ros2_messages__rosidl_generator_py.dir/rosidl_generator_py/isaac_ros2_messages/srv/_set_prim_attribute_s.c.o[0m
[5.634s] [ 91%] [32m[1mLinking C shared library libisaac_ros2_messages__rosidl_generator_py.so[0m
[5.668s] [ 91%] Built target isaac_ros2_messages__rosidl_generator_py
[5.684s] [ 94%] [32mBuilding C object CMakeFiles/isaac_ros2_messages_s__rosidl_typesupport_introspection_c.dir/rosidl_generator_py/isaac_ros2_messages/_isaac_ros2_messages_s.ep.rosidl_typesupport_introspection_c.c.o[0m
[5.684s] [ 94%] [32mBuilding C object CMakeFiles/isaac_ros2_messages_s__rosidl_typesupport_fastrtps_c.dir/rosidl_generator_py/isaac_ros2_messages/_isaac_ros2_messages_s.ep.rosidl_typesupport_fastrtps_c.c.o[0m
[5.684s] [ 95%] [32mBuilding C object CMakeFiles/isaac_ros2_messages_s__rosidl_typesupport_c.dir/rosidl_generator_py/isaac_ros2_messages/_isaac_ros2_messages_s.ep.rosidl_typesupport_c.c.o[0m
[5.775s] [ 98%] [32m[1mLinking C shared module rosidl_generator_py/isaac_ros2_messages/isaac_ros2_messages_s__rosidl_typesupport_fastrtps_c.so[0m
[5.775s] [ 98%] [32m[1mLinking C shared module rosidl_generator_py/isaac_ros2_messages/isaac_ros2_messages_s__rosidl_typesupport_introspection_c.so[0m
[5.775s] [100%] [32m[1mLinking C shared module rosidl_generator_py/isaac_ros2_messages/isaac_ros2_messages_s__rosidl_typesupport_c.so[0m
[5.800s] [100%] Built target isaac_ros2_messages_s__rosidl_typesupport_c
[5.800s] [100%] Built target isaac_ros2_messages_s__rosidl_typesupport_introspection_c
[5.801s] [100%] Built target isaac_ros2_messages_s__rosidl_typesupport_fastrtps_c
[5.810s] Invoked command in '/home/hazbiu/ros2_ws/build/isaac_ros2_messages' returned '0': CMAKE_PREFIX_PATH=${CMAKE_PREFIX_PATH}:/opt/ros/jazzy DEBUGINFOD_URLS=https://debuginfod.ubuntu.com /usr/bin/cmake --build /home/hazbiu/ros2_ws/build/isaac_ros2_messages -- -j24 -l24
[5.811s] Invoking command in '/home/hazbiu/ros2_ws/build/isaac_ros2_messages': CMAKE_PREFIX_PATH=${CMAKE_PREFIX_PATH}:/opt/ros/jazzy DEBUGINFOD_URLS=https://debuginfod.ubuntu.com /usr/bin/cmake --install /home/hazbiu/ros2_ws/build/isaac_ros2_messages
[5.819s] -- Install configuration: ""
[5.819s] -- Installing: /home/hazbiu/ros2_ws/install/isaac_ros2_messages/share/ament_index/resource_index/rosidl_interfaces/isaac_ros2_messages
[5.819s] -- Installing: /home/hazbiu/ros2_ws/install/isaac_ros2_messages/share/isaac_ros2_messages/srv/IsaacPose.json
[5.819s] -- Installing: /home/hazbiu/ros2_ws/install/isaac_ros2_messages/share/isaac_ros2_messages/srv/GetPrims.json
[5.819s] -- Installing: /home/hazbiu/ros2_ws/install/isaac_ros2_messages/share/isaac_ros2_messages/srv/GetPrimAttributes.json
[5.819s] -- Installing: /home/hazbiu/ros2_ws/install/isaac_ros2_messages/share/isaac_ros2_messages/srv/GetPrimAttribute.json
[5.819s] -- Installing: /home/hazbiu/ros2_ws/install/isaac_ros2_messages/share/isaac_ros2_messages/srv/SetPrimAttribute.json
[5.819s] -- Installing: /home/hazbiu/ros2_ws/install/isaac_ros2_messages/include/isaac_ros2_messages/isaac_ros2_messages
[5.819s] -- Installing: /home/hazbiu/ros2_ws/install/isaac_ros2_messages/include/isaac_ros2_messages/isaac_ros2_messages/srv
[5.819s] -- Installing: /home/hazbiu/ros2_ws/install/isaac_ros2_messages/include/isaac_ros2_messages/isaac_ros2_messages/srv/detail
[5.819s] -- Installing: /home/hazbiu/ros2_ws/install/isaac_ros2_messages/include/isaac_ros2_messages/isaac_ros2_messages/srv/detail/get_prims__functions.c
[5.820s] -- Installing: /home/hazbiu/ros2_ws/install/isaac_ros2_messages/include/isaac_ros2_messages/isaac_ros2_messages/srv/detail/get_prim_attribute__description.c
[5.820s] -- Installing: /home/hazbiu/ros2_ws/install/isaac_ros2_messages/include/isaac_ros2_messages/isaac_ros2_messages/srv/detail/isaac_pose__functions.c
[5.820s] -- Installing: /home/hazbiu/ros2_ws/install/isaac_ros2_messages/include/isaac_ros2_messages/isaac_ros2_messages/srv/detail/get_prim_attribute__type_support.c
[5.820s] -- Installing: /home/hazbiu/ros2_ws/install/isaac_ros2_messages/include/isaac_ros2_messages/isaac_ros2_messages/srv/detail/get_prim_attribute__type_support.h
[5.820s] -- Installing: /home/hazbiu/ros2_ws/install/isaac_ros2_messages/include/isaac_ros2_messages/isaac_ros2_messages/srv/detail/isaac_pose__description.c
[5.820s] -- Installing: /home/hazbiu/ros2_ws/install/isaac_ros2_messages/include/isaac_ros2_messages/isaac_ros2_messages/srv/detail/get_prim_attribute__struct.h
[5.820s] -- Installing: /home/hazbiu/ros2_ws/install/isaac_ros2_messages/include/isaac_ros2_messages/isaac_ros2_messages/srv/detail/isaac_pose__functions.h
[5.820s] -- Installing: /home/hazbiu/ros2_ws/install/isaac_ros2_messages/include/isaac_ros2_messages/isaac_ros2_messages/srv/detail/isaac_pose__type_support.h
[5.820s] -- Installing: /home/hazbiu/ros2_ws/install/isaac_ros2_messages/include/isaac_ros2_messages/isaac_ros2_messages/srv/detail/get_prims__struct.h
[5.820s] -- Installing: /home/hazbiu/ros2_ws/install/isaac_ros2_messages/include/isaac_ros2_messages/isaac_ros2_messages/srv/detail/get_prim_attribute__functions.c
[5.820s] -- Installing: /home/hazbiu/ros2_ws/install/isaac_ros2_messages/include/isaac_ros2_messages/isaac_ros2_messages/srv/detail/get_prim_attributes__type_support.c
[5.820s] -- Installing: /home/hazbiu/ros2_ws/install/isaac_ros2_messages/include/isaac_ros2_messages/isaac_ros2_messages/srv/detail/get_prims__functions.h
[5.820s] -- Installing: /home/hazbiu/ros2_ws/install/isaac_ros2_messages/include/isaac_ros2_messages/isaac_ros2_messages/srv/detail/isaac_pose__type_support.c
[5.821s] -- Installing: /home/hazbiu/ros2_ws/install/isaac_ros2_messages/include/isaac_ros2_messages/isaac_ros2_messages/srv/detail/set_prim_attribute__type_support.c
[5.821s] -- Installing: /home/hazbiu/ros2_ws/install/isaac_ros2_messages/include/isaac_ros2_messages/isaac_ros2_messages/srv/detail/isaac_pose__struct.h
[5.821s] -- Installing: /home/hazbiu/ros2_ws/install/isaac_ros2_messages/include/isaac_ros2_messages/isaac_ros2_messages/srv/detail/get_prim_attributes__functions.h
[5.821s] -- Installing: /home/hazbiu/ros2_ws/install/isaac_ros2_messages/include/isaac_ros2_messages/isaac_ros2_messages/srv/detail/get_prim_attributes__description.c
[5.821s] -- Installing: /home/hazbiu/ros2_ws/install/isaac_ros2_messages/include/isaac_ros2_messages/isaac_ros2_messages/srv/detail/get_prim_attribute__functions.h
[5.821s] -- Installing: /home/hazbiu/ros2_ws/install/isaac_ros2_messages/include/isaac_ros2_messages/isaac_ros2_messages/srv/detail/set_prim_attribute__functions.h
[5.821s] -- Installing: /home/hazbiu/ros2_ws/install/isaac_ros2_messages/include/isaac_ros2_messages/isaac_ros2_messages/srv/detail/get_prims__type_support.c
[5.821s] -- Installing: /home/hazbiu/ros2_ws/install/isaac_ros2_messages/include/isaac_ros2_messages/isaac_ros2_messages/srv/detail/get_prims__type_support.h
[5.821s] -- Installing: /home/hazbiu/ros2_ws/install/isaac_ros2_messages/include/isaac_ros2_messages/isaac_ros2_messages/srv/detail/set_prim_attribute__functions.c
[5.821s] -- Installing: /home/hazbiu/ros2_ws/install/isaac_ros2_messages/include/isaac_ros2_messages/isaac_ros2_messages/srv/detail/get_prim_attributes__type_support.h
[5.821s] -- Installing: /home/hazbiu/ros2_ws/install/isaac_ros2_messages/include/isaac_ros2_messages/isaac_ros2_messages/srv/detail/get_prims__description.c
[5.821s] -- Installing: /home/hazbiu/ros2_ws/install/isaac_ros2_messages/include/isaac_ros2_messages/isaac_ros2_messages/srv/detail/set_prim_attribute__description.c
[5.822s] -- Installing: /home/hazbiu/ros2_ws/install/isaac_ros2_messages/include/isaac_ros2_messages/isaac_ros2_messages/srv/detail/set_prim_attribute__type_support.h
[5.822s] -- Installing: /home/hazbiu/ros2_ws/install/isaac_ros2_messages/include/isaac_ros2_messages/isaac_ros2_messages/srv/detail/set_prim_attribute__struct.h
[5.822s] -- Installing: /home/hazbiu/ros2_ws/install/isaac_ros2_messages/include/isaac_ros2_messages/isaac_ros2_messages/srv/detail/get_prim_attributes__struct.h
[5.822s] -- Installing: /home/hazbiu/ros2_ws/install/isaac_ros2_messages/include/isaac_ros2_messages/isaac_ros2_messages/srv/detail/get_prim_attributes__functions.c
[5.822s] -- Installing: /home/hazbiu/ros2_ws/install/isaac_ros2_messages/include/isaac_ros2_messages/isaac_ros2_messages/srv/get_prims.h
[5.822s] -- Installing: /home/hazbiu/ros2_ws/install/isaac_ros2_messages/include/isaac_ros2_messages/isaac_ros2_messages/srv/isaac_pose.h
[5.822s] -- Installing: /home/hazbiu/ros2_ws/install/isaac_ros2_messages/include/isaac_ros2_messages/isaac_ros2_messages/srv/get_prim_attribute.h
[5.822s] -- Installing: /home/hazbiu/ros2_ws/install/isaac_ros2_messages/include/isaac_ros2_messages/isaac_ros2_messages/srv/get_prim_attributes.h
[5.822s] -- Installing: /home/hazbiu/ros2_ws/install/isaac_ros2_messages/include/isaac_ros2_messages/isaac_ros2_messages/srv/set_prim_attribute.h
[5.822s] -- Installing: /home/hazbiu/ros2_ws/install/isaac_ros2_messages/include/isaac_ros2_messages/isaac_ros2_messages/msg
[5.822s] -- Installing: /home/hazbiu/ros2_ws/install/isaac_ros2_messages/include/isaac_ros2_messages/isaac_ros2_messages/msg/rosidl_generator_c__visibility_control.h
[5.822s] -- Installing: /home/hazbiu/ros2_ws/install/isaac_ros2_messages/share/isaac_ros2_messages/environment/library_path.sh
[5.822s] -- Installing: /home/hazbiu/ros2_ws/install/isaac_ros2_messages/share/isaac_ros2_messages/environment/library_path.dsv
[5.822s] -- Installing: /home/hazbiu/ros2_ws/install/isaac_ros2_messages/lib/libisaac_ros2_messages__rosidl_generator_c.so
[5.823s] -- Set non-toolchain portion of runtime path of "/home/hazbiu/ros2_ws/install/isaac_ros2_messages/lib/libisaac_ros2_messages__rosidl_generator_c.so" to ""
[5.823s] -- Up-to-date: /home/hazbiu/ros2_ws/install/isaac_ros2_messages/include/isaac_ros2_messages/isaac_ros2_messages
[5.823s] -- Up-to-date: /home/hazbiu/ros2_ws/install/isaac_ros2_messages/include/isaac_ros2_messages/isaac_ros2_messages/srv
[5.823s] -- Up-to-date: /home/hazbiu/ros2_ws/install/isaac_ros2_messages/include/isaac_ros2_messages/isaac_ros2_messages/srv/detail
[5.823s] -- Installing: /home/hazbiu/ros2_ws/install/isaac_ros2_messages/include/isaac_ros2_messages/isaac_ros2_messages/srv/detail/isaac_pose__rosidl_typesupport_fastrtps_c.h
[5.823s] -- Installing: /home/hazbiu/ros2_ws/install/isaac_ros2_messages/include/isaac_ros2_messages/isaac_ros2_messages/srv/detail/get_prim_attribute__rosidl_typesupport_fastrtps_c.h
[5.823s] -- Installing: /home/hazbiu/ros2_ws/install/isaac_ros2_messages/include/isaac_ros2_messages/isaac_ros2_messages/srv/detail/set_prim_attribute__rosidl_typesupport_fastrtps_c.h
[5.823s] -- Installing: /home/hazbiu/ros2_ws/install/isaac_ros2_messages/include/isaac_ros2_messages/isaac_ros2_messages/srv/detail/get_prims__rosidl_typesupport_fastrtps_c.h
[5.823s] -- Installing: /home/hazbiu/ros2_ws/install/isaac_ros2_messages/include/isaac_ros2_messages/isaac_ros2_messages/srv/detail/get_prim_attributes__rosidl_typesupport_fastrtps_c.h
[5.823s] -- Up-to-date: /home/hazbiu/ros2_ws/install/isaac_ros2_messages/include/isaac_ros2_messages/isaac_ros2_messages/msg
[5.823s] -- Installing: /home/hazbiu/ros2_ws/install/isaac_ros2_messages/include/isaac_ros2_messages/isaac_ros2_messages/msg/rosidl_typesupport_fastrtps_c__visibility_control.h
[5.823s] -- Installing: /home/hazbiu/ros2_ws/install/isaac_ros2_messages/lib/libisaac_ros2_messages__rosidl_typesupport_fastrtps_c.so
[5.824s] -- Set non-toolchain portion of runtime path of "/home/hazbiu/ros2_ws/install/isaac_ros2_messages/lib/libisaac_ros2_messages__rosidl_typesupport_fastrtps_c.so" to ""
[5.824s] -- Up-to-date: /home/hazbiu/ros2_ws/install/isaac_ros2_messages/include/isaac_ros2_messages/isaac_ros2_messages
[5.824s] -- Up-to-date: /home/hazbiu/ros2_ws/install/isaac_ros2_messages/include/isaac_ros2_messages/isaac_ros2_messages/srv
[5.824s] -- Up-to-date: /home/hazbiu/ros2_ws/install/isaac_ros2_messages/include/isaac_ros2_messages/isaac_ros2_messages/srv/detail
[5.824s] -- Installing: /home/hazbiu/ros2_ws/install/isaac_ros2_messages/include/isaac_ros2_messages/isaac_ros2_messages/srv/detail/isaac_pose__struct.hpp
[5.824s] -- Installing: /home/hazbiu/ros2_ws/install/isaac_ros2_messages/include/isaac_ros2_messages/isaac_ros2_messages/srv/detail/get_prim_attribute__traits.hpp
[5.824s] -- Installing: /home/hazbiu/ros2_ws/install/isaac_ros2_messages/include/isaac_ros2_messages/isaac_ros2_messages/srv/detail/isaac_pose__builder.hpp
[5.824s] -- Installing: /home/hazbiu/ros2_ws/install/isaac_ros2_messages/include/isaac_ros2_messages/isaac_ros2_messages/srv/detail/get_prim_attribute__builder.hpp
[5.824s] -- Installing: /home/hazbiu/ros2_ws/install/isaac_ros2_messages/include/isaac_ros2_messages/isaac_ros2_messages/srv/detail/isaac_pose__type_support.hpp
[5.824s] -- Installing: /home/hazbiu/ros2_ws/install/isaac_ros2_messages/include/isaac_ros2_messages/isaac_ros2_messages/srv/detail/set_prim_attribute__struct.hpp
[5.824s] -- Installing: /home/hazbiu/ros2_ws/install/isaac_ros2_messages/include/isaac_ros2_messages/isaac_ros2_messages/srv/detail/get_prim_attribute__struct.hpp
[5.824s] -- Installing: /home/hazbiu/ros2_ws/install/isaac_ros2_messages/include/isaac_ros2_messages/isaac_ros2_messages/srv/detail/get_prims__builder.hpp
[5.824s] -- Installing: /home/hazbiu/ros2_ws/install/isaac_ros2_messages/include/isaac_ros2_messages/isaac_ros2_messages/srv/detail/set_prim_attribute__builder.hpp
[5.824s] -- Installing: /home/hazbiu/ros2_ws/install/isaac_ros2_messages/include/isaac_ros2_messages/isaac_ros2_messages/srv/detail/get_prims__type_support.hpp
[5.824s] -- Installing: /home/hazbiu/ros2_ws/install/isaac_ros2_messages/include/isaac_ros2_messages/isaac_ros2_messages/srv/detail/get_prims__struct.hpp
[5.824s] -- Installing: /home/hazbiu/ros2_ws/install/isaac_ros2_messages/include/isaac_ros2_messages/isaac_ros2_messages/srv/detail/get_prim_attributes__struct.hpp
[5.825s] -- Installing: /home/hazbiu/ros2_ws/install/isaac_ros2_messages/include/isaac_ros2_messages/isaac_ros2_messages/srv/detail/isaac_pose__traits.hpp
[5.825s] -- Installing: /home/hazbiu/ros2_ws/install/isaac_ros2_messages/include/isaac_ros2_messages/isaac_ros2_messages/srv/detail/get_prim_attribute__type_support.hpp
[5.825s] -- Installing: /home/hazbiu/ros2_ws/install/isaac_ros2_messages/include/isaac_ros2_messages/isaac_ros2_messages/srv/detail/get_prims__traits.hpp
[5.825s] -- Installing: /home/hazbiu/ros2_ws/install/isaac_ros2_messages/include/isaac_ros2_messages/isaac_ros2_messages/srv/detail/set_prim_attribute__traits.hpp
[5.825s] -- Installing: /home/hazbiu/ros2_ws/install/isaac_ros2_messages/include/isaac_ros2_messages/isaac_ros2_messages/srv/detail/set_prim_attribute__type_support.hpp
[5.825s] -- Installing: /home/hazbiu/ros2_ws/install/isaac_ros2_messages/include/isaac_ros2_messages/isaac_ros2_messages/srv/detail/get_prim_attributes__builder.hpp
[5.825s] -- Installing: /home/hazbiu/ros2_ws/install/isaac_ros2_messages/include/isaac_ros2_messages/isaac_ros2_messages/srv/detail/get_prim_attributes__traits.hpp
[5.825s] -- Installing: /home/hazbiu/ros2_ws/install/isaac_ros2_messages/include/isaac_ros2_messages/isaac_ros2_messages/srv/detail/get_prim_attributes__type_support.hpp
[5.825s] -- Installing: /home/hazbiu/ros2_ws/install/isaac_ros2_messages/include/isaac_ros2_messages/isaac_ros2_messages/srv/get_prim_attributes.hpp
[5.825s] -- Installing: /home/hazbiu/ros2_ws/install/isaac_ros2_messages/include/isaac_ros2_messages/isaac_ros2_messages/srv/isaac_pose.hpp
[5.825s] -- Installing: /home/hazbiu/ros2_ws/install/isaac_ros2_messages/include/isaac_ros2_messages/isaac_ros2_messages/srv/get_prim_attribute.hpp
[5.825s] -- Installing: /home/hazbiu/ros2_ws/install/isaac_ros2_messages/include/isaac_ros2_messages/isaac_ros2_messages/srv/set_prim_attribute.hpp
[5.825s] -- Installing: /home/hazbiu/ros2_ws/install/isaac_ros2_messages/include/isaac_ros2_messages/isaac_ros2_messages/srv/get_prims.hpp
[5.826s] -- Up-to-date: /home/hazbiu/ros2_ws/install/isaac_ros2_messages/include/isaac_ros2_messages/isaac_ros2_messages/msg
[5.826s] -- Installing: /home/hazbiu/ros2_ws/install/isaac_ros2_messages/include/isaac_ros2_messages/isaac_ros2_messages/msg/rosidl_generator_cpp__visibility_control.hpp
[5.826s] -- Up-to-date: /home/hazbiu/ros2_ws/install/isaac_ros2_messages/include/isaac_ros2_messages/isaac_ros2_messages
[5.826s] -- Up-to-date: /home/hazbiu/ros2_ws/install/isaac_ros2_messages/include/isaac_ros2_messages/isaac_ros2_messages/srv
[5.826s] -- Up-to-date: /home/hazbiu/ros2_ws/install/isaac_ros2_messages/include/isaac_ros2_messages/isaac_ros2_messages/srv/detail
[5.826s] -- Installing: /home/hazbiu/ros2_ws/install/isaac_ros2_messages/include/isaac_ros2_messages/isaac_ros2_messages/srv/detail/set_prim_attribute__rosidl_typesupport_fastrtps_cpp.hpp
[5.826s] -- Installing: /home/hazbiu/ros2_ws/install/isaac_ros2_messages/include/isaac_ros2_messages/isaac_ros2_messages/srv/detail/get_prims__rosidl_typesupport_fastrtps_cpp.hpp
[5.826s] -- Installing: /home/hazbiu/ros2_ws/install/isaac_ros2_messages/include/isaac_ros2_messages/isaac_ros2_messages/srv/detail/get_prim_attributes__rosidl_typesupport_fastrtps_cpp.hpp
[5.826s] -- Installing: /home/hazbiu/ros2_ws/install/isaac_ros2_messages/include/isaac_ros2_messages/isaac_ros2_messages/srv/detail/get_prim_attribute__rosidl_typesupport_fastrtps_cpp.hpp
[5.826s] -- Installing: /home/hazbiu/ros2_ws/install/isaac_ros2_messages/include/isaac_ros2_messages/isaac_ros2_messages/srv/detail/isaac_pose__rosidl_typesupport_fastrtps_cpp.hpp
[5.826s] -- Installing: /home/hazbiu/ros2_ws/install/isaac_ros2_messages/include/isaac_ros2_messages/isaac_ros2_messages/srv/detail/dds_fastrtps
[5.826s] -- Up-to-date: /home/hazbiu/ros2_ws/install/isaac_ros2_messages/include/isaac_ros2_messages/isaac_ros2_messages/msg
[5.826s] -- Installing: /home/hazbiu/ros2_ws/install/isaac_ros2_messages/include/isaac_ros2_messages/isaac_ros2_messages/msg/rosidl_typesupport_fastrtps_cpp__visibility_control.h
[5.827s] -- Installing: /home/hazbiu/ros2_ws/install/isaac_ros2_messages/lib/libisaac_ros2_messages__rosidl_typesupport_fastrtps_cpp.so
[5.827s] -- Set non-toolchain portion of runtime path of "/home/hazbiu/ros2_ws/install/isaac_ros2_messages/lib/libisaac_ros2_messages__rosidl_typesupport_fastrtps_cpp.so" to ""
[5.827s] -- Up-to-date: /home/hazbiu/ros2_ws/install/isaac_ros2_messages/include/isaac_ros2_messages/isaac_ros2_messages
[5.827s] -- Up-to-date: /home/hazbiu/ros2_ws/install/isaac_ros2_messages/include/isaac_ros2_messages/isaac_ros2_messages/srv
[5.827s] -- Up-to-date: /home/hazbiu/ros2_ws/install/isaac_ros2_messages/include/isaac_ros2_messages/isaac_ros2_messages/srv/detail
[5.827s] -- Installing: /home/hazbiu/ros2_ws/install/isaac_ros2_messages/include/isaac_ros2_messages/isaac_ros2_messages/srv/detail/get_prim_attribute__type_support.c
[5.827s] -- Installing: /home/hazbiu/ros2_ws/install/isaac_ros2_messages/include/isaac_ros2_messages/isaac_ros2_messages/srv/detail/set_prim_attribute__rosidl_typesupport_introspection_c.h
[5.827s] -- Installing: /home/hazbiu/ros2_ws/install/isaac_ros2_messages/include/isaac_ros2_messages/isaac_ros2_messages/srv/detail/get_prims__rosidl_typesupport_introspection_c.h
[5.828s] -- Installing: /home/hazbiu/ros2_ws/install/isaac_ros2_messages/include/isaac_ros2_messages/isaac_ros2_messages/srv/detail/get_prim_attributes__rosidl_typesupport_introspection_c.h
[5.828s] -- Installing: /home/hazbiu/ros2_ws/install/isaac_ros2_messages/include/isaac_ros2_messages/isaac_ros2_messages/srv/detail/get_prim_attributes__type_support.c
[5.828s] -- Installing: /home/hazbiu/ros2_ws/install/isaac_ros2_messages/include/isaac_ros2_messages/isaac_ros2_messages/srv/detail/isaac_pose__type_support.c
[5.828s] -- Installing: /home/hazbiu/ros2_ws/install/isaac_ros2_messages/include/isaac_ros2_messages/isaac_ros2_messages/srv/detail/set_prim_attribute__type_support.c
[5.828s] -- Installing: /home/hazbiu/ros2_ws/install/isaac_ros2_messages/include/isaac_ros2_messages/isaac_ros2_messages/srv/detail/get_prims__type_support.c
[5.828s] -- Installing: /home/hazbiu/ros2_ws/install/isaac_ros2_messages/include/isaac_ros2_messages/isaac_ros2_messages/srv/detail/get_prim_attribute__rosidl_typesupport_introspection_c.h
[5.828s] -- Installing: /home/hazbiu/ros2_ws/install/isaac_ros2_messages/include/isaac_ros2_messages/isaac_ros2_messages/srv/detail/isaac_pose__rosidl_typesupport_introspection_c.h
[5.828s] -- Up-to-date: /home/hazbiu/ros2_ws/install/isaac_ros2_messages/include/isaac_ros2_messages/isaac_ros2_messages/msg
[5.828s] -- Installing: /home/hazbiu/ros2_ws/install/isaac_ros2_messages/include/isaac_ros2_messages/isaac_ros2_messages/msg/rosidl_typesupport_introspection_c__visibility_control.h
[5.828s] -- Installing: /home/hazbiu/ros2_ws/install/isaac_ros2_messages/lib/libisaac_ros2_messages__rosidl_typesupport_introspection_c.so
[5.829s] -- Set non-toolchain portion of runtime path of "/home/hazbiu/ros2_ws/install/isaac_ros2_messages/lib/libisaac_ros2_messages__rosidl_typesupport_introspection_c.so" to ""
[5.829s] -- Installing: /home/hazbiu/ros2_ws/install/isaac_ros2_messages/lib/libisaac_ros2_messages__rosidl_typesupport_c.so
[5.829s] -- Set non-toolchain portion of runtime path of "/home/hazbiu/ros2_ws/install/isaac_ros2_messages/lib/libisaac_ros2_messages__rosidl_typesupport_c.so" to ""
[5.829s] -- Up-to-date: /home/hazbiu/ros2_ws/install/isaac_ros2_messages/include/isaac_ros2_messages/isaac_ros2_messages
[5.829s] -- Up-to-date: /home/hazbiu/ros2_ws/install/isaac_ros2_messages/include/isaac_ros2_messages/isaac_ros2_messages/srv
[5.829s] -- Up-to-date: /home/hazbiu/ros2_ws/install/isaac_ros2_messages/include/isaac_ros2_messages/isaac_ros2_messages/srv/detail
[5.829s] -- Installing: /home/hazbiu/ros2_ws/install/isaac_ros2_messages/include/isaac_ros2_messages/isaac_ros2_messages/srv/detail/get_prim_attribute__rosidl_typesupport_introspection_cpp.hpp
[5.829s] -- Installing: /home/hazbiu/ros2_ws/install/isaac_ros2_messages/include/isaac_ros2_messages/isaac_ros2_messages/srv/detail/get_prims__rosidl_typesupport_introspection_cpp.hpp
[5.829s] -- Installing: /home/hazbiu/ros2_ws/install/isaac_ros2_messages/include/isaac_ros2_messages/isaac_ros2_messages/srv/detail/get_prim_attribute__type_support.cpp
[5.829s] -- Installing: /home/hazbiu/ros2_ws/install/isaac_ros2_messages/include/isaac_ros2_messages/isaac_ros2_messages/srv/detail/get_prims__type_support.cpp
[5.829s] -- Installing: /home/hazbiu/ros2_ws/install/isaac_ros2_messages/include/isaac_ros2_messages/isaac_ros2_messages/srv/detail/set_prim_attribute__rosidl_typesupport_introspection_cpp.hpp
[5.829s] -- Installing: /home/hazbiu/ros2_ws/install/isaac_ros2_messages/include/isaac_ros2_messages/isaac_ros2_messages/srv/detail/isaac_pose__type_support.cpp
[5.829s] -- Installing: /home/hazbiu/ros2_ws/install/isaac_ros2_messages/include/isaac_ros2_messages/isaac_ros2_messages/srv/detail/get_prim_attributes__rosidl_typesupport_introspection_cpp.hpp
[5.830s] -- Installing: /home/hazbiu/ros2_ws/install/isaac_ros2_messages/include/isaac_ros2_messages/isaac_ros2_messages/srv/detail/isaac_pose__rosidl_typesupport_introspection_cpp.hpp
[5.830s] -- Installing: /home/hazbiu/ros2_ws/install/isaac_ros2_messages/include/isaac_ros2_messages/isaac_ros2_messages/srv/detail/set_prim_attribute__type_support.cpp
[5.830s] -- Installing: /home/hazbiu/ros2_ws/install/isaac_ros2_messages/include/isaac_ros2_messages/isaac_ros2_messages/srv/detail/get_prim_attributes__type_support.cpp
[5.830s] -- Installing: /home/hazbiu/ros2_ws/install/isaac_ros2_messages/lib/libisaac_ros2_messages__rosidl_typesupport_introspection_cpp.so
[5.830s] -- Set non-toolchain portion of runtime path of "/home/hazbiu/ros2_ws/install/isaac_ros2_messages/lib/libisaac_ros2_messages__rosidl_typesupport_introspection_cpp.so" to ""
[5.830s] -- Installing: /home/hazbiu/ros2_ws/install/isaac_ros2_messages/lib/libisaac_ros2_messages__rosidl_typesupport_cpp.so
[5.831s] -- Set non-toolchain portion of runtime path of "/home/hazbiu/ros2_ws/install/isaac_ros2_messages/lib/libisaac_ros2_messages__rosidl_typesupport_cpp.so" to ""
[5.831s] -- Installing: /home/hazbiu/ros2_ws/install/isaac_ros2_messages/share/isaac_ros2_messages/environment/pythonpath.sh
[5.831s] -- Installing: /home/hazbiu/ros2_ws/install/isaac_ros2_messages/share/isaac_ros2_messages/environment/pythonpath.dsv
[5.831s] -- Installing: /home/hazbiu/ros2_ws/install/isaac_ros2_messages/lib/python3.12/site-packages/isaac_ros2_messages-0.2.0-py3.12.egg-info
[5.831s] -- Installing: /home/hazbiu/ros2_ws/install/isaac_ros2_messages/lib/python3.12/site-packages/isaac_ros2_messages-0.2.0-py3.12.egg-info/SOURCES.txt
[5.831s] -- Installing: /home/hazbiu/ros2_ws/install/isaac_ros2_messages/lib/python3.12/site-packages/isaac_ros2_messages-0.2.0-py3.12.egg-info/PKG-INFO
[5.831s] -- Installing: /home/hazbiu/ros2_ws/install/isaac_ros2_messages/lib/python3.12/site-packages/isaac_ros2_messages-0.2.0-py3.12.egg-info/dependency_links.txt
[5.831s] -- Installing: /home/hazbiu/ros2_ws/install/isaac_ros2_messages/lib/python3.12/site-packages/isaac_ros2_messages-0.2.0-py3.12.egg-info/top_level.txt
[5.831s] -- Installing: /home/hazbiu/ros2_ws/install/isaac_ros2_messages/lib/python3.12/site-packages/isaac_ros2_messages
[5.831s] -- Installing: /home/hazbiu/ros2_ws/install/isaac_ros2_messages/lib/python3.12/site-packages/isaac_ros2_messages/_isaac_ros2_messages_s.ep.rosidl_typesupport_introspection_c.c
[5.832s] -- Installing: /home/hazbiu/ros2_ws/install/isaac_ros2_messages/lib/python3.12/site-packages/isaac_ros2_messages/isaac_ros2_messages_s__rosidl_typesupport_c.so
[5.832s] -- Installing: /home/hazbiu/ros2_ws/install/isaac_ros2_messages/lib/python3.12/site-packages/isaac_ros2_messages/isaac_ros2_messages_s__rosidl_typesupport_fastrtps_c.so
[5.832s] -- Installing: /home/hazbiu/ros2_ws/install/isaac_ros2_messages/lib/python3.12/site-packages/isaac_ros2_messages/_isaac_ros2_messages_s.ep.rosidl_typesupport_c.c
[5.832s] -- Installing: /home/hazbiu/ros2_ws/install/isaac_ros2_messages/lib/python3.12/site-packages/isaac_ros2_messages/_isaac_ros2_messages_s.ep.rosidl_typesupport_fastrtps_c.c
[5.832s] -- Installing: /home/hazbiu/ros2_ws/install/isaac_ros2_messages/lib/python3.12/site-packages/isaac_ros2_messages/srv
[5.832s] -- Installing: /home/hazbiu/ros2_ws/install/isaac_ros2_messages/lib/python3.12/site-packages/isaac_ros2_messages/srv/_get_prim_attribute_s.c
[5.832s] -- Installing: /home/hazbiu/ros2_ws/install/isaac_ros2_messages/lib/python3.12/site-packages/isaac_ros2_messages/srv/_get_prim_attribute.py
[5.832s] -- Installing: /home/hazbiu/ros2_ws/install/isaac_ros2_messages/lib/python3.12/site-packages/isaac_ros2_messages/srv/_get_prims.py
[5.832s] -- Installing: /home/hazbiu/ros2_ws/install/isaac_ros2_messages/lib/python3.12/site-packages/isaac_ros2_messages/srv/_isaac_pose.py
[5.832s] -- Installing: /home/hazbiu/ros2_ws/install/isaac_ros2_messages/lib/python3.12/site-packages/isaac_ros2_messages/srv/_isaac_pose_s.c
[5.833s] -- Installing: /home/hazbiu/ros2_ws/install/isaac_ros2_messages/lib/python3.12/site-packages/isaac_ros2_messages/srv/_get_prim_attributes.py
[5.833s] -- Installing: /home/hazbiu/ros2_ws/install/isaac_ros2_messages/lib/python3.12/site-packages/isaac_ros2_messages/srv/_set_prim_attribute.py
[5.833s] -- Installing: /home/hazbiu/ros2_ws/install/isaac_ros2_messages/lib/python3.12/site-packages/isaac_ros2_messages/srv/_get_prims_s.c
[5.833s] -- Installing: /home/hazbiu/ros2_ws/install/isaac_ros2_messages/lib/python3.12/site-packages/isaac_ros2_messages/srv/_set_prim_attribute_s.c
[5.833s] -- Installing: /home/hazbiu/ros2_ws/install/isaac_ros2_messages/lib/python3.12/site-packages/isaac_ros2_messages/srv/__init__.py
[5.833s] -- Installing: /home/hazbiu/ros2_ws/install/isaac_ros2_messages/lib/python3.12/site-packages/isaac_ros2_messages/srv/_get_prim_attributes_s.c
[5.833s] -- Installing: /home/hazbiu/ros2_ws/install/isaac_ros2_messages/lib/python3.12/site-packages/isaac_ros2_messages/__init__.py
[5.833s] -- Installing: /home/hazbiu/ros2_ws/install/isaac_ros2_messages/lib/python3.12/site-packages/isaac_ros2_messages/isaac_ros2_messages_s__rosidl_typesupport_introspection_c.so
[5.866s] Listing '/home/hazbiu/ros2_ws/install/isaac_ros2_messages/lib/python3.12/site-packages/isaac_ros2_messages'...
[5.866s] Compiling '/home/hazbiu/ros2_ws/install/isaac_ros2_messages/lib/python3.12/site-packages/isaac_ros2_messages/__init__.py'...
[5.866s] Listing '/home/hazbiu/ros2_ws/install/isaac_ros2_messages/lib/python3.12/site-packages/isaac_ros2_messages/srv'...
[5.866s] Compiling '/home/hazbiu/ros2_ws/install/isaac_ros2_messages/lib/python3.12/site-packages/isaac_ros2_messages/srv/__init__.py'...
[5.866s] Compiling '/home/hazbiu/ros2_ws/install/isaac_ros2_messages/lib/python3.12/site-packages/isaac_ros2_messages/srv/_get_prim_attribute.py'...
[5.866s] Compiling '/home/hazbiu/ros2_ws/install/isaac_ros2_messages/lib/python3.12/site-packages/isaac_ros2_messages/srv/_get_prim_attributes.py'...
[5.866s] Compiling '/home/hazbiu/ros2_ws/install/isaac_ros2_messages/lib/python3.12/site-packages/isaac_ros2_messages/srv/_get_prims.py'...
[5.866s] Compiling '/home/hazbiu/ros2_ws/install/isaac_ros2_messages/lib/python3.12/site-packages/isaac_ros2_messages/srv/_isaac_pose.py'...
[5.866s] Compiling '/home/hazbiu/ros2_ws/install/isaac_ros2_messages/lib/python3.12/site-packages/isaac_ros2_messages/srv/_set_prim_attribute.py'...
[5.870s] -- Installing: /home/hazbiu/ros2_ws/install/isaac_ros2_messages/lib/python3.12/site-packages/isaac_ros2_messages/isaac_ros2_messages_s__rosidl_typesupport_fastrtps_c.so
[5.870s] -- Set non-toolchain portion of runtime path of "/home/hazbiu/ros2_ws/install/isaac_ros2_messages/lib/python3.12/site-packages/isaac_ros2_messages/isaac_ros2_messages_s__rosidl_typesupport_fastrtps_c.so" to ""
[5.870s] -- Installing: /home/hazbiu/ros2_ws/install/isaac_ros2_messages/lib/python3.12/site-packages/isaac_ros2_messages/isaac_ros2_messages_s__rosidl_typesupport_introspection_c.so
[5.870s] -- Set non-toolchain portion of runtime path of "/home/hazbiu/ros2_ws/install/isaac_ros2_messages/lib/python3.12/site-packages/isaac_ros2_messages/isaac_ros2_messages_s__rosidl_typesupport_introspection_c.so" to ""
[5.870s] -- Installing: /home/hazbiu/ros2_ws/install/isaac_ros2_messages/lib/python3.12/site-packages/isaac_ros2_messages/isaac_ros2_messages_s__rosidl_typesupport_c.so
[5.871s] -- Set non-toolchain portion of runtime path of "/home/hazbiu/ros2_ws/install/isaac_ros2_messages/lib/python3.12/site-packages/isaac_ros2_messages/isaac_ros2_messages_s__rosidl_typesupport_c.so" to ""
[5.871s] -- Installing: /home/hazbiu/ros2_ws/install/isaac_ros2_messages/lib/libisaac_ros2_messages__rosidl_generator_py.so
[5.871s] -- Set non-toolchain portion of runtime path of "/home/hazbiu/ros2_ws/install/isaac_ros2_messages/lib/libisaac_ros2_messages__rosidl_generator_py.so" to ""
[5.871s] -- Installing: /home/hazbiu/ros2_ws/install/isaac_ros2_messages/share/isaac_ros2_messages/srv/IsaacPose.idl
[5.871s] -- Installing: /home/hazbiu/ros2_ws/install/isaac_ros2_messages/share/isaac_ros2_messages/srv/GetPrims.idl
[5.871s] -- Installing: /home/hazbiu/ros2_ws/install/isaac_ros2_messages/share/isaac_ros2_messages/srv/GetPrimAttributes.idl
[5.871s] -- Installing: /home/hazbiu/ros2_ws/install/isaac_ros2_messages/share/isaac_ros2_messages/srv/GetPrimAttribute.idl
[5.871s] -- Installing: /home/hazbiu/ros2_ws/install/isaac_ros2_messages/share/isaac_ros2_messages/srv/SetPrimAttribute.idl
[5.871s] -- Installing: /home/hazbiu/ros2_ws/install/isaac_ros2_messages/share/isaac_ros2_messages/srv/IsaacPose.srv
[5.871s] -- Installing: /home/hazbiu/ros2_ws/install/isaac_ros2_messages/share/isaac_ros2_messages/srv/GetPrims.srv
[5.872s] -- Installing: /home/hazbiu/ros2_ws/install/isaac_ros2_messages/share/isaac_ros2_messages/srv/GetPrimAttributes.srv
[5.872s] -- Installing: /home/hazbiu/ros2_ws/install/isaac_ros2_messages/share/isaac_ros2_messages/srv/GetPrimAttribute.srv
[5.872s] -- Installing: /home/hazbiu/ros2_ws/install/isaac_ros2_messages/share/isaac_ros2_messages/srv/SetPrimAttribute.srv
[5.872s] -- Installing: /home/hazbiu/ros2_ws/install/isaac_ros2_messages/share/ament_index/resource_index/package_run_dependencies/isaac_ros2_messages
[5.872s] -- Installing: /home/hazbiu/ros2_ws/install/isaac_ros2_messages/share/ament_index/resource_index/parent_prefix_path/isaac_ros2_messages
[5.872s] -- Installing: /home/hazbiu/ros2_ws/install/isaac_ros2_messages/share/isaac_ros2_messages/environment/ament_prefix_path.sh
[5.872s] -- Installing: /home/hazbiu/ros2_ws/install/isaac_ros2_messages/share/isaac_ros2_messages/environment/ament_prefix_path.dsv
[5.872s] -- Installing: /home/hazbiu/ros2_ws/install/isaac_ros2_messages/share/isaac_ros2_messages/environment/path.sh
[5.872s] -- Installing: /home/hazbiu/ros2_ws/install/isaac_ros2_messages/share/isaac_ros2_messages/environment/path.dsv
[5.872s] -- Installing: /home/hazbiu/ros2_ws/install/isaac_ros2_messages/share/isaac_ros2_messages/local_setup.bash
[5.872s] -- Installing: /home/hazbiu/ros2_ws/install/isaac_ros2_messages/share/isaac_ros2_messages/local_setup.sh
[5.872s] -- Installing: /home/hazbiu/ros2_ws/install/isaac_ros2_messages/share/isaac_ros2_messages/local_setup.zsh
[5.873s] -- Installing: /home/hazbiu/ros2_ws/install/isaac_ros2_messages/share/isaac_ros2_messages/local_setup.dsv
[5.873s] -- Installing: /home/hazbiu/ros2_ws/install/isaac_ros2_messages/share/isaac_ros2_messages/package.dsv
[5.873s] -- Installing: /home/hazbiu/ros2_ws/install/isaac_ros2_messages/share/ament_index/resource_index/packages/isaac_ros2_messages
[5.873s] -- Installing: /home/hazbiu/ros2_ws/install/isaac_ros2_messages/share/isaac_ros2_messages/cmake/export_isaac_ros2_messages__rosidl_generator_cExport.cmake
[5.873s] -- Installing: /home/hazbiu/ros2_ws/install/isaac_ros2_messages/share/isaac_ros2_messages/cmake/export_isaac_ros2_messages__rosidl_generator_cExport-noconfig.cmake
[5.873s] -- Installing: /home/hazbiu/ros2_ws/install/isaac_ros2_messages/share/isaac_ros2_messages/cmake/export_isaac_ros2_messages__rosidl_typesupport_fastrtps_cExport.cmake
[5.873s] -- Installing: /home/hazbiu/ros2_ws/install/isaac_ros2_messages/share/isaac_ros2_messages/cmake/export_isaac_ros2_messages__rosidl_typesupport_fastrtps_cExport-noconfig.cmake
[5.873s] -- Installing: /home/hazbiu/ros2_ws/install/isaac_ros2_messages/share/isaac_ros2_messages/cmake/export_isaac_ros2_messages__rosidl_generator_cppExport.cmake
[5.873s] -- Installing: /home/hazbiu/ros2_ws/install/isaac_ros2_messages/share/isaac_ros2_messages/cmake/export_isaac_ros2_messages__rosidl_typesupport_fastrtps_cppExport.cmake
[5.873s] -- Installing: /home/hazbiu/ros2_ws/install/isaac_ros2_messages/share/isaac_ros2_messages/cmake/export_isaac_ros2_messages__rosidl_typesupport_fastrtps_cppExport-noconfig.cmake
[5.873s] -- Installing: /home/hazbiu/ros2_ws/install/isaac_ros2_messages/share/isaac_ros2_messages/cmake/isaac_ros2_messages__rosidl_typesupport_introspection_cExport.cmake
[5.874s] -- Installing: /home/hazbiu/ros2_ws/install/isaac_ros2_messages/share/isaac_ros2_messages/cmake/isaac_ros2_messages__rosidl_typesupport_introspection_cExport-noconfig.cmake
[5.874s] -- Installing: /home/hazbiu/ros2_ws/install/isaac_ros2_messages/share/isaac_ros2_messages/cmake/isaac_ros2_messages__rosidl_typesupport_cExport.cmake
[5.874s] -- Installing: /home/hazbiu/ros2_ws/install/isaac_ros2_messages/share/isaac_ros2_messages/cmake/isaac_ros2_messages__rosidl_typesupport_cExport-noconfig.cmake
[5.874s] -- Installing: /home/hazbiu/ros2_ws/install/isaac_ros2_messages/share/isaac_ros2_messages/cmake/isaac_ros2_messages__rosidl_typesupport_introspection_cppExport.cmake
[5.874s] -- Installing: /home/hazbiu/ros2_ws/install/isaac_ros2_messages/share/isaac_ros2_messages/cmake/isaac_ros2_messages__rosidl_typesupport_introspection_cppExport-noconfig.cmake
[5.874s] -- Installing: /home/hazbiu/ros2_ws/install/isaac_ros2_messages/share/isaac_ros2_messages/cmake/isaac_ros2_messages__rosidl_typesupport_cppExport.cmake
[5.874s] -- Installing: /home/hazbiu/ros2_ws/install/isaac_ros2_messages/share/isaac_ros2_messages/cmake/isaac_ros2_messages__rosidl_typesupport_cppExport-noconfig.cmake
[5.874s] -- Installing: /home/hazbiu/ros2_ws/install/isaac_ros2_messages/share/isaac_ros2_messages/cmake/export_isaac_ros2_messages__rosidl_generator_pyExport.cmake
[5.874s] -- Installing: /home/hazbiu/ros2_ws/install/isaac_ros2_messages/share/isaac_ros2_messages/cmake/export_isaac_ros2_messages__rosidl_generator_pyExport-noconfig.cmake
[5.874s] -- Installing: /home/hazbiu/ros2_ws/install/isaac_ros2_messages/share/isaac_ros2_messages/cmake/rosidl_cmake-extras.cmake
[5.874s] -- Installing: /home/hazbiu/ros2_ws/install/isaac_ros2_messages/share/isaac_ros2_messages/cmake/ament_cmake_export_dependencies-extras.cmake
[5.874s] -- Installing: /home/hazbiu/ros2_ws/install/isaac_ros2_messages/share/isaac_ros2_messages/cmake/ament_cmake_export_include_directories-extras.cmake
[5.875s] -- Installing: /home/hazbiu/ros2_ws/install/isaac_ros2_messages/share/isaac_ros2_messages/cmake/ament_cmake_export_libraries-extras.cmake
[5.875s] -- Installing: /home/hazbiu/ros2_ws/install/isaac_ros2_messages/share/isaac_ros2_messages/cmake/ament_cmake_export_targets-extras.cmake
[5.875s] -- Installing: /home/hazbiu/ros2_ws/install/isaac_ros2_messages/share/isaac_ros2_messages/cmake/rosidl_cmake_export_typesupport_targets-extras.cmake
[5.875s] -- Installing: /home/hazbiu/ros2_ws/install/isaac_ros2_messages/share/isaac_ros2_messages/cmake/rosidl_cmake_export_typesupport_libraries-extras.cmake
[5.875s] -- Installing: /home/hazbiu/ros2_ws/install/isaac_ros2_messages/share/isaac_ros2_messages/cmake/isaac_ros2_messagesConfig.cmake
[5.875s] -- Installing: /home/hazbiu/ros2_ws/install/isaac_ros2_messages/share/isaac_ros2_messages/cmake/isaac_ros2_messagesConfig-version.cmake
[5.875s] -- Installing: /home/hazbiu/ros2_ws/install/isaac_ros2_messages/share/isaac_ros2_messages/package.xml
[5.877s] Invoked command in '/home/hazbiu/ros2_ws/build/isaac_ros2_messages' returned '0': CMAKE_PREFIX_PATH=${CMAKE_PREFIX_PATH}:/opt/ros/jazzy DEBUGINFOD_URLS=https://debuginfod.ubuntu.com /usr/bin/cmake --install /home/hazbiu/ros2_ws/build/isaac_ros2_messages
