[0.029s] Invoking command in '/home/hazbiu/ros2_ws/build/cmdvel_to_ackermann': CMAKE_PREFIX_PATH=${CMAKE_PREFIX_PATH}:/opt/ros/jazzy DEBUGINFOD_URLS=https://debuginfod.ubuntu.com /usr/bin/cmake /home/hazbiu/ros2_ws/src/IsaacSim-ros_workspaces/jazzy_ws/src/ackermann_control/cmdvel_to_ackermann -DCMAKE_INSTALL_PREFIX=/home/hazbiu/ros2_ws/install/cmdvel_to_ackermann
[0.188s] -- The C compiler identification is GNU 13.3.0
[0.188s] -- The CXX compiler identification is GNU 13.3.0
[0.188s] -- Detecting C compiler ABI info
[0.194s] -- Detecting C compiler ABI info - done
[0.203s] -- Check for working C compiler: /usr/bin/cc - skipped
[0.203s] -- Detecting C compile features
[0.203s] -- Detecting C compile features - done
[0.211s] -- Detecting CXX compiler ABI info
[0.296s] -- Detecting CXX compiler ABI info - done
[0.304s] -- Check for working CXX compiler: /usr/bin/c++ - skipped
[0.304s] -- Detecting CXX compile features
[0.305s] -- Detecting CXX compile features - done
[0.309s] -- Found ament_cmake: 2.5.5 (/opt/ros/jazzy/share/ament_cmake/cmake)
[0.440s] -- Found Python3: /usr/bin/python3 (found version "3.12.3") found components: Interpreter 
[0.550s] -- Found rclpy: 7.1.9 (/opt/ros/jazzy/share/rclpy/cmake)
[0.553s] -- Found ackermann_msgs: 2.0.2 (/opt/ros/jazzy/share/ackermann_msgs/cmake)
[0.606s] -- Found rosidl_generator_c: 4.6.7 (/opt/ros/jazzy/share/rosidl_generator_c/cmake)
[0.621s] -- Found rosidl_generator_cpp: 4.6.7 (/opt/ros/jazzy/share/rosidl_generator_cpp/cmake)
[0.639s] -- Using all available rosidl_typesupport_c: rosidl_typesupport_fastrtps_c;rosidl_typesupport_introspection_c
[0.660s] -- Using all available rosidl_typesupport_cpp: rosidl_typesupport_fastrtps_cpp;rosidl_typesupport_introspection_cpp
[0.712s] -- Found geometry_msgs: 5.3.6 (/opt/ros/jazzy/share/geometry_msgs/cmake)
[0.786s] -- Configuring done (0.8s)
[0.789s] -- Generating done (0.0s)
[0.790s] -- Build files have been written to: /home/hazbiu/ros2_ws/build/cmdvel_to_ackermann
[0.797s] Invoked command in '/home/hazbiu/ros2_ws/build/cmdvel_to_ackermann' returned '0': CMAKE_PREFIX_PATH=${CMAKE_PREFIX_PATH}:/opt/ros/jazzy DEBUGINFOD_URLS=https://debuginfod.ubuntu.com /usr/bin/cmake /home/hazbiu/ros2_ws/src/IsaacSim-ros_workspaces/jazzy_ws/src/ackermann_control/cmdvel_to_ackermann -DCMAKE_INSTALL_PREFIX=/home/hazbiu/ros2_ws/install/cmdvel_to_ackermann
[0.798s] Invoking command in '/home/hazbiu/ros2_ws/build/cmdvel_to_ackermann': CMAKE_PREFIX_PATH=${CMAKE_PREFIX_PATH}:/opt/ros/jazzy DEBUGINFOD_URLS=https://debuginfod.ubuntu.com /usr/bin/cmake --build /home/hazbiu/ros2_ws/build/cmdvel_to_ackermann -- -j24 -l24
[0.833s] Invoked command in '/home/hazbiu/ros2_ws/build/cmdvel_to_ackermann' returned '0': CMAKE_PREFIX_PATH=${CMAKE_PREFIX_PATH}:/opt/ros/jazzy DEBUGINFOD_URLS=https://debuginfod.ubuntu.com /usr/bin/cmake --build /home/hazbiu/ros2_ws/build/cmdvel_to_ackermann -- -j24 -l24
[0.834s] Invoking command in '/home/hazbiu/ros2_ws/build/cmdvel_to_ackermann': CMAKE_PREFIX_PATH=${CMAKE_PREFIX_PATH}:/opt/ros/jazzy DEBUGINFOD_URLS=https://debuginfod.ubuntu.com /usr/bin/cmake --install /home/hazbiu/ros2_ws/build/cmdvel_to_ackermann
[0.842s] -- Install configuration: ""
[0.842s] -- Installing: /home/hazbiu/ros2_ws/install/cmdvel_to_ackermann/share/cmdvel_to_ackermann/scripts
[0.842s] -- Installing: /home/hazbiu/ros2_ws/install/cmdvel_to_ackermann/share/cmdvel_to_ackermann/scripts/cmdvel_to_ackermann.py
[0.843s] -- Installing: /home/hazbiu/ros2_ws/install/cmdvel_to_ackermann/share/cmdvel_to_ackermann/scripts/__init__.py
[0.843s] -- Installing: /home/hazbiu/ros2_ws/install/cmdvel_to_ackermann/share/cmdvel_to_ackermann/launch
[0.843s] -- Installing: /home/hazbiu/ros2_ws/install/cmdvel_to_ackermann/share/cmdvel_to_ackermann/launch/cmdvel_to_ackermann.launch.py
[0.844s] -- Installing: /home/hazbiu/ros2_ws/install/cmdvel_to_ackermann/lib/cmdvel_to_ackermann/cmdvel_to_ackermann.py
[0.844s] -- Installing: /home/hazbiu/ros2_ws/install/cmdvel_to_ackermann/share/ament_index/resource_index/package_run_dependencies/cmdvel_to_ackermann
[0.844s] -- Installing: /home/hazbiu/ros2_ws/install/cmdvel_to_ackermann/share/ament_index/resource_index/parent_prefix_path/cmdvel_to_ackermann
[0.844s] -- Installing: /home/hazbiu/ros2_ws/install/cmdvel_to_ackermann/share/cmdvel_to_ackermann/environment/ament_prefix_path.sh
[0.844s] -- Installing: /home/hazbiu/ros2_ws/install/cmdvel_to_ackermann/share/cmdvel_to_ackermann/environment/ament_prefix_path.dsv
[0.844s] -- Installing: /home/hazbiu/ros2_ws/install/cmdvel_to_ackermann/share/cmdvel_to_ackermann/environment/path.sh
[0.844s] -- Installing: /home/hazbiu/ros2_ws/install/cmdvel_to_ackermann/share/cmdvel_to_ackermann/environment/path.dsv
[0.845s] -- Installing: /home/hazbiu/ros2_ws/install/cmdvel_to_ackermann/share/cmdvel_to_ackermann/local_setup.bash
[0.845s] -- Installing: /home/hazbiu/ros2_ws/install/cmdvel_to_ackermann/share/cmdvel_to_ackermann/local_setup.sh
[0.846s] -- Installing: /home/hazbiu/ros2_ws/install/cmdvel_to_ackermann/share/cmdvel_to_ackermann/local_setup.zsh
[0.847s] -- Installing: /home/hazbiu/ros2_ws/install/cmdvel_to_ackermann/share/cmdvel_to_ackermann/local_setup.dsv
[0.847s] -- Installing: /home/hazbiu/ros2_ws/install/cmdvel_to_ackermann/share/cmdvel_to_ackermann/package.dsv
[0.847s] -- Installing: /home/hazbiu/ros2_ws/install/cmdvel_to_ackermann/share/ament_index/resource_index/packages/cmdvel_to_ackermann
[0.847s] -- Installing: /home/hazbiu/ros2_ws/install/cmdvel_to_ackermann/share/cmdvel_to_ackermann/cmake/cmdvel_to_ackermannConfig.cmake
[0.847s] -- Installing: /home/hazbiu/ros2_ws/install/cmdvel_to_ackermann/share/cmdvel_to_ackermann/cmake/cmdvel_to_ackermannConfig-version.cmake
[0.847s] -- Installing: /home/hazbiu/ros2_ws/install/cmdvel_to_ackermann/share/cmdvel_to_ackermann/package.xml
[0.872s] Invoked command in '/home/hazbiu/ros2_ws/build/cmdvel_to_ackermann' returned '0': CMAKE_PREFIX_PATH=${CMAKE_PREFIX_PATH}:/opt/ros/jazzy DEBUGINFOD_URLS=https://debuginfod.ubuntu.com /usr/bin/cmake --install /home/hazbiu/ros2_ws/build/cmdvel_to_ackermann
