[INFO] [1772269068.527081320] [slam_toolbox]: Node using stack size 40000000
[INFO] [1772269068.551758792] [slam_toolbox]: Using solver plugin solver_plugins::CeresSolver
[INFO] [1772269068.551836201] [slam_toolbox]: CeresSolver: Using SCHUR_JACOBI preconditioner.
[WARN] [1772269169.175619204] [tf2_buffer]: Detected jump back in time. Clearing TF buffer.
[WARN] [1772269169.751544763] [tf2_buffer]: Detected jump back in time. Clearing TF buffer.
[WARN] [1772269171.404855447] [tf2_buffer]: Detected jump back in time. Clearing TF buffer.
[WARN] [1772269171.722340155] [tf2_buffer]: Detected jump back in time. Clearing TF buffer.
[WARN] [1772269171.742154571] [tf2_buffer]: Detected jump back in time. Clearing TF buffer.
[WARN] [1772269171.772654433] [tf2_buffer]: Detected jump back in time. Clearing TF buffer.
[WARN] [1772269171.797844581] [tf2_buffer]: Detected jump back in time. Clearing TF buffer.
[WARN] [1772269171.827704378] [tf2_buffer]: Detected jump back in time. Clearing TF buffer.
[WARN] [1772269171.855408000] [tf2_buffer]: Detected jump back in time. Clearing TF buffer.
[WARN] [1772269171.884202994] [tf2_buffer]: Detected jump back in time. Clearing TF buffer.
[WARN] [1772269171.914542247] [tf2_buffer]: Detected jump back in time. Clearing TF buffer.
[WARN] [1772269171.939702006] [tf2_buffer]: Detected jump back in time. Clearing TF buffer.
[WARN] [1772269171.975182234] [tf2_buffer]: Detected jump back in time. Clearing TF buffer.
[WARN] [1772269172.000370283] [tf2_buffer]: Detected jump back in time. Clearing TF buffer.
[WARN] [1772269172.025534021] [tf2_buffer]: Detected jump back in time. Clearing TF buffer.
[WARN] [1772269172.046288230] [tf2_buffer]: Detected jump back in time. Clearing TF buffer.
[WARN] [1772269172.075951888] [tf2_buffer]: Detected jump back in time. Clearing TF buffer.
[WARN] [1772269172.101158677] [tf2_buffer]: Detected jump back in time. Clearing TF buffer.
[WARN] [1772269172.131339121] [tf2_buffer]: Detected jump back in time. Clearing TF buffer.
[WARN] [1772269172.156527550] [tf2_buffer]: Detected jump back in time. Clearing TF buffer.
[WARN] [1772269172.181749638] [tf2_buffer]: Detected jump back in time. Clearing TF buffer.
[WARN] [1772269172.206883677] [tf2_buffer]: Detected jump back in time. Clearing TF buffer.
[WARN] [1772269172.232189665] [tf2_buffer]: Detected jump back in time. Clearing TF buffer.
[WARN] [1772269172.257930279] [tf2_buffer]: Detected jump back in time. Clearing TF buffer.
[WARN] [1772269172.285132614] [tf2_buffer]: Detected jump back in time. Clearing TF buffer.
[WARN] [1772269172.303348760] [tf2_buffer]: Detected jump back in time. Clearing TF buffer.
[WARN] [1772269172.333474355] [tf2_buffer]: Detected jump back in time. Clearing TF buffer.
[WARN] [1772269172.358633884] [tf2_buffer]: Detected jump back in time. Clearing TF buffer.
[WARN] [1772269172.384099930] [tf2_buffer]: Detected jump back in time. Clearing TF buffer.
[WARN] [1772269172.414338425] [tf2_buffer]: Detected jump back in time. Clearing TF buffer.
[WARN] [1772269172.439244445] [tf2_buffer]: Detected jump back in time. Clearing TF buffer.
[WARN] [1772269172.464391784] [tf2_buffer]: Detected jump back in time. Clearing TF buffer.
[WARN] [1772269172.494613288] [tf2_buffer]: Detected jump back in time. Clearing TF buffer.
[WARN] [1772269172.519059232] [tf2_buffer]: Detected jump back in time. Clearing TF buffer.
[WARN] [1772269172.539865270] [tf2_buffer]: Detected jump back in time. Clearing TF buffer.
[WARN] [1772269172.571166257] [tf2_buffer]: Detected jump back in time. Clearing TF buffer.
[WARN] [1772269172.596332245] [tf2_buffer]: Detected jump back in time. Clearing TF buffer.
[WARN] [1772269172.626504190] [tf2_buffer]: Detected jump back in time. Clearing TF buffer.
[WARN] [1772269172.656806944] [tf2_buffer]: Detected jump back in time. Clearing TF buffer.
[WARN] [1772269172.673358891] [tf2_buffer]: Detected jump back in time. Clearing TF buffer.
[WARN] [1772269172.698501710] [tf2_buffer]: Detected jump back in time. Clearing TF buffer.
[WARN] [1772269172.728725344] [tf2_buffer]: Detected jump back in time. Clearing TF buffer.
[WARN] [1772269172.769229258] [tf2_buffer]: Detected jump back in time. Clearing TF buffer.
[WARN] [1772269172.785633366] [tf2_buffer]: Detected jump back in time. Clearing TF buffer.
[WARN] [1772269172.815918990] [tf2_buffer]: Detected jump back in time. Clearing TF buffer.
[WARN] [1772269172.841055189] [tf2_buffer]: Detected jump back in time. Clearing TF buffer.
[WARN] [1772269172.866741635] [tf2_buffer]: Detected jump back in time. Clearing TF buffer.
[WARN] [1772269172.896237984] [tf2_buffer]: Detected jump back in time. Clearing TF buffer.
[WARN] [1772269172.921240413] [tf2_buffer]: Detected jump back in time. Clearing TF buffer.
[WARN] [1772269172.951532817] [tf2_buffer]: Detected jump back in time. Clearing TF buffer.
[WARN] [1772269172.981883741] [tf2_buffer]: Detected jump back in time. Clearing TF buffer.
[WARN] [1772269173.006969520] [tf2_buffer]: Detected jump back in time. Clearing TF buffer.
[WARN] [1772269173.057173788] [tf2_buffer]: Detected jump back in time. Clearing TF buffer.
[WARN] [1772269173.087226463] [tf2_buffer]: Detected jump back in time. Clearing TF buffer.
[WARN] [1772269173.107271097] [tf2_buffer]: Detected jump back in time. Clearing TF buffer.
[WARN] [1772269173.132255737] [tf2_buffer]: Detected jump back in time. Clearing TF buffer.
[WARN] [1772269173.157226037] [tf2_buffer]: Detected jump back in time. Clearing TF buffer.
[WARN] [1772269173.187284122] [tf2_buffer]: Detected jump back in time. Clearing TF buffer.
[WARN] [1772269173.217279708] [tf2_buffer]: Detected jump back in time. Clearing TF buffer.
[WARN] [1772269173.242421237] [tf2_buffer]: Detected jump back in time. Clearing TF buffer.
[WARN] [1772269173.262602129] [tf2_buffer]: Detected jump back in time. Clearing TF buffer.
[WARN] [1772269173.294699721] [tf2_buffer]: Detected jump back in time. Clearing TF buffer.
[WARN] [1772269173.317802244] [tf2_buffer]: Detected jump back in time. Clearing TF buffer.
[WARN] [1772269173.347906808] [tf2_buffer]: Detected jump back in time. Clearing TF buffer.
[WARN] [1772269173.373088407] [tf2_buffer]: Detected jump back in time. Clearing TF buffer.
[WARN] [1772269173.398115647] [tf2_buffer]: Detected jump back in time. Clearing TF buffer.
[WARN] [1772269173.428310921] [tf2_buffer]: Detected jump back in time. Clearing TF buffer.
[WARN] [1772269173.448282885] [tf2_buffer]: Detected jump back in time. Clearing TF buffer.
[WARN] [1772269173.478206041] [tf2_buffer]: Detected jump back in time. Clearing TF buffer.
[WARN] [1772269173.505795444] [tf2_buffer]: Detected jump back in time. Clearing TF buffer.
[WARN] [1772269173.528630658] [tf2_buffer]: Detected jump back in time. Clearing TF buffer.
[WARN] [1772269173.558872582] [tf2_buffer]: Detected jump back in time. Clearing TF buffer.
[WARN] [1772269173.583890122] [tf2_buffer]: Detected jump back in time. Clearing TF buffer.
[WARN] [1772269173.608984841] [tf2_buffer]: Detected jump back in time. Clearing TF buffer.
[WARN] [1772269173.639251925] [tf2_buffer]: Detected jump back in time. Clearing TF buffer.
[WARN] [1772269173.659252069] [tf2_buffer]: Detected jump back in time. Clearing TF buffer.
[INFO] [1772269173.682895358] [rclcpp]: signal_handler(SIGINT/SIGTERM)
