[0.033s] Invoking command in '/home/hazbiu/ros2_ws/build/carter_navigation': CMAKE_PREFIX_PATH=${CMAKE_PREFIX_PATH}:/opt/ros/jazzy DEBUGINFOD_URLS=https://debuginfod.ubuntu.com /usr/bin/cmake /home/hazbiu/ros2_ws/src/IsaacSim-ros_workspaces/jazzy_ws/src/navigation/carter_navigation -DCMAKE_INSTALL_PREFIX=/home/hazbiu/ros2_ws/install/carter_navigation
[0.193s] -- The C compiler identification is GNU 13.3.0
[0.193s] -- The CXX compiler identification is GNU 13.3.0
[0.193s] -- Detecting C compiler ABI info
[0.200s] -- Detecting C compiler ABI info - done
[0.207s] -- Check for working C compiler: /usr/bin/cc - skipped
[0.207s] -- Detecting C compile features
[0.207s] -- Detecting C compile features - done
[0.216s] -- Detecting CXX compiler ABI info
[0.306s] -- Detecting CXX compiler ABI info - done
[0.312s] -- Check for working CXX compiler: /usr/bin/c++ - skipped
[0.313s] -- Detecting CXX compile features
[0.313s] -- Detecting CXX compile features - done
[0.317s] -- Found ament_cmake: 2.5.5 (/opt/ros/jazzy/share/ament_cmake/cmake)
[0.448s] -- Found Python3: /usr/bin/python3 (found version "3.12.3") found components: Interpreter 
[0.621s] -- Configuring done (0.6s)
[0.624s] -- Generating done (0.0s)
[0.625s] -- Build files have been written to: /home/hazbiu/ros2_ws/build/carter_navigation
[0.630s] Invoked command in '/home/hazbiu/ros2_ws/build/carter_navigation' returned '0': CMAKE_PREFIX_PATH=${CMAKE_PREFIX_PATH}:/opt/ros/jazzy DEBUGINFOD_URLS=https://debuginfod.ubuntu.com /usr/bin/cmake /home/hazbiu/ros2_ws/src/IsaacSim-ros_workspaces/jazzy_ws/src/navigation/carter_navigation -DCMAKE_INSTALL_PREFIX=/home/hazbiu/ros2_ws/install/carter_navigation
[0.630s] Invoking command in '/home/hazbiu/ros2_ws/build/carter_navigation': CMAKE_PREFIX_PATH=${CMAKE_PREFIX_PATH}:/opt/ros/jazzy DEBUGINFOD_URLS=https://debuginfod.ubuntu.com /usr/bin/cmake --build /home/hazbiu/ros2_ws/build/carter_navigation -- -j24 -l24
[0.667s] Invoked command in '/home/hazbiu/ros2_ws/build/carter_navigation' returned '0': CMAKE_PREFIX_PATH=${CMAKE_PREFIX_PATH}:/opt/ros/jazzy DEBUGINFOD_URLS=https://debuginfod.ubuntu.com /usr/bin/cmake --build /home/hazbiu/ros2_ws/build/carter_navigation -- -j24 -l24
[0.678s] Invoking command in '/home/hazbiu/ros2_ws/build/carter_navigation': CMAKE_PREFIX_PATH=${CMAKE_PREFIX_PATH}:/opt/ros/jazzy DEBUGINFOD_URLS=https://debuginfod.ubuntu.com /usr/bin/cmake --install /home/hazbiu/ros2_ws/build/carter_navigation
[0.685s] -- Install configuration: ""
[0.685s] -- Installing: /home/hazbiu/ros2_ws/install/carter_navigation/share/carter_navigation/launch
[0.685s] -- Installing: /home/hazbiu/ros2_ws/install/carter_navigation/share/carter_navigation/launch/multiple_robot_carter_navigation_office.launch.py
[0.686s] -- Installing: /home/hazbiu/ros2_ws/install/carter_navigation/share/carter_navigation/launch/nova_carter_description_isaac_sim.launch.py
[0.686s] -- Installing: /home/hazbiu/ros2_ws/install/carter_navigation/share/carter_navigation/launch/carter_navigation_isaacsim.launch.py
[0.686s] -- Installing: /home/hazbiu/ros2_ws/install/carter_navigation/share/carter_navigation/launch/multiple_robot_carter_navigation_hospital.launch.py
[0.686s] -- Installing: /home/hazbiu/ros2_ws/install/carter_navigation/share/carter_navigation/launch/carter_navigation.launch.py
[0.686s] -- Installing: /home/hazbiu/ros2_ws/install/carter_navigation/share/carter_navigation/launch/carter_navigation_individual.launch.py
[0.686s] -- Installing: /home/hazbiu/ros2_ws/install/carter_navigation/share/carter_navigation/params
[0.687s] -- Installing: /home/hazbiu/ros2_ws/install/carter_navigation/share/carter_navigation/params/carter_navigation_params.yaml
[0.687s] -- Installing: /home/hazbiu/ros2_ws/install/carter_navigation/share/carter_navigation/params/office
[0.687s] -- Installing: /home/hazbiu/ros2_ws/install/carter_navigation/share/carter_navigation/params/office/multi_robot_carter_navigation_params_2.yaml
[0.687s] -- Installing: /home/hazbiu/ros2_ws/install/carter_navigation/share/carter_navigation/params/office/multi_robot_carter_navigation_params_1.yaml
[0.687s] -- Installing: /home/hazbiu/ros2_ws/install/carter_navigation/share/carter_navigation/params/office/multi_robot_carter_navigation_params_3.yaml
[0.687s] -- Installing: /home/hazbiu/ros2_ws/install/carter_navigation/share/carter_navigation/params/hospital
[0.687s] -- Installing: /home/hazbiu/ros2_ws/install/carter_navigation/share/carter_navigation/params/hospital/multi_robot_carter_navigation_params_2.yaml
[0.687s] -- Installing: /home/hazbiu/ros2_ws/install/carter_navigation/share/carter_navigation/params/hospital/multi_robot_carter_navigation_params_1.yaml
[0.687s] -- Installing: /home/hazbiu/ros2_ws/install/carter_navigation/share/carter_navigation/params/hospital/multi_robot_carter_navigation_params_3.yaml
[0.687s] -- Installing: /home/hazbiu/ros2_ws/install/carter_navigation/share/carter_navigation/maps
[0.687s] -- Installing: /home/hazbiu/ros2_ws/install/carter_navigation/share/carter_navigation/maps/carter_office_navigation.yaml
[0.687s] -- Installing: /home/hazbiu/ros2_ws/install/carter_navigation/share/carter_navigation/maps/carter_warehouse_navigation.yaml
[0.687s] -- Installing: /home/hazbiu/ros2_ws/install/carter_navigation/share/carter_navigation/maps/carter_warehouse_navigation.png
[0.687s] -- Installing: /home/hazbiu/ros2_ws/install/carter_navigation/share/carter_navigation/maps/carter_office_navigation.png
[0.687s] -- Installing: /home/hazbiu/ros2_ws/install/carter_navigation/share/carter_navigation/maps/carter_hospital_navigation.yaml
[0.687s] -- Installing: /home/hazbiu/ros2_ws/install/carter_navigation/share/carter_navigation/maps/carter_hospital_navigation.png
[0.687s] -- Installing: /home/hazbiu/ros2_ws/install/carter_navigation/share/carter_navigation/rviz2
[0.687s] -- Installing: /home/hazbiu/ros2_ws/install/carter_navigation/share/carter_navigation/rviz2/carter_navigation.rviz
[0.688s] -- Installing: /home/hazbiu/ros2_ws/install/carter_navigation/share/carter_navigation/rviz2/carter_navigation_namespaced.rviz
[0.688s] -- Installing: /home/hazbiu/ros2_ws/install/carter_navigation/share/ament_index/resource_index/package_run_dependencies/carter_navigation
[0.688s] -- Installing: /home/hazbiu/ros2_ws/install/carter_navigation/share/ament_index/resource_index/parent_prefix_path/carter_navigation
[0.688s] -- Installing: /home/hazbiu/ros2_ws/install/carter_navigation/share/carter_navigation/environment/ament_prefix_path.sh
[0.688s] -- Installing: /home/hazbiu/ros2_ws/install/carter_navigation/share/carter_navigation/environment/ament_prefix_path.dsv
[0.688s] -- Installing: /home/hazbiu/ros2_ws/install/carter_navigation/share/carter_navigation/environment/path.sh
[0.688s] -- Installing: /home/hazbiu/ros2_ws/install/carter_navigation/share/carter_navigation/environment/path.dsv
[0.688s] -- Installing: /home/hazbiu/ros2_ws/install/carter_navigation/share/carter_navigation/local_setup.bash
[0.688s] -- Installing: /home/hazbiu/ros2_ws/install/carter_navigation/share/carter_navigation/local_setup.sh
[0.689s] -- Installing: /home/hazbiu/ros2_ws/install/carter_navigation/share/carter_navigation/local_setup.zsh
[0.689s] -- Installing: /home/hazbiu/ros2_ws/install/carter_navigation/share/carter_navigation/local_setup.dsv
[0.689s] -- Installing: /home/hazbiu/ros2_ws/install/carter_navigation/share/carter_navigation/package.dsv
[0.689s] -- Installing: /home/hazbiu/ros2_ws/install/carter_navigation/share/ament_index/resource_index/packages/carter_navigation
[0.689s] -- Installing: /home/hazbiu/ros2_ws/install/carter_navigation/share/carter_navigation/cmake/carter_navigationConfig.cmake
[0.689s] -- Installing: /home/hazbiu/ros2_ws/install/carter_navigation/share/carter_navigation/cmake/carter_navigationConfig-version.cmake
[0.689s] -- Installing: /home/hazbiu/ros2_ws/install/carter_navigation/share/carter_navigation/package.xml
[0.707s] Invoked command in '/home/hazbiu/ros2_ws/build/carter_navigation' returned '0': CMAKE_PREFIX_PATH=${CMAKE_PREFIX_PATH}:/opt/ros/jazzy DEBUGINFOD_URLS=https://debuginfod.ubuntu.com /usr/bin/cmake --install /home/hazbiu/ros2_ws/build/carter_navigation
