[0.165s] Invoking command in '/home/hazbiu/ros2_ws/build/iw_hub_navigation': CMAKE_PREFIX_PATH=${CMAKE_PREFIX_PATH}:/opt/ros/jazzy DEBUGINFOD_URLS=https://debuginfod.ubuntu.com /usr/bin/cmake /home/hazbiu/ros2_ws/src/IsaacSim-ros_workspaces/jazzy_ws/src/navigation/iw_hub_navigation -DCMAKE_INSTALL_PREFIX=/home/hazbiu/ros2_ws/install/iw_hub_navigation
[0.214s] -- The C compiler identification is GNU 13.3.0
[0.261s] -- The CXX compiler identification is GNU 13.3.0
[0.276s] -- Detecting C compiler ABI info
[0.348s] -- Detecting C compiler ABI info - done
[0.354s] -- Check for working C compiler: /usr/bin/cc - skipped
[0.354s] -- Detecting C compile features
[0.355s] -- Detecting C compile features - done
[0.362s] -- Detecting CXX compiler ABI info
[0.454s] -- Detecting CXX compiler ABI info - done
[0.462s] -- Check for working CXX compiler: /usr/bin/c++ - skipped
[0.463s] -- Detecting CXX compile features
[0.463s] -- Detecting CXX compile features - done
[0.468s] -- Found ament_cmake: 2.5.5 (/opt/ros/jazzy/share/ament_cmake/cmake)
[0.594s] -- Found Python3: /usr/bin/python3 (found version "3.12.3") found components: Interpreter 
[0.766s] -- Configuring done (0.6s)
[0.768s] -- Generating done (0.0s)
[0.769s] -- Build files have been written to: /home/hazbiu/ros2_ws/build/iw_hub_navigation
[0.773s] Invoked command in '/home/hazbiu/ros2_ws/build/iw_hub_navigation' returned '0': CMAKE_PREFIX_PATH=${CMAKE_PREFIX_PATH}:/opt/ros/jazzy DEBUGINFOD_URLS=https://debuginfod.ubuntu.com /usr/bin/cmake /home/hazbiu/ros2_ws/src/IsaacSim-ros_workspaces/jazzy_ws/src/navigation/iw_hub_navigation -DCMAKE_INSTALL_PREFIX=/home/hazbiu/ros2_ws/install/iw_hub_navigation
[0.774s] Invoking command in '/home/hazbiu/ros2_ws/build/iw_hub_navigation': CMAKE_PREFIX_PATH=${CMAKE_PREFIX_PATH}:/opt/ros/jazzy DEBUGINFOD_URLS=https://debuginfod.ubuntu.com /usr/bin/cmake --build /home/hazbiu/ros2_ws/build/iw_hub_navigation -- -j24 -l24
[0.807s] Invoked command in '/home/hazbiu/ros2_ws/build/iw_hub_navigation' returned '0': CMAKE_PREFIX_PATH=${CMAKE_PREFIX_PATH}:/opt/ros/jazzy DEBUGINFOD_URLS=https://debuginfod.ubuntu.com /usr/bin/cmake --build /home/hazbiu/ros2_ws/build/iw_hub_navigation -- -j24 -l24
[0.808s] Invoking command in '/home/hazbiu/ros2_ws/build/iw_hub_navigation': CMAKE_PREFIX_PATH=${CMAKE_PREFIX_PATH}:/opt/ros/jazzy DEBUGINFOD_URLS=https://debuginfod.ubuntu.com /usr/bin/cmake --install /home/hazbiu/ros2_ws/build/iw_hub_navigation
[0.814s] -- Install configuration: ""
[0.814s] -- Installing: /home/hazbiu/ros2_ws/install/iw_hub_navigation/share/iw_hub_navigation/launch
[0.814s] -- Installing: /home/hazbiu/ros2_ws/install/iw_hub_navigation/share/iw_hub_navigation/launch/iw_hub_navigation_isaacsim.launch.py
[0.814s] -- Installing: /home/hazbiu/ros2_ws/install/iw_hub_navigation/share/iw_hub_navigation/launch/iw_hub_navigation.launch.py
[0.814s] -- Installing: /home/hazbiu/ros2_ws/install/iw_hub_navigation/share/iw_hub_navigation/params
[0.814s] -- Installing: /home/hazbiu/ros2_ws/install/iw_hub_navigation/share/iw_hub_navigation/params/iw_hub_navigation_params.yaml
[0.814s] -- Installing: /home/hazbiu/ros2_ws/install/iw_hub_navigation/share/iw_hub_navigation/maps
[0.814s] -- Installing: /home/hazbiu/ros2_ws/install/iw_hub_navigation/share/iw_hub_navigation/maps/iw_hub_warehouse_navigation.yaml
[0.815s] -- Installing: /home/hazbiu/ros2_ws/install/iw_hub_navigation/share/iw_hub_navigation/maps/iw_hub_warehouse_navigation.png
[0.815s] -- Installing: /home/hazbiu/ros2_ws/install/iw_hub_navigation/share/iw_hub_navigation/rviz2
[0.815s] -- Installing: /home/hazbiu/ros2_ws/install/iw_hub_navigation/share/iw_hub_navigation/rviz2/iw_hub_navigation.rviz
[0.815s] -- Installing: /home/hazbiu/ros2_ws/install/iw_hub_navigation/share/ament_index/resource_index/package_run_dependencies/iw_hub_navigation
[0.815s] -- Installing: /home/hazbiu/ros2_ws/install/iw_hub_navigation/share/ament_index/resource_index/parent_prefix_path/iw_hub_navigation
[0.815s] -- Installing: /home/hazbiu/ros2_ws/install/iw_hub_navigation/share/iw_hub_navigation/environment/ament_prefix_path.sh
[0.815s] -- Installing: /home/hazbiu/ros2_ws/install/iw_hub_navigation/share/iw_hub_navigation/environment/ament_prefix_path.dsv
[0.816s] -- Installing: /home/hazbiu/ros2_ws/install/iw_hub_navigation/share/iw_hub_navigation/environment/path.sh
[0.816s] -- Installing: /home/hazbiu/ros2_ws/install/iw_hub_navigation/share/iw_hub_navigation/environment/path.dsv
[0.816s] -- Installing: /home/hazbiu/ros2_ws/install/iw_hub_navigation/share/iw_hub_navigation/local_setup.bash
[0.816s] -- Installing: /home/hazbiu/ros2_ws/install/iw_hub_navigation/share/iw_hub_navigation/local_setup.sh
[0.816s] -- Installing: /home/hazbiu/ros2_ws/install/iw_hub_navigation/share/iw_hub_navigation/local_setup.zsh
[0.817s] -- Installing: /home/hazbiu/ros2_ws/install/iw_hub_navigation/share/iw_hub_navigation/local_setup.dsv
[0.817s] -- Installing: /home/hazbiu/ros2_ws/install/iw_hub_navigation/share/iw_hub_navigation/package.dsv
[0.817s] -- Installing: /home/hazbiu/ros2_ws/install/iw_hub_navigation/share/ament_index/resource_index/packages/iw_hub_navigation
[0.817s] -- Installing: /home/hazbiu/ros2_ws/install/iw_hub_navigation/share/iw_hub_navigation/cmake/iw_hub_navigationConfig.cmake
[0.817s] -- Installing: /home/hazbiu/ros2_ws/install/iw_hub_navigation/share/iw_hub_navigation/cmake/iw_hub_navigationConfig-version.cmake
[0.818s] -- Installing: /home/hazbiu/ros2_ws/install/iw_hub_navigation/share/iw_hub_navigation/package.xml
[0.819s] Invoked command in '/home/hazbiu/ros2_ws/build/iw_hub_navigation' returned '0': CMAKE_PREFIX_PATH=${CMAKE_PREFIX_PATH}:/opt/ros/jazzy DEBUGINFOD_URLS=https://debuginfod.ubuntu.com /usr/bin/cmake --install /home/hazbiu/ros2_ws/build/iw_hub_navigation
