[0.024s] Invoking command in '/home/hazbiu/ros2_ws/build/isaac_moveit': CMAKE_PREFIX_PATH=${CMAKE_PREFIX_PATH}:/opt/ros/jazzy DEBUGINFOD_URLS=https://debuginfod.ubuntu.com /usr/bin/cmake /home/hazbiu/ros2_ws/src/IsaacSim-ros_workspaces/jazzy_ws/src/moveit/isaac_moveit -DCMAKE_INSTALL_PREFIX=/home/hazbiu/ros2_ws/install/isaac_moveit
[0.181s] -- The C compiler identification is GNU 13.3.0
[0.181s] -- The CXX compiler identification is GNU 13.3.0
[0.181s] -- Detecting C compiler ABI info
[0.188s] -- Detecting C compiler ABI info - done
[0.194s] -- Check for working C compiler: /usr/bin/cc - skipped
[0.195s] -- Detecting C compile features
[0.195s] -- Detecting C compile features - done
[0.203s] -- Detecting CXX compiler ABI info
[0.288s] -- Detecting CXX compiler ABI info - done
[0.296s] -- Check for working CXX compiler: /usr/bin/c++ - skipped
[0.296s] -- Detecting CXX compile features
[0.296s] -- Detecting CXX compile features - done
[0.301s] -- Found ament_cmake: 2.5.5 (/opt/ros/jazzy/share/ament_cmake/cmake)
[0.430s] -- Found Python3: /usr/bin/python3 (found version "3.12.3") found components: Interpreter 
[0.539s] -- Found rclpy: 7.1.9 (/opt/ros/jazzy/share/rclpy/cmake)
[0.542s] -- Found moveit: 2.12.4 (/opt/ros/jazzy/share/moveit/cmake)
[0.617s] -- Configuring done (0.6s)
[0.619s] -- Generating done (0.0s)
[0.621s] -- Build files have been written to: /home/hazbiu/ros2_ws/build/isaac_moveit
[0.626s] Invoked command in '/home/hazbiu/ros2_ws/build/isaac_moveit' returned '0': CMAKE_PREFIX_PATH=${CMAKE_PREFIX_PATH}:/opt/ros/jazzy DEBUGINFOD_URLS=https://debuginfod.ubuntu.com /usr/bin/cmake /home/hazbiu/ros2_ws/src/IsaacSim-ros_workspaces/jazzy_ws/src/moveit/isaac_moveit -DCMAKE_INSTALL_PREFIX=/home/hazbiu/ros2_ws/install/isaac_moveit
[0.627s] Invoking command in '/home/hazbiu/ros2_ws/build/isaac_moveit': CMAKE_PREFIX_PATH=${CMAKE_PREFIX_PATH}:/opt/ros/jazzy DEBUGINFOD_URLS=https://debuginfod.ubuntu.com /usr/bin/cmake --build /home/hazbiu/ros2_ws/build/isaac_moveit -- -j24 -l24
[0.665s] Invoked command in '/home/hazbiu/ros2_ws/build/isaac_moveit' returned '0': CMAKE_PREFIX_PATH=${CMAKE_PREFIX_PATH}:/opt/ros/jazzy DEBUGINFOD_URLS=https://debuginfod.ubuntu.com /usr/bin/cmake --build /home/hazbiu/ros2_ws/build/isaac_moveit -- -j24 -l24
[0.666s] Invoking command in '/home/hazbiu/ros2_ws/build/isaac_moveit': CMAKE_PREFIX_PATH=${CMAKE_PREFIX_PATH}:/opt/ros/jazzy DEBUGINFOD_URLS=https://debuginfod.ubuntu.com /usr/bin/cmake --install /home/hazbiu/ros2_ws/build/isaac_moveit
[0.674s] -- Install configuration: ""
[0.674s] -- Installing: /home/hazbiu/ros2_ws/install/isaac_moveit/share/isaac_moveit/rviz2
[0.674s] -- Installing: /home/hazbiu/ros2_ws/install/isaac_moveit/share/isaac_moveit/rviz2/panda_moveit_config.rviz
[0.674s] -- Installing: /home/hazbiu/ros2_ws/install/isaac_moveit/share/isaac_moveit/launch
[0.674s] -- Installing: /home/hazbiu/ros2_ws/install/isaac_moveit/share/isaac_moveit/launch/isaac_moveit.launch.py
[0.675s] -- Installing: /home/hazbiu/ros2_ws/install/isaac_moveit/lib/isaac_moveit/gripper_to_isaac.py
[0.675s] -- Installing: /home/hazbiu/ros2_ws/install/isaac_moveit/share/ament_index/resource_index/package_run_dependencies/isaac_moveit
[0.675s] -- Installing: /home/hazbiu/ros2_ws/install/isaac_moveit/share/ament_index/resource_index/parent_prefix_path/isaac_moveit
[0.675s] -- Installing: /home/hazbiu/ros2_ws/install/isaac_moveit/share/isaac_moveit/environment/ament_prefix_path.sh
[0.675s] -- Installing: /home/hazbiu/ros2_ws/install/isaac_moveit/share/isaac_moveit/environment/ament_prefix_path.dsv
[0.675s] -- Installing: /home/hazbiu/ros2_ws/install/isaac_moveit/share/isaac_moveit/environment/path.sh
[0.675s] -- Installing: /home/hazbiu/ros2_ws/install/isaac_moveit/share/isaac_moveit/environment/path.dsv
[0.676s] -- Installing: /home/hazbiu/ros2_ws/install/isaac_moveit/share/isaac_moveit/local_setup.bash
[0.676s] -- Installing: /home/hazbiu/ros2_ws/install/isaac_moveit/share/isaac_moveit/local_setup.sh
[0.676s] -- Installing: /home/hazbiu/ros2_ws/install/isaac_moveit/share/isaac_moveit/local_setup.zsh
[0.676s] -- Installing: /home/hazbiu/ros2_ws/install/isaac_moveit/share/isaac_moveit/local_setup.dsv
[0.676s] -- Installing: /home/hazbiu/ros2_ws/install/isaac_moveit/share/isaac_moveit/package.dsv
[0.676s] -- Installing: /home/hazbiu/ros2_ws/install/isaac_moveit/share/ament_index/resource_index/packages/isaac_moveit
[0.678s] -- Installing: /home/hazbiu/ros2_ws/install/isaac_moveit/share/isaac_moveit/cmake/isaac_moveitConfig.cmake
[0.678s] -- Installing: /home/hazbiu/ros2_ws/install/isaac_moveit/share/isaac_moveit/cmake/isaac_moveitConfig-version.cmake
[0.678s] -- Installing: /home/hazbiu/ros2_ws/install/isaac_moveit/share/isaac_moveit/package.xml
[0.679s] Invoked command in '/home/hazbiu/ros2_ws/build/isaac_moveit' returned '0': CMAKE_PREFIX_PATH=${CMAKE_PREFIX_PATH}:/opt/ros/jazzy DEBUGINFOD_URLS=https://debuginfod.ubuntu.com /usr/bin/cmake --install /home/hazbiu/ros2_ws/build/isaac_moveit
