[0.166s] Invoking command in '/home/hazbiu/ros2_ws/build/isaacsim': CMAKE_PREFIX_PATH=${CMAKE_PREFIX_PATH}:/opt/ros/jazzy DEBUGINFOD_URLS=https://debuginfod.ubuntu.com /usr/bin/cmake /home/hazbiu/ros2_ws/src/IsaacSim-ros_workspaces/jazzy_ws/src/isaacsim -DCMAKE_INSTALL_PREFIX=/home/hazbiu/ros2_ws/install/isaacsim
[0.213s] -- The C compiler identification is GNU 13.3.0
[0.259s] -- The CXX compiler identification is GNU 13.3.0
[0.273s] -- Detecting C compiler ABI info
[0.357s] -- Detecting C compiler ABI info - done
[0.366s] -- Check for working C compiler: /usr/bin/cc - skipped
[0.366s] -- Detecting C compile features
[0.366s] -- Detecting C compile features - done
[0.374s] -- Detecting CXX compiler ABI info
[0.464s] -- Detecting CXX compiler ABI info - done
[0.473s] -- Check for working CXX compiler: /usr/bin/c++ - skipped
[0.473s] -- Detecting CXX compile features
[0.474s] -- Detecting CXX compile features - done
[0.478s] -- Found ament_cmake: 2.5.5 (/opt/ros/jazzy/share/ament_cmake/cmake)
[0.610s] -- Found Python3: /usr/bin/python3 (found version "3.12.3") found components: Interpreter 
[0.719s] -- Found rclpy: 7.1.9 (/opt/ros/jazzy/share/rclpy/cmake)
[0.783s] -- Configuring done (0.6s)
[0.785s] -- Generating done (0.0s)
[0.786s] -- Build files have been written to: /home/hazbiu/ros2_ws/build/isaacsim
[0.790s] Invoked command in '/home/hazbiu/ros2_ws/build/isaacsim' returned '0': CMAKE_PREFIX_PATH=${CMAKE_PREFIX_PATH}:/opt/ros/jazzy DEBUGINFOD_URLS=https://debuginfod.ubuntu.com /usr/bin/cmake /home/hazbiu/ros2_ws/src/IsaacSim-ros_workspaces/jazzy_ws/src/isaacsim -DCMAKE_INSTALL_PREFIX=/home/hazbiu/ros2_ws/install/isaacsim
[0.790s] Invoking command in '/home/hazbiu/ros2_ws/build/isaacsim': CMAKE_PREFIX_PATH=${CMAKE_PREFIX_PATH}:/opt/ros/jazzy DEBUGINFOD_URLS=https://debuginfod.ubuntu.com /usr/bin/cmake --build /home/hazbiu/ros2_ws/build/isaacsim -- -j24 -l24
[0.846s] Invoked command in '/home/hazbiu/ros2_ws/build/isaacsim' returned '0': CMAKE_PREFIX_PATH=${CMAKE_PREFIX_PATH}:/opt/ros/jazzy DEBUGINFOD_URLS=https://debuginfod.ubuntu.com /usr/bin/cmake --build /home/hazbiu/ros2_ws/build/isaacsim -- -j24 -l24
[0.846s] Invoking command in '/home/hazbiu/ros2_ws/build/isaacsim': CMAKE_PREFIX_PATH=${CMAKE_PREFIX_PATH}:/opt/ros/jazzy DEBUGINFOD_URLS=https://debuginfod.ubuntu.com /usr/bin/cmake --install /home/hazbiu/ros2_ws/build/isaacsim
[0.863s] -- Install configuration: ""
[0.863s] -- Installing: /home/hazbiu/ros2_ws/install/isaacsim/share/isaacsim/scripts
[0.863s] -- Installing: /home/hazbiu/ros2_ws/install/isaacsim/share/isaacsim/scripts/run_isaacsim.py
[0.863s] -- Installing: /home/hazbiu/ros2_ws/install/isaacsim/share/isaacsim/scripts/open_isaacsim_stage.py
[0.863s] -- Installing: /home/hazbiu/ros2_ws/install/isaacsim/share/isaacsim/launch
[0.863s] -- Installing: /home/hazbiu/ros2_ws/install/isaacsim/share/isaacsim/launch/run_isaacsim.launch.py
[0.863s] -- Installing: /home/hazbiu/ros2_ws/install/isaacsim/lib/isaacsim/run_isaacsim.py
[0.863s] -- Installing: /home/hazbiu/ros2_ws/install/isaacsim/lib/isaacsim/open_isaacsim_stage.py
[0.863s] -- Installing: /home/hazbiu/ros2_ws/install/isaacsim/share/ament_index/resource_index/package_run_dependencies/isaacsim
[0.863s] -- Installing: /home/hazbiu/ros2_ws/install/isaacsim/share/ament_index/resource_index/parent_prefix_path/isaacsim
[0.863s] -- Installing: /home/hazbiu/ros2_ws/install/isaacsim/share/isaacsim/environment/ament_prefix_path.sh
[0.863s] -- Installing: /home/hazbiu/ros2_ws/install/isaacsim/share/isaacsim/environment/ament_prefix_path.dsv
[0.863s] -- Installing: /home/hazbiu/ros2_ws/install/isaacsim/share/isaacsim/environment/path.sh
[0.863s] -- Installing: /home/hazbiu/ros2_ws/install/isaacsim/share/isaacsim/environment/path.dsv
[0.863s] -- Installing: /home/hazbiu/ros2_ws/install/isaacsim/share/isaacsim/local_setup.bash
[0.863s] -- Installing: /home/hazbiu/ros2_ws/install/isaacsim/share/isaacsim/local_setup.sh
[0.863s] -- Installing: /home/hazbiu/ros2_ws/install/isaacsim/share/isaacsim/local_setup.zsh
[0.863s] -- Installing: /home/hazbiu/ros2_ws/install/isaacsim/share/isaacsim/local_setup.dsv
[0.863s] -- Installing: /home/hazbiu/ros2_ws/install/isaacsim/share/isaacsim/package.dsv
[0.863s] -- Installing: /home/hazbiu/ros2_ws/install/isaacsim/share/ament_index/resource_index/packages/isaacsim
[0.864s] -- Installing: /home/hazbiu/ros2_ws/install/isaacsim/share/isaacsim/cmake/isaacsimConfig.cmake
[0.864s] -- Installing: /home/hazbiu/ros2_ws/install/isaacsim/share/isaacsim/cmake/isaacsimConfig-version.cmake
[0.864s] -- Installing: /home/hazbiu/ros2_ws/install/isaacsim/share/isaacsim/package.xml
[0.871s] Invoked command in '/home/hazbiu/ros2_ws/build/isaacsim' returned '0': CMAKE_PREFIX_PATH=${CMAKE_PREFIX_PATH}:/opt/ros/jazzy DEBUGINFOD_URLS=https://debuginfod.ubuntu.com /usr/bin/cmake --install /home/hazbiu/ros2_ws/build/isaacsim
