[0.026s] Invoking command in '/home/hazbiu/ros2_ws/build/h1_fullbody_controller': CMAKE_PREFIX_PATH=${CMAKE_PREFIX_PATH}:/opt/ros/jazzy DEBUGINFOD_URLS=https://debuginfod.ubuntu.com /usr/bin/cmake /home/hazbiu/ros2_ws/src/IsaacSim-ros_workspaces/jazzy_ws/src/humanoid_locomotion_policy_example/h1_fullbody_controller -DCMAKE_INSTALL_PREFIX=/home/hazbiu/ros2_ws/install/h1_fullbody_controller
[0.183s] -- The C compiler identification is GNU 13.3.0
[0.183s] -- The CXX compiler identification is GNU 13.3.0
[0.183s] -- Detecting C compiler ABI info
[0.193s] -- Detecting C compiler ABI info - done
[0.200s] -- Check for working C compiler: /usr/bin/cc - skipped
[0.200s] -- Detecting C compile features
[0.201s] -- Detecting C compile features - done
[0.208s] -- Detecting CXX compiler ABI info
[0.293s] -- Detecting CXX compiler ABI info - done
[0.302s] -- Check for working CXX compiler: /usr/bin/c++ - skipped
[0.302s] -- Detecting CXX compile features
[0.302s] -- Detecting CXX compile features - done
[0.306s] -- Found ament_cmake: 2.5.5 (/opt/ros/jazzy/share/ament_cmake/cmake)
[0.433s] -- Found Python3: /usr/bin/python3 (found version "3.12.3") found components: Interpreter 
[0.547s] -- Found rclpy: 7.1.9 (/opt/ros/jazzy/share/rclpy/cmake)
[0.551s] -- Found geometry_msgs: 5.3.6 (/opt/ros/jazzy/share/geometry_msgs/cmake)
[0.603s] -- Found rosidl_generator_c: 4.6.7 (/opt/ros/jazzy/share/rosidl_generator_c/cmake)
[0.620s] -- Found rosidl_generator_cpp: 4.6.7 (/opt/ros/jazzy/share/rosidl_generator_cpp/cmake)
[0.638s] -- Using all available rosidl_typesupport_c: rosidl_typesupport_fastrtps_c;rosidl_typesupport_introspection_c
[0.657s] -- Using all available rosidl_typesupport_cpp: rosidl_typesupport_fastrtps_cpp;rosidl_typesupport_introspection_cpp
[0.699s] -- Found sensor_msgs: 5.3.6 (/opt/ros/jazzy/share/sensor_msgs/cmake)
[0.792s] -- Configuring done (0.8s)
[0.795s] -- Generating done (0.0s)
[0.797s] -- Build files have been written to: /home/hazbiu/ros2_ws/build/h1_fullbody_controller
[0.804s] Invoked command in '/home/hazbiu/ros2_ws/build/h1_fullbody_controller' returned '0': CMAKE_PREFIX_PATH=${CMAKE_PREFIX_PATH}:/opt/ros/jazzy DEBUGINFOD_URLS=https://debuginfod.ubuntu.com /usr/bin/cmake /home/hazbiu/ros2_ws/src/IsaacSim-ros_workspaces/jazzy_ws/src/humanoid_locomotion_policy_example/h1_fullbody_controller -DCMAKE_INSTALL_PREFIX=/home/hazbiu/ros2_ws/install/h1_fullbody_controller
[0.804s] Invoking command in '/home/hazbiu/ros2_ws/build/h1_fullbody_controller': CMAKE_PREFIX_PATH=${CMAKE_PREFIX_PATH}:/opt/ros/jazzy DEBUGINFOD_URLS=https://debuginfod.ubuntu.com /usr/bin/cmake --build /home/hazbiu/ros2_ws/build/h1_fullbody_controller -- -j24 -l24
[0.857s] Invoked command in '/home/hazbiu/ros2_ws/build/h1_fullbody_controller' returned '0': CMAKE_PREFIX_PATH=${CMAKE_PREFIX_PATH}:/opt/ros/jazzy DEBUGINFOD_URLS=https://debuginfod.ubuntu.com /usr/bin/cmake --build /home/hazbiu/ros2_ws/build/h1_fullbody_controller -- -j24 -l24
[0.858s] Invoking command in '/home/hazbiu/ros2_ws/build/h1_fullbody_controller': CMAKE_PREFIX_PATH=${CMAKE_PREFIX_PATH}:/opt/ros/jazzy DEBUGINFOD_URLS=https://debuginfod.ubuntu.com /usr/bin/cmake --install /home/hazbiu/ros2_ws/build/h1_fullbody_controller
[0.874s] -- Install configuration: ""
[0.874s] -- Installing: /home/hazbiu/ros2_ws/install/h1_fullbody_controller/share/h1_fullbody_controller/scripts
[0.874s] -- Installing: /home/hazbiu/ros2_ws/install/h1_fullbody_controller/share/h1_fullbody_controller/scripts/h1_fullbody_controller.py
[0.874s] -- Installing: /home/hazbiu/ros2_ws/install/h1_fullbody_controller/share/h1_fullbody_controller/scripts/__init__.py
[0.874s] -- Installing: /home/hazbiu/ros2_ws/install/h1_fullbody_controller/share/h1_fullbody_controller/launch
[0.874s] -- Installing: /home/hazbiu/ros2_ws/install/h1_fullbody_controller/share/h1_fullbody_controller/launch/h1_fullbody_controller.launch.py
[0.874s] -- Installing: /home/hazbiu/ros2_ws/install/h1_fullbody_controller/share/h1_fullbody_controller/policy
[0.874s] -- Installing: /home/hazbiu/ros2_ws/install/h1_fullbody_controller/share/h1_fullbody_controller/policy/h1_env.yaml
[0.874s] -- Installing: /home/hazbiu/ros2_ws/install/h1_fullbody_controller/share/h1_fullbody_controller/policy/h1_policy.pt
[0.874s] -- Installing: /home/hazbiu/ros2_ws/install/h1_fullbody_controller/lib/h1_fullbody_controller/h1_fullbody_controller.py
[0.875s] -- Installing: /home/hazbiu/ros2_ws/install/h1_fullbody_controller/share/ament_index/resource_index/package_run_dependencies/h1_fullbody_controller
[0.875s] -- Installing: /home/hazbiu/ros2_ws/install/h1_fullbody_controller/share/ament_index/resource_index/parent_prefix_path/h1_fullbody_controller
[0.875s] -- Installing: /home/hazbiu/ros2_ws/install/h1_fullbody_controller/share/h1_fullbody_controller/environment/ament_prefix_path.sh
[0.875s] -- Installing: /home/hazbiu/ros2_ws/install/h1_fullbody_controller/share/h1_fullbody_controller/environment/ament_prefix_path.dsv
[0.875s] -- Installing: /home/hazbiu/ros2_ws/install/h1_fullbody_controller/share/h1_fullbody_controller/environment/path.sh
[0.875s] -- Installing: /home/hazbiu/ros2_ws/install/h1_fullbody_controller/share/h1_fullbody_controller/environment/path.dsv
[0.875s] -- Installing: /home/hazbiu/ros2_ws/install/h1_fullbody_controller/share/h1_fullbody_controller/local_setup.bash
[0.875s] -- Installing: /home/hazbiu/ros2_ws/install/h1_fullbody_controller/share/h1_fullbody_controller/local_setup.sh
[0.875s] -- Installing: /home/hazbiu/ros2_ws/install/h1_fullbody_controller/share/h1_fullbody_controller/local_setup.zsh
[0.875s] -- Installing: /home/hazbiu/ros2_ws/install/h1_fullbody_controller/share/h1_fullbody_controller/local_setup.dsv
[0.875s] -- Installing: /home/hazbiu/ros2_ws/install/h1_fullbody_controller/share/h1_fullbody_controller/package.dsv
[0.875s] -- Installing: /home/hazbiu/ros2_ws/install/h1_fullbody_controller/share/ament_index/resource_index/packages/h1_fullbody_controller
[0.875s] -- Installing: /home/hazbiu/ros2_ws/install/h1_fullbody_controller/share/h1_fullbody_controller/cmake/h1_fullbody_controllerConfig.cmake
[0.875s] -- Installing: /home/hazbiu/ros2_ws/install/h1_fullbody_controller/share/h1_fullbody_controller/cmake/h1_fullbody_controllerConfig-version.cmake
[0.875s] -- Installing: /home/hazbiu/ros2_ws/install/h1_fullbody_controller/share/h1_fullbody_controller/package.xml
[0.876s] Invoked command in '/home/hazbiu/ros2_ws/build/h1_fullbody_controller' returned '0': CMAKE_PREFIX_PATH=${CMAKE_PREFIX_PATH}:/opt/ros/jazzy DEBUGINFOD_URLS=https://debuginfod.ubuntu.com /usr/bin/cmake --install /home/hazbiu/ros2_ws/build/h1_fullbody_controller
